Component: ARM Compiler 6.16 Tool: armlink [5dfeaa00]

==============================================================================

Section Cross References

    startup_stm32f429xx.o(STACK) refers (Special) to heapauxi.o(.text) for __use_two_region_memory
    startup_stm32f429xx.o(HEAP) refers (Special) to heapauxi.o(.text) for __use_two_region_memory
    startup_stm32f429xx.o(RESET) refers (Special) to heapauxi.o(.text) for __use_two_region_memory
    startup_stm32f429xx.o(RESET) refers to startup_stm32f429xx.o(STACK) for __initial_sp
    startup_stm32f429xx.o(RESET) refers to startup_stm32f429xx.o(.text) for Reset_Handler
    startup_stm32f429xx.o(RESET) refers to stm32f4xx_it.o(.text.HardFault_Handler) for HardFault_Handler
    startup_stm32f429xx.o(RESET) refers to stm32f4xx_it.o(.text.SysTick_Handler) for SysTick_Handler
    startup_stm32f429xx.o(RESET) refers to stm32f4xx_it.o(.text.DMA1_Stream0_IRQHandler) for DMA1_Stream0_IRQHandler
    startup_stm32f429xx.o(RESET) refers to stm32f4xx_it.o(.text.DMA1_Stream1_IRQHandler) for DMA1_Stream1_IRQHandler
    startup_stm32f429xx.o(RESET) refers to stm32f4xx_it.o(.text.DMA1_Stream2_IRQHandler) for DMA1_Stream2_IRQHandler
    startup_stm32f429xx.o(RESET) refers to stm32f4xx_it.o(.text.DMA1_Stream4_IRQHandler) for DMA1_Stream4_IRQHandler
    startup_stm32f429xx.o(RESET) refers to stm32f4xx_it.o(.text.DMA1_Stream6_IRQHandler) for DMA1_Stream6_IRQHandler
    startup_stm32f429xx.o(RESET) refers to stm32f4xx_it.o(.text.USART3_IRQHandler) for USART3_IRQHandler
    startup_stm32f429xx.o(RESET) refers to stm32f4xx_it.o(.text.TIM7_IRQHandler) for TIM7_IRQHandler
    startup_stm32f429xx.o(RESET) refers to stm32f4xx_it.o(.text.DMA2_Stream1_IRQHandler) for DMA2_Stream1_IRQHandler
    startup_stm32f429xx.o(RESET) refers to stm32f4xx_it.o(.text.DMA2_Stream5_IRQHandler) for DMA2_Stream5_IRQHandler
    startup_stm32f429xx.o(RESET) refers to stm32f4xx_it.o(.text.DCMI_IRQHandler) for DCMI_IRQHandler
    startup_stm32f429xx.o(.text) refers (Special) to heapauxi.o(.text) for __use_two_region_memory
    startup_stm32f429xx.o(.text) refers to system_stm32f4xx.o(.text.SystemInit) for SystemInit
    startup_stm32f429xx.o(.text) refers to __main.o(!!!main) for __main
    startup_stm32f429xx.o(.text) refers to startup_stm32f429xx.o(HEAP) for Heap_Mem
    startup_stm32f429xx.o(.text) refers to startup_stm32f429xx.o(STACK) for Stack_Mem
    main.o(.text.main) refers to stm32f4xx_hal.o(.text.HAL_Init) for HAL_Init
    main.o(.text.main) refers to main.o(.text.SystemClock_Config) for SystemClock_Config
    main.o(.text.main) refers to gpio.o(.text.MX_GPIO_Init) for MX_GPIO_Init
    main.o(.text.main) refers to dma.o(.text.MX_DMA_Init) for MX_DMA_Init
    main.o(.text.main) refers to crc.o(.text.MX_CRC_Init) for MX_CRC_Init
    main.o(.text.main) refers to tim.o(.text.MX_TIM1_Init) for MX_TIM1_Init
    main.o(.text.main) refers to tim.o(.text.MX_TIM2_Init) for MX_TIM2_Init
    main.o(.text.main) refers to tim.o(.text.MX_TIM3_Init) for MX_TIM3_Init
    main.o(.text.main) refers to tim.o(.text.MX_TIM4_Init) for MX_TIM4_Init
    main.o(.text.main) refers to tim.o(.text.MX_TIM5_Init) for MX_TIM5_Init
    main.o(.text.main) refers to tim.o(.text.MX_TIM9_Init) for MX_TIM9_Init
    main.o(.text.main) refers to usart.o(.text.MX_UART8_Init) for MX_UART8_Init
    main.o(.text.main) refers to usart.o(.text.MX_USART3_UART_Init) for MX_USART3_UART_Init
    main.o(.text.main) refers to usart.o(.text.MX_UART4_Init) for MX_UART4_Init
    main.o(.text.main) refers to dcmi.o(.text.MX_DCMI_Init) for MX_DCMI_Init
    main.o(.text.main) refers to i2c.o(.text.MX_I2C1_Init) for MX_I2C1_Init
    main.o(.text.main) refers to spi.o(.text.MX_SPI4_Init) for MX_SPI4_Init
    main.o(.text.main) refers to tim.o(.text.MX_TIM8_Init) for MX_TIM8_Init
    main.o(.text.main) refers to adc.o(.text.MX_ADC1_Init) for MX_ADC1_Init
    main.o(.text.main) refers to tim.o(.text.MX_TIM7_Init) for MX_TIM7_Init
    main.o(.text.main) refers to terminal.o(.text.TerminalInit) for TerminalInit
    main.o(.text.main) refers to terminal.o(.text.TerminalHandler) for TerminalHandler
    main.o(.ARM.exidx.text.main) refers to main.o(.text.main) for [Anonymous Symbol]
    main.o(.text.SystemClock_Config) refers to rt_memclr_w.o(.text) for __aeabi_memclr4
    main.o(.text.SystemClock_Config) refers to stm32f4xx_hal_rcc.o(.text.HAL_RCC_OscConfig) for HAL_RCC_OscConfig
    main.o(.text.SystemClock_Config) refers to main.o(.text.Error_Handler) for Error_Handler
    main.o(.text.SystemClock_Config) refers to stm32f4xx_hal_rcc.o(.text.HAL_RCC_ClockConfig) for HAL_RCC_ClockConfig
    main.o(.ARM.exidx.text.SystemClock_Config) refers to main.o(.text.SystemClock_Config) for [Anonymous Symbol]
    main.o(.ARM.exidx.text.Error_Handler) refers to main.o(.text.Error_Handler) for [Anonymous Symbol]
    gpio.o(.text.MX_GPIO_Init) refers to stm32f4xx_hal_gpio.o(.text.HAL_GPIO_WritePin) for HAL_GPIO_WritePin
[...]
    hdma_uart4_rx                            0x20011050   Data          96  usart.o(.bss.hdma_uart4_rx)
    hdma_uart4_tx                            0x200110b0   Data          96  usart.o(.bss.hdma_uart4_tx)
    hdma_uart8_rx                            0x20011110   Data          96  usart.o(.bss.hdma_uart8_rx)
    hdma_uart8_tx                            0x20011170   Data          96  usart.o(.bss.hdma_uart8_tx)
    hdma_usart3_rx                           0x200111d0   Data          96  usart.o(.bss.hdma_usart3_rx)
    hi2c1                                    0x20011230   Data          84  i2c.o(.bss.hi2c1)
    hspi4                                    0x20011284   Data          88  spi.o(.bss.hspi4)
    htim1                                    0x200112dc   Data          72  tim.o(.bss.htim1)
    htim2                                    0x20011324   Data          72  tim.o(.bss.htim2)
    htim3                                    0x2001136c   Data          72  tim.o(.bss.htim3)
    htim4                                    0x200113b4   Data          72  tim.o(.bss.htim4)
    htim5                                    0x200113fc   Data          72  tim.o(.bss.htim5)
    htim7                                    0x20011444   Data          72  tim.o(.bss.htim7)
    htim8                                    0x2001148c   Data          72  tim.o(.bss.htim8)
    htim9                                    0x200114d4   Data          72  tim.o(.bss.htim9)
    huart3                                   0x2001151c   Data          68  usart.o(.bss.huart3)
    huart4                                   0x20011560   Data          68  usart.o(.bss.huart4)
    huart8                                   0x200115a4   Data          68  usart.o(.bss.huart8)
    uwTick                                   0x200121e8   Data           4  stm32f4xx_hal.o(.bss.uwTick)



==============================================================================

Memory Map of the image

  Image Entry point : 0x080001ad

  Load Region LR_IROM1 (Base: 0x08000000, Size: 0x0000fc58, Max: 0x00200000, ABSOLUTE, COMPRESSED[0x0000faf0])

    Execution Region ER_IROM1 (Exec base: 0x08000000, Load base: 0x08000000, Size: 0x0000f9e0, Max: 0x00200000, ABSOLUTE)

    Exec Addr    Load Addr    Size         Type   Attr      Idx    E Section Name        Object

    0x08000000   0x08000000   0x000001ac   Data   RO            3    RESET               startup_stm32f429xx.o
    0x080001ac   0x080001ac   0x00000008   Code   RO         2859  * !!!main             c_w.l(__main.o)
    0x080001b4   0x080001b4   0x00000034   Code   RO         3081    !!!scatter          c_w.l(__scatter.o)
    0x080001e8   0x080001e8   0x0000005a   Code   RO         3079    !!dczerorl2         c_w.l(__dczerorl2.o)
    0x08000242   0x08000242   0x00000002   PAD
    0x08000244   0x08000244   0x0000001c   Code   RO         3083    !!handler_zi        c_w.l(__scatter_zi.o)
    0x08000260   0x08000260   0x00000002   Code   RO         2943    .ARM.Collect$$libinit$$00000000  c_w.l(libinit.o)
    0x08000262   0x08000262   0x00000004   Code   RO         2955    .ARM.Collect$$libinit$$00000001  c_w.l(libinit2.o)
    0x08000266   0x08000266   0x00000000   Code   RO         2958    .ARM.Collect$$libinit$$00000004  c_w.l(libinit2.o)
    0x08000266   0x08000266   0x00000000   Code   RO         2961    .ARM.Collect$$libinit$$0000000A  c_w.l(libinit2.o)
    0x08000266   0x08000266   0x00000000   Code   RO         2963    .ARM.Collect$$libinit$$0000000C  c_w.l(libinit2.o)
    0x08000266   0x08000266   0x00000000   Code   RO         2965    .ARM.Collect$$libinit$$0000000E  c_w.l(libinit2.o)
    0x08000266   0x08000266   0x00000000   Code   RO         2968    .ARM.Collect$$libinit$$00000011  c_w.l(libinit2.o)
    0x08000266   0x08000266   0x00000000   Code   RO         2970    .ARM.Collect$$libinit$$00000013  c_w.l(libinit2.o)
    0x08000266   0x08000266   0x00000000   Code   RO         2972    .ARM.Collect$$libinit$$00000015  c_w.l(libinit2.o)
    0x08000266   0x08000266   0x00000000   Code   RO         2974    .ARM.Collect$$libinit$$00000017  c_w.l(libinit2.o)
    0x08000266   0x08000266   0x00000000   Code   RO         2976    .ARM.Collect$$libinit$$00000019  c_w.l(libinit2.o)
    0x08000266   0x08000266   0x00000000   Code   RO         2978    .ARM.Collect$$libinit$$0000001B  c_w.l(libinit2.o)
    0x08000266   0x08000266   0x00000000   Code   RO         2980    .ARM.Collect$$libinit$$0000001D  c_w.l(libinit2.o)
    0x08000266   0x08000266   0x00000000   Code   RO         2982    .ARM.Collect$$libinit$$0000001F  c_w.l(libinit2.o)
    0x08000266   0x08000266   0x00000000   Code   RO         2984    .ARM.Collect$$libinit$$00000021  c_w.l(libinit2.o)
    0x08000266   0x08000266   0x00000000   Code   RO         2986    .ARM.Collect$$libinit$$00000023  c_w.l(libinit2.o)
    0x08000266   0x08000266   0x00000000   Code   RO         2988    .ARM.Collect$$libinit$$00000025  c_w.l(libinit2.o)
    0x08000266   0x08000266   0x00000000   Code   RO         2992    .ARM.Collect$$libinit$$0000002C  c_w.l(libinit2.o)
    0x08000266   0x08000266   0x00000000   Code   RO         2994    .ARM.Collect$$libinit$$0000002E  c_w.l(libinit2.o)
    0x08000266   0x08000266   0x00000000   Code   RO         2996    .ARM.Collect$$libinit$$00000030  c_w.l(libinit2.o)
    0x08000266   0x08000266   0x00000000   Code   RO         2998    .ARM.Collect$$libinit$$00000032  c_w.l(libinit2.o)
    0x08000266   0x08000266   0x00000002   Code   RO         2999    .ARM.Collect$$libinit$$00000033  c_w.l(libinit2.o)
    0x08000268   0x08000268   0x00000002   Code   RO         3034    .ARM.Collect$$libshutdown$$00000000  c_w.l(libshutdown.o)
    0x0800026a   0x0800026a   0x00000000   Code   RO         3062    .ARM.Collect$$libshutdown$$00000002  c_w.l(libshutdown2.o)
    0x0800026a   0x0800026a   0x00000000   Code   RO         3064    .ARM.Collect$$libshutdown$$00000004  c_w.l(libshutdown2.o)
    0x0800026a   0x0800026a   0x00000000   Code   RO         3067    .ARM.Collect$$libshutdown$$00000007  c_w.l(libshutdown2.o)
    0x0800026a   0x0800026a   0x00000000   Code   RO         3070    .ARM.Collect$$libshutdown$$0000000A  c_w.l(libshutdown2.o)
    0x0800026a   0x0800026a   0x00000000   Code   RO         3072    .ARM.Collect$$libshutdown$$0000000C  c_w.l(libshutdown2.o)
    0x0800026a   0x0800026a   0x00000000   Code   RO         3075    .ARM.Collect$$libshutdown$$0000000F  c_w.l(libshutdown2.o)
    0x0800026a   0x0800026a   0x00000002   Code   RO         3076    .ARM.Collect$$libshutdown$$00000010  c_w.l(libshutdown2.o)
    0x0800026c   0x0800026c   0x00000000   Code   RO         2889    .ARM.Collect$$rtentry$$00000000  c_w.l(__rtentry.o)
    0x0800026c   0x0800026c   0x00000000   Code   RO         2912    .ARM.Collect$$rtentry$$00000002  c_w.l(__rtentry2.o)
    0x0800026c   0x0800026c   0x00000006   Code   RO         2924    .ARM.Collect$$rtentry$$00000004  c_w.l(__rtentry4.o)
    0x08000272   0x08000272   0x00000000   Code   RO         2914    .ARM.Collect$$rtentry$$00000009  c_w.l(__rtentry2.o)
    0x08000272   0x08000272   0x00000004   Code   RO         2915    .ARM.Collect$$rtentry$$0000000A  c_w.l(__rtentry2.o)
    0x08000276   0x08000276   0x00000000   Code   RO         2917    .ARM.Collect$$rtentry$$0000000C  c_w.l(__rtentry2.o)
    0x08000276   0x08000276   0x00000008   Code   RO         2918    .ARM.Collect$$rtentry$$0000000D  c_w.l(__rtentry2.o)
    0x0800027e   0x0800027e   0x00000002   Code   RO         2947    .ARM.Collect$$rtexit$$00000000  c_w.l(rtexit.o)
    0x08000280   0x08000280   0x00000000   Code   RO         3005    .ARM.Collect$$rtexit$$00000002  c_w.l(rtexit2.o)
    0x08000280   0x08000280   0x00000004   Code   RO         3006    .ARM.Collect$$rtexit$$00000003  c_w.l(rtexit2.o)
    0x08000284   0x08000284   0x00000006   Code   RO         3007    .ARM.Collect$$rtexit$$00000004  c_w.l(rtexit2.o)
    0x0800028a   0x0800028a   0x00000002   PAD
    0x0800028c   0x0800028c   0x00000040   Code   RO            4    .text               startup_stm32f429xx.o
    0x080002cc   0x080002cc   0x000000f0   Code   RO         2847    .text               c_w.l(lludivv7m.o)
    0x080003bc   0x080003bc   0x00000058   Code   RO         2849    .text               c_w.l(memcmp.o)
    0x08000414   0x08000414   0x0000003e   Code   RO         2851    .text               c_w.l(strlen.o)
    0x08000452   0x08000452   0x0000008a   Code   RO         2853    .text               c_w.l(rt_memcpy_v6.o)
    0x080004dc   0x080004dc   0x0000004e   Code   RO         2855    .text               c_w.l(rt_memclr_w.o)
    0x0800052a   0x0800052a   0x00000006   Code   RO         2857    .text               c_w.l(heapauxi.o)
    0x08000530   0x08000530   0x00000064   Code   RO         2894    .text               c_w.l(rt_memcpy_w.o)
    0x08000594   0x08000594   0x0000004a   Code   RO         2930    .text               c_w.l(sys_stackheap_outer.o)
    0x080005de   0x080005de   0x00000012   Code   RO         2932    .text               c_w.l(exit.o)
    0x080005f0   0x080005f0   0x00000008   Code   RO         2944    .text               c_w.l(libspace.o)
    0x080005f8   0x080005f8   0x0000000c   Code   RO         3000    .text               c_w.l(sys_exit.o)
    0x08000604   0x08000604   0x00000002   Code   RO         3023    .text               c_w.l(use_no_semi.o)
    0x08000606   0x08000606   0x00000000   Code   RO         3025    .text               c_w.l(indicate_semi.o)
    0x08000606   0x08000606   0x00000002   PAD
    0x08000608   0x08000608   0x0000018a   Code   RO          226    .text.ADC_Init      stm32f4xx_hal_adc.o
    0x08000792   0x08000792   0x00000002   PAD
    0x08000794   0x08000794   0x0000004e   Code   RO         2680    .text.BrewGroupComponentInit  brewgroup_component.o
    0x080007e2   0x080007e2   0x00000002   PAD
    0x080007e4   0x080007e4   0x0000007c   Code   RO         2770    .text.BrewGroupDCMotorAdapterInit  brewgroup_dcmotoradapter.o
    0x08000860   0x08000860   0x00000050   Code   RO         2700    .text.BrewGroupInit  brewgroup.o
    0x080008b0   0x080008b0   0x0000007c   Code   RO         2790    .text.BrewGroupTermostatAdapterInit  brewgroup_thermostatadapter.o
    0x0800092c   0x0800092c   0x0000007c   Code   RO         2810    .text.BrewGroupWaterPumpAdapterInit  brewgroup_waterpumpadapter.o
    0x080009a8   0x080009a8   0x000001c4   Code   RO         2504    .text.CalibrationHandler  carousel_dcmotoradapter.o
    0x08000b6c   0x08000b6c   0x0000001a   Code   RO         2101    .text.CameraGetSnapshot  camera.o
    0x08000b86   0x08000b86   0x00000002   PAD
    0x08000b88   0x08000b88   0x0000001a   Code   RO         2099    .text.CameraHandler  camera.o
    0x08000ba2   0x08000ba2   0x00000002   PAD
    0x08000ba4   0x08000ba4   0x0000004e   Code   RO         2125    .text.CameraInit    camera.o
    0x08000bf2   0x08000bf2   0x00000002   PAD
    0x08000bf4   0x08000bf4   0x000000b2   Code   RO         2172    .text.CameraOV2640AdapterInit  camera_ov2640_adapter.o
    0x08000ca6   0x08000ca6   0x00000002   PAD
    0x08000ca8   0x08000ca8   0x00000088   Code   RO         2139    .text.CameraOV2640ComponentInit  camera_ov2640_component.o
    0x08000d30   0x08000d30   0x00000038   Code   RO         2109    .text.CameraSetBrightness  camera.o
    0x08000d68   0x08000d68   0x00000022   Code   RO         2103    .text.CameraSetConfiguration  camera.o
    0x08000d8a   0x08000d8a   0x00000002   PAD
    0x08000d8c   0x08000d8c   0x00000038   Code   RO         2107    .text.CameraSetContrast  camera.o
    0x08000dc4   0x08000dc4   0x00000038   Code   RO         2111    .text.CameraSetGain  camera.o
    0x08000dfc   0x08000dfc   0x00000038   Code   RO         2113    .text.CameraSetLightMode  camera.o
    0x08000e34   0x08000e34   0x0000003a   Code   RO         2105    .text.CameraSetOptions  camera.o
    0x08000e6e   0x08000e6e   0x00000002   PAD
    0x08000e70   0x08000e70   0x00000038   Code   RO         2115    .text.CameraSetOutputFormat  camera.o
    0x08000ea8   0x08000ea8   0x00000038   Code   RO         2117    .text.CameraSetQuantization  camera.o
    0x08000ee0   0x08000ee0   0x00000038   Code   RO         2119    .text.CameraSetResolution  camera.o
    0x08000f18   0x08000f18   0x00000038   Code   RO         2121    .text.CameraSetSaturation  camera.o
    0x08000f50   0x08000f50   0x00000038   Code   RO         2123    .text.CameraSetSpecialEffect  camera.o
    0x08000f88   0x08000f88   0x0000001e   Code   RO         2225    .text.CameraTransactionGetOptions  camera_transactions.o
    0x08000fa6   0x08000fa6   0x00000002   PAD
    0x08000fa8   0x08000fa8   0x0000004e   Code   RO         2223    .text.CameraTransactionGetSnapshotJPEG  camera_transactions.o
    0x08000ff6   0x08000ff6   0x00000002   PAD
    0x08000ff8   0x08000ff8   0x00000008   Code   RO         2221    .text.CameraTransactionGetSnapshotRGB565  camera_transactions.o
    0x08001000   0x08001000   0x0000001e   Code   RO         2249    .text.CameraTransactionGetStatus  camera_transactions.o
    0x0800101e   0x0800101e   0x00000002   PAD
    0x08001020   0x08001020   0x0000003e   Code   RO         2237    .text.CameraTransactionSetBrightness  camera_transactions.o
    0x0800105e   0x0800105e   0x00000002   PAD
    0x08001060   0x08001060   0x00000034   Code   RO         2247    .text.CameraTransactionSetConfiguration  camera_transactions.o
    0x08001094   0x08001094   0x0000003e   Code   RO         2235    .text.CameraTransactionSetContrast  camera_transactions.o
    0x080010d2   0x080010d2   0x00000002   PAD
    0x080010d4   0x080010d4   0x0000003c   Code   RO         2245    .text.CameraTransactionSetGain  camera_transactions.o
    0x08001110   0x08001110   0x0000003c   Code   RO         2239    .text.CameraTransactionSetLightMode  camera_transactions.o
    0x0800114c   0x0800114c   0x0000003a   Code   RO         2227    .text.CameraTransactionSetOptions  camera_transactions.o
    0x08001186   0x08001186   0x00000002   PAD
    0x08001188   0x08001188   0x0000003c   Code   RO         2229    .text.CameraTransactionSetOutputFormat  camera_transactions.o
    0x080011c4   0x080011c4   0x0000003c   Code   RO         2243    .text.CameraTransactionSetQuantization  camera_transactions.o
    0x08001200   0x08001200   0x0000003c   Code   RO         2231    .text.CameraTransactionSetResolution  camera_transactions.o
    0x0800123c   0x0800123c   0x0000003e   Code   RO         2233    .text.CameraTransactionSetSaturation  camera_transactions.o
    0x0800127a   0x0800127a   0x00000002   PAD
    0x0800127c   0x0800127c   0x0000003c   Code   RO         2241    .text.CameraTransactionSetSpecialEffect  camera_transactions.o
    0x080012b8   0x080012b8   0x00000076   Code   RO         2454    .text.CarouselCalibrateAsync  carousel.o
    0x0800132e   0x0800132e   0x00000002   PAD
    0x08001330   0x08001330   0x00000032   Code   RO         2422    .text.CarouselComponentInit  carousel_component.o
    0x08001362   0x08001362   0x00000002   PAD
    0x08001364   0x08001364   0x000000e4   Code   RO         2490    .text.CarouselDCMotorAdapterInit  carousel_dcmotoradapter.o
    0x08001448   0x08001448   0x00000024   Code   RO         2440    .text.CarouselDeclareAdapterRequest  carousel.o
    0x0800146c   0x0800146c   0x0000001a   Code   RO         2436    .text.CarouselGetAdapterValue  carousel.o
    0x08001486   0x08001486   0x00000002   PAD
    0x08001488   0x08001488   0x00000012   Code   RO         2444    .text.CarouselHandler  carousel.o
    0x0800149a   0x0800149a   0x00000002   PAD
    0x0800149c   0x0800149c   0x0000008c   Code   RO         2460    .text.CarouselInit  carousel.o
    0x08001528   0x08001528   0x00000038   Code   RO         2452    .text.CarouselResetPosition  carousel.o
    0x08001560   0x08001560   0x00000036   Code   RO         2450    .text.CarouselSetColibration  carousel.o
    0x08001596   0x08001596   0x00000002   PAD
    0x08001598   0x08001598   0x00000070   Code   RO         2446    .text.CarouselSetOptions  carousel.o
    0x08001608   0x08001608   0x00000248   Code   RO         2456    .text.CarouselSetPod  carousel.o
    0x08001850   0x08001850   0x0000001c   Code   RO         2448    .text.CarouselSetPosition  carousel.o
    0x0800186c   0x0800186c   0x0000001e   Code   RO         2458    .text.CarouselStop  carousel.o
    0x0800188a   0x0800188a   0x00000002   PAD
    0x0800188c   0x0800188c   0x0000009a   Code   RO         2638    .text.Close         slider_dcmotoradapter.o
    0x08001926   0x08001926   0x00000002   PAD
    0x08001928   0x08001928   0x00000058   Code   RO         2302    .text.CupDrawManagerSetTemplate  cupscontroller_drawmanager.o
    0x08001980   0x08001980   0x000000e6   Code   RO         2306    .text.CupDrawingHandler  cupscontroller_drawmanager.o
    0x08001a66   0x08001a66   0x00000002   PAD
    0x08001a68   0x08001a68   0x000001b0   Code   RO         2260    .text.CupsControllerComponentInit  cupscontroller_component.o
    0x08001c18   0x08001c18   0x0000007a   Code   RO         2281    .text.CupsControllerDraw  cupscontroller.o
    0x08001c92   0x08001c92   0x00000002   PAD
    0x08001c94   0x08001c94   0x0000009e   Code   RO         2304    .text.CupsControllerDrawManagerInit  cupscontroller_drawmanager.o
    0x08001d32   0x08001d32   0x00000002   PAD
    0x08001d34   0x08001d34   0x0000001a   Code   RO         2279    .text.CupsControllerHandler  cupscontroller.o
    0x08001d4e   0x08001d4e   0x00000002   PAD
    0x08001d50   0x08001d50   0x00000092   Code   RO         2291    .text.CupsControllerInit  cupscontroller.o
    0x08001de2   0x08001de2   0x00000002   PAD
    0x08001de4   0x08001de4   0x000000ee   Code   RO         2379    .text.CupsControllerLEDAdapterInit  cupscontroller_ledadapter.o
    0x08001ed2   0x08001ed2   0x00000002   PAD
    0x08001ed4   0x08001ed4   0x000000a8   Code   RO         2285    .text.CupsControllerSetColor  cupscontroller.o
    0x08001f7c   0x08001f7c   0x0000009c   Code   RO         2283    .text.CupsControllerUpdateLayout  cupscontroller.o
    0x08002018   0x08002018   0x0000002c   Code   RO          814    .text.DCMI_DMAError  stm32f4xx_hal_dcmi.o
    0x08002044   0x08002044   0x00000120   Code   RO          812    .text.DCMI_DMAXferCplt  stm32f4xx_hal_dcmi.o
    0x08002164   0x08002164   0x00000010   Code   RO          205    .text.DCMI_IRQHandler  stm32f4xx_it.o
    0x08002174   0x08002174   0x00000010   Code   RO          187    .text.DMA1_Stream0_IRQHandler  stm32f4xx_it.o
    0x08002184   0x08002184   0x00000010   Code   RO          189    .text.DMA1_Stream1_IRQHandler  stm32f4xx_it.o
    0x08002194   0x08002194   0x00000010   Code   RO          191    .text.DMA1_Stream2_IRQHandler  stm32f4xx_it.o
    0x080021a4   0x080021a4   0x00000010   Code   RO          193    .text.DMA1_Stream4_IRQHandler  stm32f4xx_it.o
    0x080021b4   0x080021b4   0x00000010   Code   RO          195    .text.DMA1_Stream6_IRQHandler  stm32f4xx_it.o
    0x080021c4   0x080021c4   0x00000010   Code   RO          201    .text.DMA2_Stream1_IRQHandler  stm32f4xx_it.o
    0x080021d4   0x080021d4   0x00000010   Code   RO          203    .text.DMA2_Stream5_IRQHandler  stm32f4xx_it.o
    0x080021e4   0x080021e4   0x00000056   Code   RO          517    .text.DMA_CalcBaseAndBitshift  stm32f4xx_hal_dma.o
    0x0800223a   0x0800223a   0x00000002   PAD
    0x0800223c   0x0800223c   0x000000f0   Code   RO          515    .text.DMA_CheckFifoParam  stm32f4xx_hal_dma.o
    0x0800232c   0x0800232c   0x00000044   Code   RO          500    .text.DMA_MultiBufferSetConfig  stm32f4xx_hal_dma_ex.o
    0x08002370   0x08002370   0x00000050   Code   RO          523    .text.DMA_SetConfig  stm32f4xx_hal_dma.o
    0x080023c0   0x080023c0   0x0000000e   Code   RO           15    .text.Error_Handler  main.o
    0x080023ce   0x080023ce   0x00000002   PAD
    0x080023d0   0x080023d0   0x00000012   Code   RO         1919    .text.EventListener  ws2812_drawmanagerbase.o
    0x080023e2   0x080023e2   0x00000002   PAD
    0x080023e4   0x080023e4   0x00000048   Code   RO         2033    .text.EventListener  serialport_uart_component.o
    0x0800242c   0x0800242c   0x00000012   Code   RO         2062    .text.EventListener  serialport_uart_rxadapter.o
    0x0800243e   0x0800243e   0x00000002   PAD
    0x08002440   0x08002440   0x0000006e   Code   RO         2083    .text.EventListener  serialport_uart_txadapter.o
    0x080024ae   0x080024ae   0x00000002   PAD
    0x080024b0   0x080024b0   0x0000002e   Code   RO         2135    .text.EventListener  camera_ov2640_component.o
    0x080024de   0x080024de   0x00000002   PAD
    0x080024e0   0x080024e0   0x00000024   Code   RO         2196    .text.EventListener  camera_ov2640_adapterinterface.o
    0x08002504   0x08002504   0x00000010   Code   RO         2262    .text.EventListener  cupscontroller_component.o
    0x08002514   0x08002514   0x00000012   Code   RO         2383    .text.EventListener  cupscontroller_ledadapter.o
    0x08002526   0x08002526   0x00000002   PAD
    0x08002528   0x08002528   0x00000010   Code   RO         2424    .text.EventListener  carousel_component.o
    0x08002538   0x08002538   0x00000012   Code   RO         2494    .text.EventListener  carousel_dcmotoradapter.o
    0x0800254a   0x0800254a   0x00000002   PAD
    0x0800254c   0x0800254c   0x000000b6   Code   RO         2564    .text.EventListener  slider_component.o
    0x08002602   0x08002602   0x00000002   PAD
    0x08002604   0x08002604   0x00000018   Code   RO         2628    .text.EventListener  slider_dcmotoradapter.o
    0x0800261c   0x0800261c   0x00000010   Code   RO         2682    .text.EventListener  brewgroup_component.o
    0x0800262c   0x0800262c   0x00000012   Code   RO         2774    .text.EventListener  brewgroup_dcmotoradapter.o
    0x0800263e   0x0800263e   0x00000002   PAD
    0x08002640   0x08002640   0x00000012   Code   RO         2794    .text.EventListener  brewgroup_thermostatadapter.o
    0x08002652   0x08002652   0x00000002   PAD
    0x08002654   0x08002654   0x00000012   Code   RO         2814    .text.EventListener  brewgroup_waterpumpadapter.o
    0x08002666   0x08002666   0x00000002   PAD
    0x08002668   0x08002668   0x0000001e   Code   RO         2538    .text.GetCalibration  carousel_rxtransactions.o
    0x08002686   0x08002686   0x00000002   PAD
    0x08002688   0x08002688   0x00000048   Code   RO         2536    .text.GetMotionState  carousel_rxtransactions.o
    0x080026d0   0x080026d0   0x0000001e   Code   RO         2532    .text.GetOptions    carousel_rxtransactions.o
    0x080026ee   0x080026ee   0x00000002   PAD
    0x080026f0   0x080026f0   0x0000001e   Code   RO         2662    .text.GetOptions    slider_rxtransactions.o
    0x0800270e   0x0800270e   0x00000002   PAD
    0x08002710   0x08002710   0x00000032   Code   RO         2534    .text.GetPosition   carousel_rxtransactions.o
    0x08002742   0x08002742   0x00000002   PAD
    0x08002744   0x08002744   0x00000048   Code   RO         2408    .text.GetStatus     cupscontroller_rxtransactions.o
    0x0800278c   0x0800278c   0x0000001e   Code   RO         2530    .text.GetStatus     carousel_rxtransactions.o
    0x080027aa   0x080027aa   0x00000002   PAD
    0x080027ac   0x080027ac   0x0000001e   Code   RO         2660    .text.GetStatus     slider_rxtransactions.o
    0x080027ca   0x080027ca   0x00000002   PAD
    0x080027cc   0x080027cc   0x0000001e   Code   RO         2837    .text.GetStatus     brewgroup_rxtransactions.o
    0x080027ea   0x080027ea   0x00000002   PAD
    0x080027ec   0x080027ec   0x00000048   Code   RO         2410    .text.GetTemplaetId  cupscontroller_rxtransactions.o
    0x08002834   0x08002834   0x0000000e   Code   RO         1797    .text.GetValue      xrxtransactiontransferadapter.o
    0x08002842   0x08002842   0x00000002   PAD
    0x08002844   0x08002844   0x00000010   Code   RO         1923    .text.GetValue      ws2812_drawmanagerbase.o
    0x08002854   0x08002854   0x0000000e   Code   RO         1979    .text.GetValue      terminal_transferadapter.o
    0x08002862   0x08002862   0x00000002   PAD
    0x08002864   0x08002864   0x00000044   Code   RO         2066    .text.GetValue      serialport_uart_rxadapter.o
    0x080028a8   0x080028a8   0x00000074   Code   RO         2087    .text.GetValue      serialport_uart_txadapter.o
    0x0800291c   0x0800291c   0x00000082   Code   RO         2200    .text.GetValue      camera_ov2640_adapterinterface.o
    0x0800299e   0x0800299e   0x00000002   PAD
    0x080029a0   0x080029a0   0x00000076   Code   RO         2387    .text.GetValue      cupscontroller_ledadapter.o
    0x08002a16   0x08002a16   0x00000002   PAD
    0x08002a18   0x08002a18   0x00000044   Code   RO         2498    .text.GetValue      carousel_dcmotoradapter.o
    0x08002a5c   0x08002a5c   0x00000016   Code   RO         2632    .text.GetValue      slider_dcmotoradapter.o
    0x08002a72   0x08002a72   0x00000002   PAD
    0x08002a74   0x08002a74   0x00000010   Code   RO         2778    .text.GetValue      brewgroup_dcmotoradapter.o
    0x08002a84   0x08002a84   0x00000010   Code   RO         2798    .text.GetValue      brewgroup_thermostatadapter.o
    0x08002a94   0x08002a94   0x00000010   Code   RO         2818    .text.GetValue      brewgroup_waterpumpadapter.o
    0x08002aa4   0x08002aa4   0x00000238   Code   RO          266    .text.HAL_ADC_ConfigChannel  stm32f4xx_hal_adc.o
    0x08002cdc   0x08002cdc   0x000000a8   Code   RO          222    .text.HAL_ADC_Init  stm32f4xx_hal_adc.o
    0x08002d84   0x08002d84   0x00000086   Code   RO           35    .text.HAL_ADC_MspInit  adc.o
    0x08002e0a   0x08002e0a   0x00000002   PAD
    0x08002e0c   0x08002e0c   0x00000040   Code   RO          781    .text.HAL_CRC_Init  stm32f4xx_hal_crc.o
    0x08002e4c   0x08002e4c   0x0000003e   Code   RO           49    .text.HAL_CRC_MspInit  crc.o
    0x08002e8a   0x08002e8a   0x00000002   PAD
    0x08002e8c   0x08002e8c   0x00000008   Code   RO          830    .text.HAL_DCMI_ErrorCallback  stm32f4xx_hal_dcmi.o
    0x08002e94   0x08002e94   0x00000008   Code   RO          828    .text.HAL_DCMI_FrameEventCallback  stm32f4xx_hal_dcmi.o
    0x08002e9c   0x08002e9c   0x000000fe   Code   RO          822    .text.HAL_DCMI_IRQHandler  stm32f4xx_hal_dcmi.o
    0x08002f9a   0x08002f9a   0x00000002   PAD
    0x08002f9c   0x08002f9c   0x000000b8   Code   RO          851    .text.HAL_DCMI_Init  stm32f4xx_hal_dcmi_ex.o
    0x08003054   0x08003054   0x00000008   Code   RO          824    .text.HAL_DCMI_LineEventCallback  stm32f4xx_hal_dcmi.o
    0x0800305c   0x0800305c   0x0000025e   Code   RO           63    .text.HAL_DCMI_MspInit  dcmi.o
    0x080032ba   0x080032ba   0x00000002   PAD
    0x080032bc   0x080032bc   0x00000150   Code   RO          810    .text.HAL_DCMI_Start_DMA  stm32f4xx_hal_dcmi.o
    0x0800340c   0x0800340c   0x000000cc   Code   RO          816    .text.HAL_DCMI_Stop  stm32f4xx_hal_dcmi.o
    0x080034d8   0x080034d8   0x000000be   Code   RO          818    .text.HAL_DCMI_Suspend  stm32f4xx_hal_dcmi.o
    0x08003596   0x08003596   0x00000002   PAD
    0x08003598   0x08003598   0x00000008   Code   RO          826    .text.HAL_DCMI_VsyncEventCallback  stm32f4xx_hal_dcmi.o
    0x080035a0   0x080035a0   0x0000002c   Code   RO          504    .text.HAL_DMAEx_ChangeMemory  stm32f4xx_hal_dma_ex.o
    0x080035cc   0x080035cc   0x00002034   Code   RO          502    .text.HAL_DMAEx_MultiBufferStart_IT  stm32f4xx_hal_dma_ex.o
    0x08005600   0x08005600   0x000000ec   Code   RO          527    .text.HAL_DMA_Abort  stm32f4xx_hal_dma.o
    0x080056ec   0x080056ec   0x00000044   Code   RO          529    .text.HAL_DMA_Abort_IT  stm32f4xx_hal_dma.o
    0x08005730   0x08005730   0x0000031e   Code   RO          533    .text.HAL_DMA_IRQHandler  stm32f4xx_hal_dma.o
    0x08005a4e   0x08005a4e   0x00000002   PAD
    0x08005a50   0x08005a50   0x0000016e   Code   RO          513    .text.HAL_DMA_Init  stm32f4xx_hal_dma.o
    0x08005bbe   0x08005bbe   0x00000002   PAD
    0x08005bc0   0x08005bc0   0x0000008e   Code   RO          521    .text.HAL_DMA_Start  stm32f4xx_hal_dma.o
    0x08005c4e   0x08005c4e   0x00000002   PAD
    0x08005c50   0x08005c50   0x000000c2   Code   RO          525    .text.HAL_DMA_Start_IT  stm32f4xx_hal_dma.o
    0x08005d12   0x08005d12   0x00000002   PAD
    0x08005d14   0x08005d14   0x00000042   Code   RO          708    .text.HAL_Delay     stm32f4xx_hal.o
    0x08005d56   0x08005d56   0x00000002   PAD
    0x08005d58   0x08005d58   0x000003ee   Code   RO          475    .text.HAL_GPIO_Init  stm32f4xx_hal_gpio.o
    0x08006146   0x08006146   0x00000002   PAD
    0x08006148   0x08006148   0x0000002e   Code   RO          481    .text.HAL_GPIO_WritePin  stm32f4xx_hal_gpio.o
    0x08006176   0x08006176   0x00000002   PAD
    0x08006178   0x08006178   0x0000000c   Code   RO          700    .text.HAL_GetTick   stm32f4xx_hal.o
    0x08006184   0x08006184   0x0000006a   Code   RO         1028    .text.HAL_I2CEx_ConfigAnalogFilter  stm32f4xx_hal_i2c_ex.o
    0x080061ee   0x080061ee   0x00000002   PAD
    0x080061f0   0x080061f0   0x00000084   Code   RO         1030    .text.HAL_I2CEx_ConfigDigitalFilter  stm32f4xx_hal_i2c_ex.o
    0x08006274   0x08006274   0x000002a4   Code   RO          859    .text.HAL_I2C_Init  stm32f4xx_hal_i2c.o
    0x08006518   0x08006518   0x0000042c   Code   RO          913    .text.HAL_I2C_Mem_Read  stm32f4xx_hal_i2c.o
    0x08006944   0x08006944   0x00000210   Code   RO          909    .text.HAL_I2C_Mem_Write  stm32f4xx_hal_i2c.o
    0x08006b54   0x08006b54   0x00000090   Code   RO           86    .text.HAL_I2C_MspInit  i2c.o
    0x08006be4   0x08006be4   0x0000001a   Code   RO          698    .text.HAL_IncTick   stm32f4xx_hal.o
    0x08006bfe   0x08006bfe   0x00000002   PAD
    0x08006c00   0x08006c00   0x00000036   Code   RO          688    .text.HAL_Init      stm32f4xx_hal.o
    0x08006c36   0x08006c36   0x00000002   PAD
    0x08006c38   0x08006c38   0x00000070   Code   RO          690    .text.HAL_InitTick  stm32f4xx_hal.o
    0x08006ca8   0x08006ca8   0x0000004a   Code   RO          214    .text.HAL_MspInit   stm32f4xx_hal_msp.o
    0x08006cf2   0x08006cf2   0x00000002   PAD
    0x08006cf4   0x08006cf4   0x00000014   Code   RO          629    .text.HAL_NVIC_EnableIRQ  stm32f4xx_hal_cortex.o
    0x08006d08   0x08006d08   0x00000032   Code   RO          621    .text.HAL_NVIC_SetPriority  stm32f4xx_hal_cortex.o
    0x08006d3a   0x08006d3a   0x00000002   PAD
    0x08006d3c   0x08006d3c   0x00000010   Code   RO          617    .text.HAL_NVIC_SetPriorityGrouping  stm32f4xx_hal_cortex.o
    0x08006d4c   0x08006d4c   0x00000262   Code   RO          323    .text.HAL_RCC_ClockConfig  stm32f4xx_hal_rcc.o
    0x08006fae   0x08006fae   0x00000002   PAD
    0x08006fb0   0x08006fb0   0x0000000c   Code   RO          333    .text.HAL_RCC_GetHCLKFreq  stm32f4xx_hal_rcc.o
    0x08006fbc   0x08006fbc   0x00000022   Code   RO          335    .text.HAL_RCC_GetPCLK1Freq  stm32f4xx_hal_rcc.o
    0x08006fde   0x08006fde   0x00000002   PAD
    0x08006fe0   0x08006fe0   0x00000022   Code   RO          337    .text.HAL_RCC_GetPCLK2Freq  stm32f4xx_hal_rcc.o
    0x08007002   0x08007002   0x00000002   PAD
    0x08007004   0x08007004   0x000000e6   Code   RO          325    .text.HAL_RCC_GetSysClockFreq  stm32f4xx_hal_rcc.o
    0x080070ea   0x080070ea   0x00000002   PAD
    0x080070ec   0x080070ec   0x000006be   Code   RO          321    .text.HAL_RCC_OscConfig  stm32f4xx_hal_rcc.o
    0x080077aa   0x080077aa   0x00000002   PAD
    0x080077ac   0x080077ac   0x00000100   Code   RO         1039    .text.HAL_SPI_Init  stm32f4xx_hal_spi.o
    0x080078ac   0x080078ac   0x00000092   Code   RO          100    .text.HAL_SPI_MspInit  spi.o
    0x0800793e   0x0800793e   0x00000002   PAD
    0x08007940   0x08007940   0x00000010   Code   RO          641    .text.HAL_SYSTICK_Config  stm32f4xx_hal_cortex.o
    0x08007950   0x08007950   0x000000b2   Code   RO         1471    .text.HAL_TIMEx_ConfigBreakDeadTime  stm32f4xx_hal_tim_ex.o
    0x08007a02   0x08007a02   0x00000002   PAD
    0x08007a04   0x08007a04   0x00000122   Code   RO         1469    .text.HAL_TIMEx_MasterConfigSynchronization  stm32f4xx_hal_tim_ex.o
    0x08007b26   0x08007b26   0x00000002   PAD
    0x08007b28   0x08007b28   0x0000009c   Code   RO         1156    .text.HAL_TIM_Base_Init  stm32f4xx_hal_tim.o
    0x08007bc4   0x08007bc4   0x000001d8   Code   RO          130    .text.HAL_TIM_Base_MspInit  tim.o
    0x08007d9c   0x08007d9c   0x00000184   Code   RO         1348    .text.HAL_TIM_ConfigClockSource  stm32f4xx_hal_tim.o
    0x08007f20   0x08007f20   0x00000130   Code   RO         1270    .text.HAL_TIM_Encoder_Init  stm32f4xx_hal_tim.o
    0x08008050   0x08008050   0x0000014e   Code   RO          132    .text.HAL_TIM_Encoder_MspInit  tim.o
    0x0800819e   0x0800819e   0x00000002   PAD
    0x080081a0   0x080081a0   0x0000016e   Code   RO          114    .text.HAL_TIM_MspPostInit  tim.o
    0x0800830e   0x0800830e   0x00000002   PAD
    0x08008310   0x08008310   0x00000142   Code   RO         1322    .text.HAL_TIM_PWM_ConfigChannel  stm32f4xx_hal_tim.o
    0x08008452   0x08008452   0x00000002   PAD
    0x08008454   0x08008454   0x0000009c   Code   RO         1210    .text.HAL_TIM_PWM_Init  stm32f4xx_hal_tim.o
    0x080084f0   0x080084f0   0x0000003e   Code   RO          134    .text.HAL_TIM_PWM_MspInit  tim.o
    0x0800852e   0x0800852e   0x00000002   PAD
    0x08008530   0x08008530   0x0000009a   Code   RO         1492    .text.HAL_UART_Init  stm32f4xx_hal_uart.o
    0x080085ca   0x080085ca   0x00000002   PAD
    0x080085cc   0x080085cc   0x00000348   Code   RO          164    .text.HAL_UART_MspInit  usart.o
    0x08008914   0x08008914   0x00000160   Code   RO         1793    .text.Handler       xrxtransactiontransferadapter.o
    0x08008a74   0x08008a74   0x00000008   Code   RO         1917    .text.Handler       ws2812_drawmanagerbase.o
    0x08008a7c   0x08008a7c   0x000001fe   Code   RO         1975    .text.Handler       terminal_transferadapter.o
    0x08008c7a   0x08008c7a   0x00000002   PAD
    0x08008c7c   0x08008c7c   0x0000002e   Code   RO         2060    .text.Handler       serialport_uart_rxadapter.o
    0x08008caa   0x08008caa   0x00000002   PAD
    0x08008cac   0x08008cac   0x00000056   Code   RO         2081    .text.Handler       serialport_uart_txadapter.o
    0x08008d02   0x08008d02   0x00000002   PAD
    0x08008d04   0x08008d04   0x00000084   Code   RO         2194    .text.Handler       camera_ov2640_adapterinterface.o
    0x08008d88   0x08008d88   0x00000040   Code   RO         2381    .text.Handler       cupscontroller_ledadapter.o
    0x08008dc8   0x08008dc8   0x0000038c   Code   RO         2492    .text.Handler       carousel_dcmotoradapter.o
    0x08009154   0x08009154   0x000002a2   Code   RO         2626    .text.Handler       slider_dcmotoradapter.o
    0x080093f6   0x080093f6   0x00000002   PAD
    0x080093f8   0x080093f8   0x00000008   Code   RO         2772    .text.Handler       brewgroup_dcmotoradapter.o
    0x08009400   0x08009400   0x00000008   Code   RO         2792    .text.Handler       brewgroup_thermostatadapter.o
    0x08009408   0x08009408   0x00000008   Code   RO         2812    .text.Handler       brewgroup_waterpumpadapter.o
    0x08009410   0x08009410   0x00000004   Code   RO          183    .text.HardFault_Handler  stm32f4xx_it.o
    0x08009414   0x08009414   0x00000064   Code   RO         1019    .text.I2C_IsAcknowledgeFailed  stm32f4xx_hal_i2c.o
    0x08009478   0x08009478   0x000001e2   Code   RO          915    .text.I2C_RequestMemoryRead  stm32f4xx_hal_i2c.o
    0x0800965a   0x0800965a   0x00000002   PAD
    0x0800965c   0x0800965c   0x0000013a   Code   RO          911    .text.I2C_RequestMemoryWrite  stm32f4xx_hal_i2c.o
    0x08009796   0x08009796   0x00000002   PAD
    0x08009798   0x08009798   0x00000096   Code   RO          875    .text.I2C_WaitOnBTFFlagUntilTimeout  stm32f4xx_hal_i2c.o
    0x0800982e   0x0800982e   0x00000002   PAD
    0x08009830   0x08009830   0x000000be   Code   RO          869    .text.I2C_WaitOnFlagUntilTimeout  stm32f4xx_hal_i2c.o
    0x080098ee   0x080098ee   0x00000002   PAD
    0x080098f0   0x080098f0   0x00000110   Code   RO         1017    .text.I2C_WaitOnMasterAddressFlagUntilTimeout  stm32f4xx_hal_i2c.o
    0x08009a00   0x08009a00   0x000000c6   Code   RO          881    .text.I2C_WaitOnRXNEFlagUntilTimeout  stm32f4xx_hal_i2c.o
    0x08009ac6   0x08009ac6   0x00000002   PAD
    0x08009ac8   0x08009ac8   0x00000094   Code   RO          873    .text.I2C_WaitOnTXEFlagUntilTimeout  stm32f4xx_hal_i2c.o
    0x08009b5c   0x08009b5c   0x0000007a   Code   RO           33    .text.MX_ADC1_Init  adc.o
    0x08009bd6   0x08009bd6   0x00000002   PAD
    0x08009bd8   0x08009bd8   0x00000024   Code   RO           47    .text.MX_CRC_Init   crc.o
    0x08009bfc   0x08009bfc   0x0000003c   Code   RO           61    .text.MX_DCMI_Init  dcmi.o
    0x08009c38   0x08009c38   0x000000ce   Code   RO           76    .text.MX_DMA_Init   dma.o
    0x08009d06   0x08009d06   0x00000002   PAD
    0x08009d08   0x08009d08   0x000002d8   Code   RO           25    .text.MX_GPIO_Init  gpio.o
    0x08009fe0   0x08009fe0   0x00000078   Code   RO           84    .text.MX_I2C1_Init  i2c.o
    0x0800a058   0x0800a058   0x0000004e   Code   RO           98    .text.MX_SPI4_Init  spi.o
    0x0800a0a6   0x0800a0a6   0x00000002   PAD
    0x0800a0a8   0x0800a0a8   0x00000150   Code   RO          112    .text.MX_TIM1_Init  tim.o
    0x0800a1f8   0x0800a1f8   0x00000078   Code   RO          116    .text.MX_TIM2_Init  tim.o
    0x0800a270   0x0800a270   0x0000007c   Code   RO          118    .text.MX_TIM3_Init  tim.o
    0x0800a2ec   0x0800a2ec   0x00000126   Code   RO          120    .text.MX_TIM4_Init  tim.o
    0x0800a412   0x0800a412   0x00000002   PAD
    0x0800a414   0x0800a414   0x000000f4   Code   RO          122    .text.MX_TIM5_Init  tim.o
    0x0800a508   0x0800a508   0x0000005e   Code   RO          124    .text.MX_TIM7_Init  tim.o
    0x0800a566   0x0800a566   0x00000002   PAD
    0x0800a568   0x0800a568   0x0000008e   Code   RO          126    .text.MX_TIM8_Init  tim.o
    0x0800a5f6   0x0800a5f6   0x00000002   PAD
    0x0800a5f8   0x0800a5f8   0x00000094   Code   RO          128    .text.MX_TIM9_Init  tim.o
    0x0800a68c   0x0800a68c   0x00000040   Code   RO          158    .text.MX_UART4_Init  usart.o
    0x0800a6cc   0x0800a6cc   0x00000040   Code   RO          160    .text.MX_UART8_Init  usart.o
    0x0800a70c   0x0800a70c   0x00000044   Code   RO          162    .text.MX_USART3_UART_Init  usart.o
    0x0800a750   0x0800a750   0x0000006c   Code   RO          627    .text.NVIC_EncodePriority  stm32f4xx_hal_cortex.o
    0x0800a7bc   0x0800a7bc   0x0000005e   Code   RO         2178    .text.OV2640_ActionGetValue  camera_ov2640_adapter.o
    0x0800a81a   0x0800a81a   0x00000002   PAD
    0x0800a81c   0x0800a81c   0x0000008e   Code   RO         2180    .text.OV2640_ActionSetValue  camera_ov2640_adapter.o
    0x0800a8aa   0x0800a8aa   0x00000002   PAD
    0x0800a8ac   0x0800a8ac   0x0000002e   Code   RO         2192    .text.OV2640_AdapterInterfaceInit  camera_ov2640_adapterinterface.o
    0x0800a8da   0x0800a8da   0x00000002   PAD
    0x0800a8dc   0x0800a8dc   0x0000003e   Code   RO         1816    .text.OV2640_Delay  ov2640_driver.o
    0x0800a91a   0x0800a91a   0x00000002   PAD
    0x0800a91c   0x0800a91c   0x00000054   Code   RO         1810    .text.OV2640_DriverI2C_Read  ov2640_driver.o
    0x0800a970   0x0800a970   0x0000005a   Code   RO         1808    .text.OV2640_DriverI2C_Write  ov2640_driver.o
    0x0800a9ca   0x0800a9ca   0x00000002   PAD
    0x0800a9cc   0x0800a9cc   0x0000010e   Code   RO         1844    .text.OV2640_DriverInit  ov2640_driver.o
    0x0800aada   0x0800aada   0x00000002   PAD
    0x0800aadc   0x0800aadc   0x0000006c   Code   RO         1818    .text.OV2640_DriverReset  ov2640_driver.o
    0x0800ab48   0x0800ab48   0x000000b0   Code   RO         1830    .text.OV2640_DriverSetBrightness  ov2640_driver.o
    0x0800abf8   0x0800abf8   0x0000007a   Code   RO         1822    .text.OV2640_DriverSetConfiguration  ov2640_driver.o
    0x0800ac72   0x0800ac72   0x00000002   PAD
    0x0800ac74   0x0800ac74   0x000000b0   Code   RO         1828    .text.OV2640_DriverSetContrast  ov2640_driver.o
    0x0800ad24   0x0800ad24   0x0000004a   Code   RO         1840    .text.OV2640_DriverSetGain  ov2640_driver.o
    0x0800ad6e   0x0800ad6e   0x00000002   PAD
    0x0800ad70   0x0800ad70   0x000000b0   Code   RO         1834    .text.OV2640_DriverSetLightMode  ov2640_driver.o
    0x0800ae20   0x0800ae20   0x000000c2   Code   RO         1842    .text.OV2640_DriverSetOptions  ov2640_driver.o
    0x0800aee2   0x0800aee2   0x00000002   PAD
    0x0800aee4   0x0800aee4   0x00000078   Code   RO         1824    .text.OV2640_DriverSetOutputFormat  ov2640_driver.o
    0x0800af5c   0x0800af5c   0x00000040   Code   RO         1838    .text.OV2640_DriverSetQuantization  ov2640_driver.o
    0x0800af9c   0x0800af9c   0x000000c2   Code   RO         1826    .text.OV2640_DriverSetResolution  ov2640_driver.o
    0x0800b05e   0x0800b05e   0x00000002   PAD
    0x0800b060   0x0800b060   0x000000b0   Code   RO         1832    .text.OV2640_DriverSetSaturation  ov2640_driver.o
    0x0800b110   0x0800b110   0x000000e8   Code   RO         1836    .text.OV2640_DriverSetSpecialEffect  ov2640_driver.o
    0x0800b1f8   0x0800b1f8   0x00000008   Code   RO         2174    .text.OV2640_Handler  camera_ov2640_adapter.o
    0x0800b200   0x0800b200   0x000000c2   Code   RO         2176    .text.OV2640_RequestListener  camera_ov2640_adapter.o
    0x0800b2c2   0x0800b2c2   0x00000002   PAD
    0x0800b2c4   0x0800b2c4   0x0000003e   Code   RO         1814    .text.OV2640_SetHardwareResetState  ov2640_driver.o
    0x0800b302   0x0800b302   0x00000002   PAD
    0x0800b304   0x0800b304   0x0000003e   Code   RO         1812    .text.OV2640_SetPowerDownState  ov2640_driver.o
    0x0800b342   0x0800b342   0x00000002   PAD
    0x0800b344   0x0800b344   0x0000009e   Code   RO         2636    .text.Open          slider_dcmotoradapter.o
    0x0800b3e2   0x0800b3e2   0x00000002   PAD
    0x0800b3e4   0x0800b3e4   0x00000038   Code   RO         1991    .text.RequestGetFirmware  terminal_rxrequests.o
    0x0800b41c   0x0800b41c   0x00000012   Code   RO         1795    .text.RequestListener  xrxtransactiontransferadapter.o
    0x0800b42e   0x0800b42e   0x00000002   PAD
    0x0800b430   0x0800b430   0x00000012   Code   RO         1921    .text.RequestListener  ws2812_drawmanagerbase.o
    0x0800b442   0x0800b442   0x00000002   PAD
    0x0800b444   0x0800b444   0x00000012   Code   RO         1977    .text.RequestListener  terminal_transferadapter.o
    0x0800b456   0x0800b456   0x00000002   PAD
    0x0800b458   0x0800b458   0x0000006a   Code   RO         2064    .text.RequestListener  serialport_uart_rxadapter.o
    0x0800b4c2   0x0800b4c2   0x00000002   PAD
    0x0800b4c4   0x0800b4c4   0x0000007c   Code   RO         2085    .text.RequestListener  serialport_uart_txadapter.o
    0x0800b540   0x0800b540   0x00000038   Code   RO         2137    .text.RequestListener  camera_ov2640_component.o
    0x0800b578   0x0800b578   0x00000072   Code   RO         2198    .text.RequestListener  camera_ov2640_adapterinterface.o
    0x0800b5ea   0x0800b5ea   0x00000002   PAD
    0x0800b5ec   0x0800b5ec   0x00000074   Code   RO         2308    .text.RequestListener  cupscontroller_drawmanager.o
    0x0800b660   0x0800b660   0x00000038   Code   RO         2385    .text.RequestListener  cupscontroller_ledadapter.o
    0x0800b698   0x0800b698   0x00000074   Code   RO         2496    .text.RequestListener  carousel_dcmotoradapter.o
    0x0800b70c   0x0800b70c   0x0000006e   Code   RO         2630    .text.RequestListener  slider_dcmotoradapter.o
    0x0800b77a   0x0800b77a   0x00000002   PAD
    0x0800b77c   0x0800b77c   0x00000012   Code   RO         2776    .text.RequestListener  brewgroup_dcmotoradapter.o
    0x0800b78e   0x0800b78e   0x00000002   PAD
    0x0800b790   0x0800b790   0x00000012   Code   RO         2796    .text.RequestListener  brewgroup_thermostatadapter.o
    0x0800b7a2   0x0800b7a2   0x00000002   PAD
    0x0800b7a4   0x0800b7a4   0x00000012   Code   RO         2816    .text.RequestListener  brewgroup_waterpumpadapter.o
    0x0800b7b6   0x0800b7b6   0x00000002   PAD
    0x0800b7b8   0x0800b7b8   0x0000013e   Code   RO         1993    .text.RequestsReceiver  terminal_rxrequests.o
    0x0800b8f6   0x0800b8f6   0x00000002   PAD
    0x0800b8f8   0x0800b8f8   0x0000002a   Code   RO         2508    .text.ResetPosition  carousel_dcmotoradapter.o
    0x0800b922   0x0800b922   0x00000002   PAD
    0x0800b924   0x0800b924   0x00000054   Code   RO         2058    .text.RxReceiverEventListener  serialport_uart_rxadapter.o
    0x0800b978   0x0800b978   0x0000001a   Code   RO         2019    .text.SerialPortHandler  serialport.o
    0x0800b992   0x0800b992   0x00000002   PAD
    0x0800b994   0x0800b994   0x0000004e   Code   RO         2021    .text.SerialPortInit  serialport.o
    0x0800b9e2   0x0800b9e2   0x00000002   PAD
    0x0800b9e4   0x0800b9e4   0x0000008e   Code   RO         2031    .text.SerialPortUARTComponentInit  serialport_uart_component.o
    0x0800ba72   0x0800ba72   0x00000002   PAD
    0x0800ba74   0x0800ba74   0x00000074   Code   RO         2048    .text.SerialPortUART_AdapterInit  serialport_uart_adapter.o
    0x0800bae8   0x0800bae8   0x000000b8   Code   RO         2056    .text.SerialPortUART_RxAdapterInit  serialport_uart_rxadapter.o
    0x0800bba0   0x0800bba0   0x00000062   Code   RO         2079    .text.SerialPortUART_TxAdapterInit  serialport_uart_txadapter.o
    0x0800bc02   0x0800bc02   0x00000002   PAD
    0x0800bc04   0x0800bc04   0x0000002c   Code   RO         2544    .text.SetCalibration  carousel_rxtransactions.o
    0x0800bc30   0x0800bc30   0x00000050   Code   RO         2412    .text.SetColor      cupscontroller_rxtransactions.o
    0x0800bc80   0x0800bc80   0x0000006e   Code   RO         2512    .text.SetOptions    carousel_dcmotoradapter.o
    0x0800bcee   0x0800bcee   0x00000002   PAD
    0x0800bcf0   0x0800bcf0   0x0000003a   Code   RO         2542    .text.SetOptions    carousel_rxtransactions.o
    0x0800bd2a   0x0800bd2a   0x00000002   PAD
    0x0800bd2c   0x0800bd2c   0x0000003a   Code   RO         2664    .text.SetOptions    slider_rxtransactions.o
    0x0800bd66   0x0800bd66   0x00000002   PAD
    0x0800bd68   0x0800bd68   0x0000002e   Code   RO         2546    .text.SetPod        carousel_rxtransactions.o
    0x0800bd96   0x0800bd96   0x00000002   PAD
    0x0800bd98   0x0800bd98   0x00000170   Code   RO         2506    .text.SetPosition   carousel_dcmotoradapter.o
    0x0800bf08   0x0800bf08   0x0000003a   Code   RO         2540    .text.SetPosition   carousel_rxtransactions.o
    0x0800bf42   0x0800bf42   0x00000002   PAD
    0x0800bf44   0x0800bf44   0x00000010   Code   RO         1925    .text.SetValue      ws2812_drawmanagerbase.o
    0x0800bf54   0x0800bf54   0x00000010   Code   RO         2068    .text.SetValue      serialport_uart_rxadapter.o
    0x0800bf64   0x0800bf64   0x00000016   Code   RO         2089    .text.SetValue      serialport_uart_txadapter.o
    0x0800bf7a   0x0800bf7a   0x00000002   PAD
    0x0800bf7c   0x0800bf7c   0x000000e2   Code   RO         2202    .text.SetValue      camera_ov2640_adapterinterface.o
    0x0800c05e   0x0800c05e   0x00000002   PAD
    0x0800c060   0x0800c060   0x00000012   Code   RO         2389    .text.SetValue      cupscontroller_ledadapter.o
    0x0800c072   0x0800c072   0x00000002   PAD
    0x0800c074   0x0800c074   0x00000010   Code   RO         2500    .text.SetValue      carousel_dcmotoradapter.o
    0x0800c084   0x0800c084   0x00000016   Code   RO         2634    .text.SetValue      slider_dcmotoradapter.o
    0x0800c09a   0x0800c09a   0x00000002   PAD
    0x0800c09c   0x0800c09c   0x00000010   Code   RO         2780    .text.SetValue      brewgroup_dcmotoradapter.o
    0x0800c0ac   0x0800c0ac   0x00000010   Code   RO         2800    .text.SetValue      brewgroup_thermostatadapter.o
    0x0800c0bc   0x0800c0bc   0x00000010   Code   RO         2820    .text.SetValue      brewgroup_waterpumpadapter.o
    0x0800c0cc   0x0800c0cc   0x0000001c   Code   RO         2588    .text.SliderClose   slider.o
    0x0800c0e8   0x0800c0e8   0x00000032   Code   RO         2562    .text.SliderComponentInit  slider_component.o
    0x0800c11a   0x0800c11a   0x00000002   PAD
    0x0800c11c   0x0800c11c   0x000000dc   Code   RO         2624    .text.SliderDCMotorAdapterInit  slider_dcmotoradapter.o
    0x0800c1f8   0x0800c1f8   0x00000012   Code   RO         2576    .text.SliderHandler  slider.o
    0x0800c20a   0x0800c20a   0x00000002   PAD
    0x0800c20c   0x0800c20c   0x00000050   Code   RO         2594    .text.SliderInit    slider.o
    0x0800c25c   0x0800c25c   0x0000001c   Code   RO         2590    .text.SliderOpen    slider.o
    0x0800c278   0x0800c278   0x0000000c   Code   RO         2586    .text.SliderSetOptions  slider.o
    0x0800c284   0x0800c284   0x0000001a   Code   RO         2592    .text.SliderStop    slider.o
    0x0800c29e   0x0800c29e   0x00000002   PAD
    0x0800c2a0   0x0800c2a0   0x00000088   Code   RO         2204    .text.Snapshot      camera_ov2640_adapterinterface.o
    0x0800c328   0x0800c328   0x00000094   Code   RO         2391    .text.StartTransmite  cupscontroller_ledadapter.o
    0x0800c3bc   0x0800c3bc   0x0000003a   Code   RO         2510    .text.Stop          carousel_dcmotoradapter.o
    0x0800c3f6   0x0800c3f6   0x00000002   PAD
    0x0800c3f8   0x0800c3f8   0x0000003a   Code   RO         2640    .text.Stop          slider_dcmotoradapter.o
    0x0800c432   0x0800c432   0x00000002   PAD
    0x0800c434   0x0800c434   0x00000052   Code   RO          643    .text.SysTick_Config  stm32f4xx_hal_cortex.o
    0x0800c486   0x0800c486   0x00000002   PAD
    0x0800c488   0x0800c488   0x0000000c   Code   RO          185    .text.SysTick_Handler  stm32f4xx_it.o
    0x0800c494   0x0800c494   0x000000b8   Code   RO           13    .text.SystemClock_Config  main.o
    0x0800c54c   0x0800c54c   0x00000012   Code   RO         1621    .text.SystemInit    system_stm32f4xx.o
    0x0800c55e   0x0800c55e   0x00000002   PAD
    0x0800c560   0x0800c560   0x0000002c   Code   RO          199    .text.TIM7_IRQHandler  stm32f4xx_it.o
    0x0800c58c   0x0800c58c   0x0000019a   Code   RO         1160    .text.TIM_Base_SetConfig  stm32f4xx_hal_tim.o
    0x0800c726   0x0800c726   0x00000002   PAD
    0x0800c728   0x0800c728   0x00000034   Code   RO         1346    .text.TIM_ETR_SetConfig  stm32f4xx_hal_tim.o
    0x0800c75c   0x0800c75c   0x0000002a   Code   RO         1352    .text.TIM_ITRx_SetConfig  stm32f4xx_hal_tim.o
    0x0800c786   0x0800c786   0x00000002   PAD
    0x0800c788   0x0800c788   0x000000ea   Code   RO         1304    .text.TIM_OC1_SetConfig  stm32f4xx_hal_tim.o
    0x0800c872   0x0800c872   0x00000002   PAD
    0x0800c874   0x0800c874   0x000000f4   Code   RO         1306    .text.TIM_OC2_SetConfig  stm32f4xx_hal_tim.o
    0x0800c968   0x0800c968   0x000000f2   Code   RO         1308    .text.TIM_OC3_SetConfig  stm32f4xx_hal_tim.o
    0x0800ca5a   0x0800ca5a   0x00000002   PAD
    0x0800ca5c   0x0800ca5c   0x000000a4   Code   RO         1310    .text.TIM_OC4_SetConfig  stm32f4xx_hal_tim.o
    0x0800cb00   0x0800cb00   0x00000050   Code   RO         1350    .text.TIM_TI1_ConfigInputStage  stm32f4xx_hal_tim.o
    0x0800cb50   0x0800cb50   0x00000052   Code   RO         1354    .text.TIM_TI2_ConfigInputStage  stm32f4xx_hal_tim.o
    0x0800cba2   0x0800cba2   0x00000002   PAD
    0x0800cba4   0x0800cba4   0x00000190   Code   RO         1945    .text.TerminalHandler  terminal.o
    0x0800cd34   0x0800cd34   0x000000a0   Code   RO         1947    .text.TerminalInit  terminal.o
    0x0800cdd4   0x0800cdd4   0x00000118   Code   RO         1943    .text.TerminalTimerUpdateEvent  terminal.o
    0x0800ceec   0x0800ceec   0x0000003c   Code   RO         1973    .text.TerminalTransferAdapterInit  terminal_transferadapter.o
    0x0800cf28   0x0800cf28   0x0000001e   Code   RO         2005    .text.TransactionGetTime  terminal_rxtransactions.o
    0x0800cf46   0x0800cf46   0x00000002   PAD
    0x0800cf48   0x0800cf48   0x00000044   Code   RO         2009    .text.TransactionSetTime  terminal_rxtransactions.o
    0x0800cf8c   0x0800cf8c   0x0000003c   Code   RO         2007    .text.TransactionTryResetTime  terminal_rxtransactions.o
    0x0800cfc8   0x0800cfc8   0x00000036   Code   RO         2552    .text.TryCalibrate  carousel_rxtransactions.o
    0x0800cffe   0x0800cffe   0x00000002   PAD
    0x0800d000   0x0800d000   0x00000042   Code   RO         2668    .text.TryClose      slider_rxtransactions.o
    0x0800d042   0x0800d042   0x00000002   PAD
    0x0800d044   0x0800d044   0x00000042   Code   RO         2666    .text.TryOpen       slider_rxtransactions.o
    0x0800d086   0x0800d086   0x00000002   PAD
    0x0800d088   0x0800d088   0x00000050   Code   RO         2548    .text.TryResetPosition  carousel_rxtransactions.o
    0x0800d0d8   0x0800d0d8   0x00000036   Code   RO         2550    .text.TryStop       carousel_rxtransactions.o
    0x0800d10e   0x0800d10e   0x00000002   PAD
    0x0800d110   0x0800d110   0x00000036   Code   RO         2670    .text.TryStop       slider_rxtransactions.o
    0x0800d146   0x0800d146   0x00000002   PAD
    0x0800d148   0x0800d148   0x0000013a   Code   RO         1496    .text.UART_SetConfig  stm32f4xx_hal_uart.o
    0x0800d282   0x0800d282   0x00000002   PAD
    0x0800d284   0x0800d284   0x00000018   Code   RO          197    .text.USART3_IRQHandler  stm32f4xx_it.o
    0x0800d29c   0x0800d29c   0x000000c0   Code   RO         2502    .text.UpdateSensors  carousel_dcmotoradapter.o
    0x0800d35c   0x0800d35c   0x000000f6   Code   RO         2642    .text.UpdateSensors  slider_dcmotoradapter.o
    0x0800d452   0x0800d452   0x00000002   PAD
    0x0800d454   0x0800d454   0x00000068   Code   RO         1915    .text.WS2812_DrawManagerBaseInit  ws2812_drawmanagerbase.o
    0x0800d4bc   0x0800d4bc   0x0000001e   Code   RO         1927    .text.WS2812_DrawManagerHandler  ws2812_drawmanagerbase.o
    0x0800d4da   0x0800d4da   0x00000002   PAD
    0x0800d4dc   0x0800d4dc   0x0000003a   Code   RO         1929    .text.WS2812_DrawingStart  ws2812_drawmanagerbase.o
    0x0800d516   0x0800d516   0x00000002   PAD
    0x0800d518   0x0800d518   0x000000a2   Code   RO         1895    .text.WS2812_FillPixels  ws2812.o
    0x0800d5ba   0x0800d5ba   0x00000002   PAD
    0x0800d5bc   0x0800d5bc   0x0000004c   Code   RO         1901    .text.WS2812_GetTransmitterStatus  ws2812.o
    0x0800d608   0x0800d608   0x00000060   Code   RO         1905    .text.WS2812_Init   ws2812.o
    0x0800d668   0x0800d668   0x00000120   Code   RO         1891    .text.WS2812_PutColorToArray  ws2812.o
    0x0800d788   0x0800d788   0x000000da   Code   RO         1893    .text.WS2812_PutPixelsToArray  ws2812.o
    0x0800d862   0x0800d862   0x00000002   PAD
    0x0800d864   0x0800d864   0x0000002e   Code   RO         1903    .text.WS2812_UpdateLayout  ws2812.o
    0x0800d892   0x0800d892   0x00000002   PAD
    0x0800d894   0x0800d894   0x00000030   Code   RO          631    .text.__NVIC_EnableIRQ  stm32f4xx_hal_cortex.o
    0x0800d8c4   0x0800d8c4   0x00000010   Code   RO          623    .text.__NVIC_GetPriorityGrouping  stm32f4xx_hal_cortex.o
    0x0800d8d4   0x0800d8d4   0x00000042   Code   RO          625    .text.__NVIC_SetPriority  stm32f4xx_hal_cortex.o
    0x0800d916   0x0800d916   0x00000002   PAD
    0x0800d918   0x0800d918   0x0000003c   Code   RO          619    .text.__NVIC_SetPriorityGrouping  stm32f4xx_hal_cortex.o
    0x0800d954   0x0800d954   0x00000084   Code   RO           11    .text.main          main.o
    0x0800d9d8   0x0800d9d8   0x00000064   Code   RO         1635    .text.xCircleBufferAdd  xcirclebuffer.o
    0x0800da3c   0x0800da3c   0x0000002a   Code   RO         1637    .text.xCircleBufferGet  xcirclebuffer.o
    0x0800da66   0x0800da66   0x00000002   PAD
    0x0800da68   0x0800da68   0x00000016   Code   RO         1639    .text.xCircleBufferGetFreeSize  xcirclebuffer.o
    0x0800da7e   0x0800da7e   0x00000002   PAD
    0x0800da80   0x0800da80   0x00000052   Code   RO         1641    .text.xCircleBufferInit  xcirclebuffer.o
    0x0800dad2   0x0800dad2   0x00000002   PAD
    0x0800dad4   0x0800dad4   0x00000068   Code   RO         1651    .text.xDataBufferAdd  xdatabuffer.o
    0x0800db3c   0x0800db3c   0x00000016   Code   RO         1653    .text.xDataBufferClear  xdatabuffer.o
    0x0800db52   0x0800db52   0x00000002   PAD
    0x0800db54   0x0800db54   0x00000042   Code   RO         1671    .text.xMemoryCheckLincs  xmemory.o
    0x0800db96   0x0800db96   0x00000002   PAD
    0x0800db98   0x0800db98   0x00000032   Code   RO         1665    .text.xMemoryCopy   xmemory.o
    0x0800dbca   0x0800dbca   0x00000002   PAD
    0x0800dbcc   0x0800dbcc   0x00000024   Code   RO         1684    .text.xRxDeclareRequest  xrx.o
    0x0800dbf0   0x0800dbf0   0x0000001a   Code   RO         1688    .text.xRxGetValue   xrx.o
    0x0800dc0a   0x0800dc0a   0x00000002   PAD
    0x0800dc0c   0x0800dc0c   0x00000012   Code   RO         1680    .text.xRxHandler    xrx.o
    0x0800dc1e   0x0800dc1e   0x00000002   PAD
    0x0800dc20   0x0800dc20   0x0000005c   Code   RO         1696    .text.xRxInit       xrx.o
    0x0800dc7c   0x0800dc7c   0x0000001e   Code   RO         1692    .text.xRxPutInResponseBuffer  xrx.o
    0x0800dc9a   0x0800dc9a   0x00000002   PAD
    0x0800dc9c   0x0800dc9c   0x00000056   Code   RO         1710    .text.xRxReceiverInit  xrxreceiver.o
    0x0800dcf2   0x0800dcf2   0x00000002   PAD
    0x0800dcf4   0x0800dcf4   0x00000092   Code   RO         1708    .text.xRxReceiverRead  xrxreceiver.o
    0x0800dd86   0x0800dd86   0x00000002   PAD
    0x0800dd88   0x0800dd88   0x000000dc   Code   RO         1720    .text.xRxRequestIdentify  xrxrequest.o
    0x0800de64   0x0800de64   0x0000003e   Code   RO         1722    .text.xRxRequestManagerInit  xrxrequest.o
    0x0800dea2   0x0800dea2   0x00000002   PAD
    0x0800dea4   0x0800dea4   0x00000056   Code   RO         1731    .text.xRxTransactionIdentify  xrxtransaction.o
    0x0800defa   0x0800defa   0x00000002   PAD
    0x0800defc   0x0800defc   0x00000114   Code   RO         1735    .text.xRxTransactionRequestReceiver  xrxtransaction.o
    0x0800e010   0x0800e010   0x0000003c   Code   RO         1791    .text.xRxTransactionTransferAdapterInit  xrxtransactiontransferadapter.o
    0x0800e04c   0x0800e04c   0x000000ae   Code   RO         1733    .text.xRxTransactionTransmitEvent  xrxtransaction.o
    0x0800e0fa   0x0800e0fa   0x00000002   PAD
    0x0800e0fc   0x0800e0fc   0x00000024   Code   RO         1747    .text.xTxDeclareEvent  xtx.o
    0x0800e120   0x0800e120   0x00000024   Code   RO         1749    .text.xTxDeclareRequest  xtx.o
    0x0800e144   0x0800e144   0x0000001a   Code   RO         1753    .text.xTxGetValue   xtx.o
    0x0800e15e   0x0800e15e   0x00000002   PAD
    0x0800e160   0x0800e160   0x00000012   Code   RO         1745    .text.xTxHandler    xtx.o
    0x0800e172   0x0800e172   0x00000002   PAD
    0x0800e174   0x0800e174   0x0000005c   Code   RO         1763    .text.xTxInit       xtx.o
    0x0800e1d0   0x0800e1d0   0x0000002c   Code   RO         1773    .text.xTxTransferHandler  xtxtransfer.o
    0x0800e1fc   0x0800e1fc   0x0000005e   Code   RO         1781    .text.xTxTransferInit  xtxtransfer.o
    0x0800e25a   0x0800e25a   0x00000002   PAD
    0x0800e25c   0x0800e25c   0x0000004c   Code   RO         1777    .text.xTxTransferSetTxLine  xtxtransfer.o
    0x0800e2a8   0x0800e2a8   0x00000098   Code   RO         1775    .text.xTxTransferStart  xtxtransfer.o
    0x0800e340   0x0800e340   0x0000001e   Code   RO         1755    .text.xTxTransmitData  xtx.o
    0x0800e35e   0x0800e35e   0x00000002   PAD
    0x0800e360   0x0800e360   0x0000002c   Code   RO         1761    .text.xTxTransmitString  xtx.o
    0x0800e38c   0x0800e38c   0x0000001c   Code   RO         1757    .text.xTxTransmitWord  xtx.o
    0x0800e3a8   0x0800e3a8   0x00000062   Code   RO         2861    x$fpl$d2f           fz_wm.l(d2f.o)
    0x0800e40a   0x0800e40a   0x00000002   PAD
    0x0800e40c   0x0800e40c   0x00000150   Code   RO         2863    x$fpl$dadd          fz_wm.l(daddsub_clz.o)
    0x0800e55c   0x0800e55c   0x00000018   Code   RO         2928    x$fpl$dcmpinf       fz_wm.l(dcmpi.o)
    0x0800e574   0x0800e574   0x000002b4   Code   RO         2872    x$fpl$ddiv          fz_wm.l(ddiv.o)
    0x0800e828   0x0800e828   0x00000078   Code   RO         2896    x$fpl$deqf          fz_wm.l(deqf.o)
    0x0800e8a0   0x0800e8a0   0x0000005e   Code   RO         2875    x$fpl$dfix          fz_wm.l(dfix.o)
    0x0800e8fe   0x0800e8fe   0x0000002e   Code   RO         2880    x$fpl$dflt          fz_wm.l(dflt_clz.o)
    0x0800e92c   0x0800e92c   0x00000078   Code   RO         2898    x$fpl$dgeqf         fz_wm.l(dgeqf.o)
    0x0800e9a4   0x0800e9a4   0x00000078   Code   RO         2900    x$fpl$dleqf         fz_wm.l(dleqf.o)
    0x0800ea1c   0x0800ea1c   0x00000154   Code   RO         2885    x$fpl$dmul          fz_wm.l(dmul.o)
    0x0800eb70   0x0800eb70   0x0000009c   Code   RO         2902    x$fpl$dnaninf       fz_wm.l(dnaninf.o)
    0x0800ec0c   0x0800ec0c   0x0000000c   Code   RO         2904    x$fpl$dretinf       fz_wm.l(dretinf.o)
    0x0800ec18   0x0800ec18   0x000001dc   Code   RO         2865    x$fpl$dsub          fz_wm.l(daddsub_clz.o)
    0x0800edf4   0x0800edf4   0x00000056   Code   RO         2887    x$fpl$f2d           fz_wm.l(f2d.o)
    0x0800ee4a   0x0800ee4a   0x00000054   Code   RO         2869    x$fpl$fcmp          fz_wm.l(dcmp.o)
    0x0800ee9e   0x0800ee9e   0x0000008c   Code   RO         2906    x$fpl$fnaninf       fz_wm.l(fnaninf.o)
    0x0800ef2a   0x0800ef2a   0x0000001a   Code   RO         3017    x$fpl$fpinit        fz_wm.l(fpinit.o)
    0x0800ef44   0x0800ef44   0x0000000a   Code   RO         2908    x$fpl$fretinf       fz_wm.l(fretinf.o)
    0x0800ef4e   0x0800ef4e   0x00000000   Code   RO         2910    x$fpl$usenofp       fz_wm.l(usenofp.o)
    0x0800ef4e   0x0800ef4e   0x00000003   Data   RO         2271    .rodata..L__const.CupsControllerComponentInit.color  cupscontroller_component.o
    0x0800ef51   0x0800ef51   0x00000010   Data   RO         1626    .rodata.AHBPrescTable  system_stm32f4xx.o
    0x0800ef61   0x0800ef61   0x00000008   Data   RO         1627    .rodata.APBPrescTable  system_stm32f4xx.o
    0x0800ef69   0x0800ef69   0x00000003   PAD
    0x0800ef6c   0x0800ef6c   0x00000020   Data   RO         2831    .rodata.BrewGroupRequests  brewgroup_rxrequests.o
    0x0800ef8c   0x0800ef8c   0x00000010   Data   RO         2839    .rodata.BrewGroupTransactions  brewgroup_rxtransactions.o
    0x0800ef9c   0x0800ef9c   0x00000020   Data   RO         2215    .rodata.CameraRequests  camera_requests.o
    0x0800efbc   0x0800efbc   0x0000000c   Data   RO         2251    .rodata.CameraTransactionGetSnapshotJPEG.TransferAdapter  camera_transactions.o
    0x0800efc8   0x0800efc8   0x00000088   Data   RO         2252    .rodata.CameraTransactions  camera_transactions.o
    0x0800f050   0x0800f050   0x00000020   Data   RO         2524    .rodata.CarouselRequests  carousel_rxrequests.o
    0x0800f070   0x0800f070   0x00000068   Data   RO         2554    .rodata.CarouselTransactions  carousel_rxtransactions.o
    0x0800f0d8   0x0800f0d8   0x00000020   Data   RO         2402    .rodata.CupsControllerRxRequests  cupscontroller_rxrequests.o
    0x0800f0f8   0x0800f0f8   0x00000028   Data   RO         2414    .rodata.CupsControllerTransactions  cupscontroller_rxtransactions.o
    0x0800f120   0x0800f120   0x00000008   Data   RO          543    .rodata.DMA_CalcBaseAndBitshift.flagBitshiftOffset  stm32f4xx_hal_dma.o
    0x0800f128   0x0800f128   0x00000018   Data   RO         2269    .rodata.DrawingTemplate1  cupscontroller_component.o
    0x0800f140   0x0800f140   0x00000018   Data   RO         2270    .rodata.DrawingTemplate2  cupscontroller_component.o
    0x0800f158   0x0800f158   0x00000002   Data   RO         1982    .rodata.Handler.end  terminal_transferadapter.o
    0x0800f15a   0x0800f15a   0x00000002   PAD
    0x0800f15c   0x0800f15c   0x00000010   Data   RO         1799    .rodata.Interface   xrxtransactiontransferadapter.o
    0x0800f16c   0x0800f16c   0x00000010   Data   RO         1981    .rodata.Interface   terminal_transferadapter.o
    0x0800f17c   0x0800f17c   0x00000008   Data   RO         2268    .rodata.Interface   cupscontroller_component.o
    0x0800f184   0x0800f184   0x00000008   Data   RO         2428    .rodata.Interface   carousel_component.o
    0x0800f18c   0x0800f18c   0x00000008   Data   RO         2568    .rodata.Interface   slider_component.o
    0x0800f194   0x0800f194   0x00000008   Data   RO         2688    .rodata.Interface   brewgroup_component.o
    0x0800f19c   0x0800f19c   0x0000000c   Data   RO         1862    .rodata.OV2640_BRIGHTNESS_0  ov2640_driver.o
    0x0800f1a8   0x0800f1a8   0x0000000c   Data   RO         1861    .rodata.OV2640_BRIGHTNESS_M1  ov2640_driver.o
    0x0800f1b4   0x0800f1b4   0x0000000c   Data   RO         1860    .rodata.OV2640_BRIGHTNESS_M2  ov2640_driver.o
    0x0800f1c0   0x0800f1c0   0x0000000c   Data   RO         1863    .rodata.OV2640_BRIGHTNESS_P1  ov2640_driver.o
    0x0800f1cc   0x0800f1cc   0x0000000c   Data   RO         1864    .rodata.OV2640_BRIGHTNESS_P2  ov2640_driver.o
    0x0800f1d8   0x0800f1d8   0x00000010   Data   RO         1857    .rodata.OV2640_CONTRAST_0  ov2640_driver.o
    0x0800f1e8   0x0800f1e8   0x00000010   Data   RO         1856    .rodata.OV2640_CONTRAST_M1  ov2640_driver.o
    0x0800f1f8   0x0800f1f8   0x00000010   Data   RO         1855    .rodata.OV2640_CONTRAST_M2  ov2640_driver.o
    0x0800f208   0x0800f208   0x00000010   Data   RO         1858    .rodata.OV2640_CONTRAST_P1  ov2640_driver.o
    0x0800f218   0x0800f218   0x00000010   Data   RO         1859    .rodata.OV2640_CONTRAST_P2  ov2640_driver.o
    0x0800f228   0x0800f228   0x00000010   Data   RO         2183    .rodata.OV2640_Interface  camera_ov2640_adapter.o
    0x0800f238   0x0800f238   0x0000017c   Data   RO         1846    .rodata.OV2640_JPEG_INIT  ov2640_driver.o
    0x0800f3b4   0x0800f3b4   0x00000010   Data   RO         1848    .rodata.OV2640_JPEG_OUTPUT  ov2640_driver.o
    0x0800f3c4   0x0800f3c4   0x00000004   Data   RO         1870    .rodata.OV2640_LIGHT_MODE_AUTO  ov2640_driver.o
    0x0800f3c8   0x0800f3c8   0x0000000a   Data   RO         1872    .rodata.OV2640_LIGHT_MODE_CLOUDY  ov2640_driver.o
    0x0800f3d2   0x0800f3d2   0x0000000a   Data   RO         1874    .rodata.OV2640_LIGHT_MODE_HOME  ov2640_driver.o
    0x0800f3dc   0x0800f3dc   0x0000000a   Data   RO         1873    .rodata.OV2640_LIGHT_MODE_OFFICE  ov2640_driver.o
    0x0800f3e6   0x0800f3e6   0x0000000a   Data   RO         1871    .rodata.OV2640_LIGHT_MODE_SUNNY  ov2640_driver.o
    0x0800f3f0   0x0800f3f0   0x00000009   Data   RO         2184    .rodata.OV2640_Options  camera_ov2640_adapter.o
    0x0800f3f9   0x0800f3f9   0x00000010   Data   RO         1847    .rodata.OV2640_PIXEL_FORMAT_YUV422  ov2640_driver.o
    0x0800f409   0x0800f409   0x0000004c   Data   RO         1850    .rodata.OV2640_RESOLUTION_1024x768  ov2640_driver.o
    0x0800f455   0x0800f455   0x00000050   Data   RO         1849    .rodata.OV2640_RESOLUTION_1280x960  ov2640_driver.o
    0x0800f4a5   0x0800f4a5   0x0000004e   Data   RO         1854    .rodata.OV2640_RESOLUTION_160x120  ov2640_driver.o
    0x0800f4f3   0x0800f4f3   0x0000004e   Data   RO         1853    .rodata.OV2640_RESOLUTION_320x240  ov2640_driver.o
    0x0800f541   0x0800f541   0x00000050   Data   RO         1852    .rodata.OV2640_RESOLUTION_640x480  ov2640_driver.o
    0x0800f591   0x0800f591   0x00000050   Data   RO         1851    .rodata.OV2640_RESOLUTION_800x600  ov2640_driver.o
    0x0800f5e1   0x0800f5e1   0x0000000c   Data   RO         1867    .rodata.OV2640_SATURATION_0  ov2640_driver.o
    0x0800f5ed   0x0800f5ed   0x0000000c   Data   RO         1866    .rodata.OV2640_SATURATION_M1  ov2640_driver.o
    0x0800f5f9   0x0800f5f9   0x0000000c   Data   RO         1865    .rodata.OV2640_SATURATION_M2  ov2640_driver.o
    0x0800f605   0x0800f605   0x0000000c   Data   RO         1868    .rodata.OV2640_SATURATION_P1  ov2640_driver.o
    0x0800f611   0x0800f611   0x0000000c   Data   RO         1869    .rodata.OV2640_SATURATION_P2  ov2640_driver.o
    0x0800f61d   0x0800f61d   0x0000000c   Data   RO         1882    .rodata.OV2640_SPECIAL_EFFECTS_ANTIQUE  ov2640_driver.o
    0x0800f629   0x0800f629   0x0000000c   Data   RO         1876    .rodata.OV2640_SPECIAL_EFFECTS_BLACK  ov2640_driver.o
    0x0800f635   0x0800f635   0x0000000c   Data   RO         1878    .rodata.OV2640_SPECIAL_EFFECTS_BLACK_NEGATIVE  ov2640_driver.o
    0x0800f641   0x0800f641   0x0000000c   Data   RO         1879    .rodata.OV2640_SPECIAL_EFFECTS_BLUISH  ov2640_driver.o
    0x0800f64d   0x0800f64d   0x0000000c   Data   RO         1880    .rodata.OV2640_SPECIAL_EFFECTS_GREENISH  ov2640_driver.o
    0x0800f659   0x0800f659   0x0000000c   Data   RO         1877    .rodata.OV2640_SPECIAL_EFFECTS_NEGATIVE  ov2640_driver.o
    0x0800f665   0x0800f665   0x0000000c   Data   RO         1875    .rodata.OV2640_SPECIAL_EFFECTS_NORMAL  ov2640_driver.o
    0x0800f671   0x0800f671   0x0000000c   Data   RO         1881    .rodata.OV2640_SPECIAL_EFFECTS_REDDISH  ov2640_driver.o
    0x0800f67d   0x0800f67d   0x00000003   PAD
    0x0800f680   0x0800f680   0x00000020   Data   RO         2654    .rodata.SliderRequests  slider_rxrequests.o
    0x0800f6a0   0x0800f6a0   0x00000038   Data   RO         2672    .rodata.SliderTransactions  slider_rxtransactions.o
    0x0800f6d8   0x0800f6d8   0x00000030   Data   RO         1997    .rodata.TerminalRxRequests  terminal_rxrequests.o
    0x0800f708   0x0800f708   0x00000028   Data   RO         2011    .rodata.TerminalRxTransactions  terminal_rxtransactions.o
    0x0800f730   0x0800f730   0x00000008   Data   RO         1996    .rodata.TransactionRequestHeader  terminal_rxrequests.o
    0x0800f738   0x0800f738   0x00000008   Data   RO         2214    .rodata.TransactionRequestHeader  camera_requests.o
    0x0800f740   0x0800f740   0x00000008   Data   RO         2401    .rodata.TransactionRequestHeader  cupscontroller_rxrequests.o
    0x0800f748   0x0800f748   0x00000008   Data   RO         2523    .rodata.TransactionRequestHeader  carousel_rxrequests.o
    0x0800f750   0x0800f750   0x00000008   Data   RO         2653    .rodata.TransactionRequestHeader  slider_rxrequests.o
    0x0800f758   0x0800f758   0x00000008   Data   RO         2830    .rodata.TransactionRequestHeader  brewgroup_rxrequests.o
    0x0800f760   0x0800f760   0x00000099   Data   RO         1953    .rodata.TransferData  terminal.o
    0x0800f7f9   0x0800f7f9   0x0000000f   Data   RO         1643    .rodata.str1.1      xcirclebuffer.o
    0x0800f808   0x0800f808   0x00000005   Data   RO         1698    .rodata.str1.1      xrx.o
    0x0800f80d   0x0800f80d   0x0000000d   Data   RO         1712    .rodata.str1.1      xrxreceiver.o
    0x0800f81a   0x0800f81a   0x00000005   Data   RO         1765    .rodata.str1.1      xtx.o
    0x0800f81f   0x0800f81f   0x0000000d   Data   RO         1783    .rodata.str1.1      xtxtransfer.o
    0x0800f82c   0x0800f82c   0x00000009   Data   RO         1883    .rodata.str1.1      ov2640_driver.o
    0x0800f835   0x0800f835   0x00000009   Data   RO         1907    .rodata.str1.1      ws2812.o
    0x0800f83e   0x0800f83e   0x00000018   Data   RO         1935    .rodata.str1.1      ws2812_drawmanagerbase.o
    0x0800f856   0x0800f856   0x00000063   Data   RO         1951    .rodata.str1.1      terminal.o
    0x0800f8b9   0x0800f8b9   0x0000001f   Data   RO         1995    .rodata.str1.1      terminal_rxrequests.o
    0x0800f8d8   0x0800f8d8   0x0000000c   Data   RO         2023    .rodata.str1.1      serialport.o
    0x0800f8e4   0x0800f8e4   0x00000008   Data   RO         2127    .rodata.str1.1      camera.o
    0x0800f8ec   0x0800f8ec   0x00000010   Data   RO         2182    .rodata.str1.1      camera_ov2640_adapter.o
    0x0800f8fc   0x0800f8fc   0x00000027   Data   RO         2294    .rodata.str1.1      cupscontroller.o
    0x0800f923   0x0800f923   0x0000000a   Data   RO         2462    .rodata.str1.1      carousel.o
    0x0800f92d   0x0800f92d   0x00000018   Data   RO         2514    .rodata.str1.1      carousel_dcmotoradapter.o
    0x0800f945   0x0800f945   0x00000008   Data   RO         2596    .rodata.str1.1      slider.o
    0x0800f94d   0x0800f94d   0x00000016   Data   RO         2644    .rodata.str1.1      slider_dcmotoradapter.o
    0x0800f963   0x0800f963   0x0000000b   Data   RO         2702    .rodata.str1.1      brewgroup.o
    0x0800f96e   0x0800f96e   0x00000019   Data   RO         2782    .rodata.str1.1      brewgroup_dcmotoradapter.o
    0x0800f987   0x0800f987   0x0000001b   Data   RO         2802    .rodata.str1.1      brewgroup_thermostatadapter.o
    0x0800f9a2   0x0800f9a2   0x0000001b   Data   RO         2822    .rodata.str1.1      brewgroup_waterpumpadapter.o
    0x0800f9bd   0x0800f9bd   0x00000003   PAD
    0x0800f9c0   0x0800f9c0   0x00000020   Data   RO         3078    Region$$Table       anon$$obj.o


    Execution Region RW_IRAM2 (Exec base: 0x10000000, Load base: 0x0800faf0, Size: 0x00000000, Max: 0x00010000, ABSOLUTE)

    **** No section assigned to this execution region ****


    Execution Region RW_IRAM1 (Exec base: 0x20000000, Load base: 0x0800f9e0, Size: 0x00012bf0, Max: 0x00030000, ABSOLUTE, COMPRESSED[0x00000110])

    Exec Addr    Load Addr    Size         Type   Attr      Idx    E Section Name        Object

    0x20000000   COMPRESSED   0x00000058   Data   RW         2035    .data.Adapter       serialport_uart_component.o
    0x20000058   COMPRESSED   0x00000014   Data   RW         2265    .data.AdapterCup12  cupscontroller_component.o
    0x2000006c   COMPRESSED   0x00000014   Data   RW         2267    .data.AdapterCup34  cupscontroller_component.o
    0x20000080   COMPRESSED   0x00000044   Data   RW         2684    .data.BrewGroupDCMotorAdapter  brewgroup_component.o
    0x200000c4   COMPRESSED   0x00000008   Data   RW         2141    .data.CameraInterface  camera_ov2640_component.o
    0x200000cc   COMPRESSED   0x00000044   Data   RW         2142    .data.CameraOV2640Adapter  camera_ov2640_component.o
    0x20000110   COMPRESSED   0x00000048   Data   RW         2426    .data.CarouselDCMotorAdapter  carousel_component.o
    0x20000158   COMPRESSED   0x00000010   Data   RW         2311    .data.CupDrawManagerDescription  cupscontroller_drawmanager.o
    0x20000168   COMPRESSED   0x00000014   Data   RW         2310    .data.CupDrawManagerTemplateDescription  cupscontroller_drawmanager.o
    0x2000017c   COMPRESSED   0x00000004   Data   RW         2040    .data.Interface     serialport_uart_component.o
    0x20000180   COMPRESSED   0x00000014   Data   RW         2206    .data.Interface     camera_ov2640_adapterinterface.o
    0x20000194   COMPRESSED   0x00000014   Data   RW         2515    .data.Interface     carousel_dcmotoradapter.o
    0x200001a8   COMPRESSED   0x00000014   Data   RW         2645    .data.Interface     slider_dcmotoradapter.o
    0x200001bc   COMPRESSED   0x00000018   Data   RW         1950    .data.ResponseBuffer  terminal.o
    0x200001d4   COMPRESSED   0x00000048   Data   RW         2566    .data.SliderDCMotorAdapter  slider_component.o
    0x2000021c   COMPRESSED   0x00000004   Data   RW         1625    .data.SystemCoreClock  system_stm32f4xx.o
    0x20000220   COMPRESSED   0x00000004   Data   RW         1954    .data.Timer7        terminal.o
    0x20000224   COMPRESSED   0x0000000c   Data   RW         1952    .data.TransferAdapter  terminal.o
    0x20000230   COMPRESSED   0x00000014   Data   RW         2393    .data.driver_interface  cupscontroller_ledadapter.o
    0x20000244   COMPRESSED   0x00000014   Data   RW         2091    .data.interface     serialport_uart_txadapter.o
    0x20000258   COMPRESSED   0x00000014   Data   RW         2071    .data.rx_interface  serialport_uart_rxadapter.o
    0x2000026c   COMPRESSED   0x00000004   Data   RW         2070    .data.rx_receiver_interface  serialport_uart_rxadapter.o
    0x20000270   COMPRESSED   0x00000001   Data   RW          747    .data.uwTickFreq    stm32f4xx_hal.o
    0x20000271   COMPRESSED   0x00000003   PAD
    0x20000274   COMPRESSED   0x00000004   Data   RW          746    .data.uwTickPrio    stm32f4xx_hal.o
    0x20000278        -       0x00000060   Zero   RW         2945    .bss                c_w.l(libspace.o)
    0x200002d8        -       0x00000080   Zero   RW         2687    .bss.BrewGroup      brewgroup_component.o
    0x20000358        -       0x00000004   Zero   RW         2685    .bss.BrewGroupTermostatAdapter  brewgroup_component.o
    0x2000035c        -       0x00000004   Zero   RW         2686    .bss.BrewGroupWaterPumpAdapter  brewgroup_component.o
    0x20000360        -       0x00000070   Zero   RW         2143    .bss.CameraOV2640   camera_ov2640_component.o
    0x200003d0        -       0x00000068   Zero   RW         2427    .bss.Carousel       carousel_component.o
    0x20000438        -       0x00000008   Zero   RW         1955    .bss.Counters       terminal.o
    0x20000440        -       0x0000030c   Zero   RW         2293    .bss.CupsController  cupscontroller.o
    0x2000074c        -       0x00000044   Zero   RW         2036    .bss.SerialPortUART  serialport_uart_component.o
    0x20000790        -       0x00000034   Zero   RW         2567    .bss.Slider         slider_component.o
    0x200007c4        -       0x00000030   Zero   RW         1967    .bss.Terminal       terminal_component.o
    0x200007f4        -       0x00000001   Zero   RW         1957    .bss.TerminalHandler.time_update_template  terminal.o
    0x200007f5   COMPRESSED   0x00000003   PAD
    0x200007f8        -       0x00000034   Zero   RW         1959    .bss.Transfer       terminal.o
    0x2000082c   COMPRESSED   0x00000004   PAD
    0x20000830        -       0x00000008   Zero   RW         1956    .bss.WorkTime       terminal.o
    0x20000838        -       0x0000fffc   Zero   RW         2144    .bss.camera_snapshot_buffer  camera_ov2640_component.o
    0x20010834        -       0x00000366   Zero   RW         2264    .bss.data_buffer_cups_12  cupscontroller_component.o
    0x20010b9a        -       0x00000366   Zero   RW         2266    .bss.data_buffer_cups_34  cupscontroller_component.o
    0x20010f00        -       0x00000048   Zero   RW           39    .bss.hadc1          adc.o
    0x20010f48        -       0x00000008   Zero   RW           53    .bss.hcrc           crc.o
    0x20010f50        -       0x00000040   Zero   RW           67    .bss.hdcmi          dcmi.o
    0x20010f90        -       0x00000060   Zero   RW           68    .bss.hdma_dcmi      dcmi.o
    0x20010ff0        -       0x00000060   Zero   RW          150    .bss.hdma_tim1_up   tim.o
    0x20011050        -       0x00000060   Zero   RW          171    .bss.hdma_uart4_rx  usart.o
    0x200110b0        -       0x00000060   Zero   RW          172    .bss.hdma_uart4_tx  usart.o
    0x20011110        -       0x00000060   Zero   RW          173    .bss.hdma_uart8_rx  usart.o
    0x20011170        -       0x00000060   Zero   RW          174    .bss.hdma_uart8_tx  usart.o
    0x200111d0        -       0x00000060   Zero   RW          175    .bss.hdma_usart3_rx  usart.o
    0x20011230        -       0x00000054   Zero   RW           90    .bss.hi2c1          i2c.o
    0x20011284        -       0x00000058   Zero   RW          104    .bss.hspi4          spi.o
    0x200112dc        -       0x00000048   Zero   RW          142    .bss.htim1          tim.o
    0x20011324        -       0x00000048   Zero   RW          143    .bss.htim2          tim.o
    0x2001136c        -       0x00000048   Zero   RW          144    .bss.htim3          tim.o
    0x200113b4        -       0x00000048   Zero   RW          145    .bss.htim4          tim.o
    0x200113fc        -       0x00000048   Zero   RW          146    .bss.htim5          tim.o
    0x20011444        -       0x00000048   Zero   RW          147    .bss.htim7          tim.o
    0x2001148c        -       0x00000048   Zero   RW          148    .bss.htim8          tim.o
    0x200114d4        -       0x00000048   Zero   RW          149    .bss.htim9          tim.o
    0x2001151c        -       0x00000044   Zero   RW          170    .bss.huart3         usart.o
    0x20011560        -       0x00000044   Zero   RW          168    .bss.huart4         usart.o
    0x200115a4        -       0x00000044   Zero   RW          169    .bss.huart8         usart.o
    0x200115e8        -       0x00000400   Zero   RW         1949    .bss.response_data_buffer_memory  terminal.o
    0x200119e8        -       0x00000200   Zero   RW         2037    .bss.rx_circle_buf  serialport_uart_component.o
    0x20011be8        -       0x00000200   Zero   RW         2039    .bss.rx_object_buf  serialport_uart_component.o
    0x20011de8        -       0x00000400   Zero   RW         2038    .bss.tx_circle_buf  serialport_uart_component.o
    0x200121e8        -       0x00000004   Zero   RW          748    .bss.uwTick         stm32f4xx_hal.o
    0x200121ec   COMPRESSED   0x00000004   PAD
    0x200121f0        -       0x00000500   Zero   RW            2    HEAP                startup_stm32f429xx.o
    0x200126f0        -       0x00000500   Zero   RW            1    STACK               startup_stm32f429xx.o


==============================================================================

Image component sizes


      Code (inc. data)   RO Data    RW Data    ZI Data      Debug   Object Name

       256          0          0          0         72       5006   adc.o
        80          0         11          0          0       6252   brewgroup.o
        94          0          8         68        136      13763   brewgroup_component.o
       200          0         25          0          0      13848   brewgroup_dcmotoradapter.o
         0          0         40          0          0       1614   brewgroup_rxrequests.o
        30          0         16          0          0       8755   brewgroup_rxtransactions.o
       200          0         27          0          0       6834   brewgroup_thermostatadapter.o
       200          0         27          0          0       6829   brewgroup_waterpumpadapter.o
       726          0          8          0          0       9889   camera.o
       616          0         41          0          0      16445   camera_ov2640_adapter.o
       820         20          0         20          0      16626   camera_ov2640_adapterinterface.o
       238          4          0         76      65644      15546   camera_ov2640_component.o
         0          0         40          0          0       1595   camera_requests.o
       802          0        148          0          0      12329   camera_transactions.o
      1202         40         10          0          0       7502   carousel.o
        66          0          8         72        104      11484   carousel_component.o
      2576         36         24         20          0      16181   carousel_dcmotoradapter.o
         0          0         40          0          0       1609   carousel_rxrequests.o
       606          0        104          0          0       9480   carousel_rxtransactions.o
        98          0          0          0          8       2635   crc.o
       618          0         39          0        780       9961   cupscontroller.o
       448          0         59         40       1740       3191   cupscontroller_component.o
       592          0          0         36          0       8066   cupscontroller_drawmanager.o
       660          0          0         20          0      14741   cupscontroller_ledadapter.o
         0          0         40          0          0       1641   cupscontroller_rxrequests.o
       224          0         40          0          0       5199   cupscontroller_rxtransactions.o
       666          0          0          0        160       7343   dcmi.o
       206          0          0          0          0       3581   dma.o
       728          0          0          0          0       2578   gpio.o
       264          0          0          0         84       5228   i2c.o
       330          0          0          0          0       3089   main.o
      2442         38       1233          0          0      11310   ov2640_driver.o
       104          0         12          0          0       4395   serialport.o
       116          0          0          0          0       9082   serialport_uart_adapter.o
       214          0          0         92       2116       9567   serialport_uart_component.o
       522          0          0         24          0      10544   serialport_uart_rxadapter.o
       556          0          0         20          0      10241   serialport_uart_txadapter.o
       192          0          8          0          0       7813   slider.o
       232          0          8         72         52      14233   slider_component.o
      1688          0         22         20          0      16365   slider_dcmotoradapter.o
         0          0         40          0          0       1599   slider_rxrequests.o
       304          0         56          0          0       7885   slider_rxtransactions.o
       224          0          0          0         88       4989   spi.o
        64         26        428          0       2560        844   startup_stm32f429xx.o
       270          0          0          5          4       7727   stm32f4xx_hal.o
      1130          0          0          0          0      10233   stm32f4xx_hal_adc.o
       482          0          0          0          0       9808   stm32f4xx_hal_cortex.o
        64          0          0          0          0       2885   stm32f4xx_hal_crc.o
      1348          0          0          0          0       7998   stm32f4xx_hal_dcmi.o
       184          0          0          0          0       3649   stm32f4xx_hal_dcmi_ex.o
      2210          8          8          0          0       8641   stm32f4xx_hal_dma.o
      8356          0          0          0          0       5808   stm32f4xx_hal_dma_ex.o
      1052          0          0          0          0       5350   stm32f4xx_hal_gpio.o
      4126          0          0          0          0      37411   stm32f4xx_hal_i2c.o
       238          0          0          0          0       4129   stm32f4xx_hal_i2c_ex.o
        74          0          0          0          0       1560   stm32f4xx_hal_msp.o
      2646          0          0          0          0       7796   stm32f4xx_hal_rcc.o
       256          0          0          0          0      19837   stm32f4xx_hal_spi.o
      2876         14          0          0          0      35925   stm32f4xx_hal_tim.o
       468          0          0          0          0      15429   stm32f4xx_hal_tim_ex.o
       468          0          0          0          0      20287   stm32f4xx_hal_uart.o
       212          0          0          0          0       2168   stm32f4xx_it.o
        18          0         24          4          0       2652   system_stm32f4xx.o
       840          4        252         40       1093      11674   terminal.o
         0          0          0          0         48       4580   terminal_component.o
       374          0         87          0          0       5025   terminal_rxrequests.o
       158          0         40          0          0       4721   terminal_rxtransactions.o
       602          0         18          0          0       5290   terminal_transferadapter.o
      2736          0          0          0        672      12216   tim.o
      1036          0          0          0        684       8041   usart.o
       886         24          9          0          0       6193   ws2812.o
       268          0         24          0          0       3649   ws2812_drawmanagerbase.o
       246          0         15          0          0       1970   xcirclebuffer.o
       126          0          0          0          0       2033   xdatabuffer.o
       116          0          0          0          0       1388   xmemory.o
       202          0          5          0          0       4908   xrx.o
       232          0         13          0          0       5095   xrxreceiver.o
       282          0          0          0          0       4507   xrxrequest.o
       536          0          0          0          0       5487   xrxtransaction.o
       444          0         16          0          0       5141   xrxtransactiontransferadapter.o
       310          0          5          0          0       4037   xtx.o
       366          0         13          0          0       4732   xtxtransfer.o

    ----------------------------------------------------------------------
     56800        214       3134        632      76056     667687   Object Totals
         0          0         32          0          0          0   (incl. Generated)
       358          0         11          3         11          0   (incl. Padding)

    ----------------------------------------------------------------------

      Code (inc. data)   RO Data    RW Data    ZI Data      Debug   Library Member Name

        90          0          0          0          0          0   __dczerorl2.o
         8          0          0          0          0         68   __main.o
         0          0          0          0          0          0   __rtentry.o
        12          0          0          0          0          0   __rtentry2.o
         6          0          0          0          0          0   __rtentry4.o
        52          8          0          0          0          0   __scatter.o
        28          0          0          0          0          0   __scatter_zi.o
        18          0          0          0          0         80   exit.o
         6          0          0          0          0        152   heapauxi.o
         0          0          0          0          0          0   indicate_semi.o
         2          0          0          0          0          0   libinit.o
         6          0          0          0          0          0   libinit2.o
         2          0          0          0          0          0   libshutdown.o
         2          0          0          0          0          0   libshutdown2.o
         8          4          0          0         96         68   libspace.o
       240          0          0          0          0        100   lludivv7m.o
        88          0          0          0          0         76   memcmp.o
        78          0          0          0          0         80   rt_memclr_w.o
       138          0          0          0          0         68   rt_memcpy_v6.o
       100          0          0          0          0         80   rt_memcpy_w.o
         2          0          0          0          0          0   rtexit.o
        10          0          0          0          0          0   rtexit2.o
        62          0          0          0          0         76   strlen.o
        12          4          0          0          0         68   sys_exit.o
        74          0          0          0          0         80   sys_stackheap_outer.o
         2          0          0          0          0         68   use_no_semi.o
        98          4          0          0          0        140   d2f.o
       812         16          0          0          0        392   daddsub_clz.o
        84          0          0          0          0        244   dcmp.o
        24          0          0          0          0        116   dcmpi.o
       692        140          0          0          0        264   ddiv.o
       120          4          0          0          0        140   deqf.o
        94          4          0          0          0        140   dfix.o
        46          0          0          0          0        116   dflt_clz.o
       120          4          0          0          0        140   dgeqf.o
       120          4          0          0          0        140   dleqf.o
       340         12          0          0          0        152   dmul.o
       156          4          0          0          0        140   dnaninf.o
        12          0          0          0          0        116   dretinf.o
        86          4          0          0          0        132   f2d.o
       140          4          0          0          0        132   fnaninf.o
        26          0          0          0          0        116   fpinit.o
        10          0          0          0          0        116   fretinf.o
         0          0          0          0          0          0   usenofp.o

    ----------------------------------------------------------------------
      4034        216          0          0         96       3800   Library Totals
         8          0          0          0          0          0   (incl. Padding)

    ----------------------------------------------------------------------

      Code (inc. data)   RO Data    RW Data    ZI Data      Debug   Library Name

      1046         16          0          0         96       1064   c_w.l
      2980        200          0          0          0       2736   fz_wm.l

    ----------------------------------------------------------------------
      4034        216          0          0         96       3800   Library Totals

    ----------------------------------------------------------------------

==============================================================================


      Code (inc. data)   RO Data    RW Data    ZI Data      Debug   

     60834        430       3134        632      76152     667839   Grand Totals
     60834        430       3134        272      76152     667839   ELF Image Totals (compressed)
     60834        430       3134        272          0          0   ROM Totals

==============================================================================

    Total RO  Size (Code + RO Data)                63968 (  62.47kB)
    Total RW  Size (RW Data + ZI Data)             76784 (  74.98kB)
    Total ROM Size (Code + RO Data + RW Data)      64240 (  62.73kB)

==============================================================================

