Component: ARM Compiler 6.16 Tool: armlink [5dfeaa00]

==============================================================================

Section Cross References

    startup_stm32f429xx.o(STACK) refers (Special) to heapauxi.o(.text) for __use_two_region_memory
    startup_stm32f429xx.o(HEAP) refers (Special) to heapauxi.o(.text) for __use_two_region_memory
    startup_stm32f429xx.o(RESET) refers (Special) to heapauxi.o(.text) for __use_two_region_memory
    startup_stm32f429xx.o(RESET) refers to startup_stm32f429xx.o(STACK) for __initial_sp
    startup_stm32f429xx.o(RESET) refers to startup_stm32f429xx.o(.text) for Reset_Handler
    startup_stm32f429xx.o(RESET) refers to stm32f4xx_it.o(.text.HardFault_Handler) for HardFault_Handler
    startup_stm32f429xx.o(RESET) refers to stm32f4xx_it.o(.text.SysTick_Handler) for SysTick_Handler
    startup_stm32f429xx.o(RESET) refers to stm32f4xx_it.o(.text.DMA1_Stream0_IRQHandler) for DMA1_Stream0_IRQHandler
    startup_stm32f429xx.o(RESET) refers to stm32f4xx_it.o(.text.DMA1_Stream1_IRQHandler) for DMA1_Stream1_IRQHandler
    startup_stm32f429xx.o(RESET) refers to stm32f4xx_it.o(.text.DMA1_Stream2_IRQHandler) for DMA1_Stream2_IRQHandler
    startup_stm32f429xx.o(RESET) refers to stm32f4xx_it.o(.text.DMA1_Stream4_IRQHandler) for DMA1_Stream4_IRQHandler
    startup_stm32f429xx.o(RESET) refers to stm32f4xx_it.o(.text.DMA1_Stream6_IRQHandler) for DMA1_Stream6_IRQHandler
    startup_stm32f429xx.o(RESET) refers to stm32f4xx_it.o(.text.USART3_IRQHandler) for USART3_IRQHandler
    startup_stm32f429xx.o(RESET) refers to stm32f4xx_it.o(.text.TIM7_IRQHandler) for TIM7_IRQHandler
    startup_stm32f429xx.o(RESET) refers to stm32f4xx_it.o(.text.DMA2_Stream1_IRQHandler) for DMA2_Stream1_IRQHandler
    startup_stm32f429xx.o(RESET) refers to stm32f4xx_it.o(.text.DMA2_Stream5_IRQHandler) for DMA2_Stream5_IRQHandler
    startup_stm32f429xx.o(RESET) refers to stm32f4xx_it.o(.text.DCMI_IRQHandler) for DCMI_IRQHandler
    startup_stm32f429xx.o(.text) refers (Special) to heapauxi.o(.text) for __use_two_region_memory
    startup_stm32f429xx.o(.text) refers to system_stm32f4xx.o(.text.SystemInit) for SystemInit
    startup_stm32f429xx.o(.text) refers to __main.o(!!!main) for __main
    startup_stm32f429xx.o(.text) refers to startup_stm32f429xx.o(HEAP) for Heap_Mem
    startup_stm32f429xx.o(.text) refers to startup_stm32f429xx.o(STACK) for Stack_Mem
    main.o(.text.main) refers to stm32f4xx_hal.o(.text.HAL_Init) for HAL_Init
    main.o(.text.main) refers to main.o(.text.SystemClock_Config) for SystemClock_Config
    main.o(.text.main) refers to gpio.o(.text.MX_GPIO_Init) for MX_GPIO_Init
    main.o(.text.main) refers to dma.o(.text.MX_DMA_Init) for MX_DMA_Init
    main.o(.text.main) refers to crc.o(.text.MX_CRC_Init) for MX_CRC_Init
    main.o(.text.main) refers to tim.o(.text.MX_TIM1_Init) for MX_TIM1_Init
    main.o(.text.main) refers to tim.o(.text.MX_TIM2_Init) for MX_TIM2_Init
    main.o(.text.main) refers to tim.o(.text.MX_TIM3_Init) for MX_TIM3_Init
    main.o(.text.main) refers to tim.o(.text.MX_TIM4_Init) for MX_TIM4_Init
    main.o(.text.main) refers to tim.o(.text.MX_TIM5_Init) for MX_TIM5_Init
    main.o(.text.main) refers to tim.o(.text.MX_TIM9_Init) for MX_TIM9_Init
    main.o(.text.main) refers to usart.o(.text.MX_UART8_Init) for MX_UART8_Init
    main.o(.text.main) refers to usart.o(.text.MX_USART3_UART_Init) for MX_USART3_UART_Init
    main.o(.text.main) refers to usart.o(.text.MX_UART4_Init) for MX_UART4_Init
    main.o(.text.main) refers to dcmi.o(.text.MX_DCMI_Init) for MX_DCMI_Init
    main.o(.text.main) refers to i2c.o(.text.MX_I2C1_Init) for MX_I2C1_Init
    main.o(.text.main) refers to spi.o(.text.MX_SPI4_Init) for MX_SPI4_Init
    main.o(.text.main) refers to tim.o(.text.MX_TIM8_Init) for MX_TIM8_Init
    main.o(.text.main) refers to adc.o(.text.MX_ADC1_Init) for MX_ADC1_Init
    main.o(.text.main) refers to tim.o(.text.MX_TIM7_Init) for MX_TIM7_Init
    main.o(.text.main) refers to terminal.o(.text.TerminalInit) for TerminalInit
    main.o(.text.main) refers to terminal.o(.text.TerminalHandler) for TerminalHandler
    main.o(.ARM.exidx.text.main) refers to main.o(.text.main) for [Anonymous Symbol]
    main.o(.text.SystemClock_Config) refers to rt_memclr_w.o(.text) for __aeabi_memclr4
    main.o(.text.SystemClock_Config) refers to stm32f4xx_hal_rcc.o(.text.HAL_RCC_OscConfig) for HAL_RCC_OscConfig
    main.o(.text.SystemClock_Config) refers to main.o(.text.Error_Handler) for Error_Handler
    main.o(.text.SystemClock_Config) refers to stm32f4xx_hal_rcc.o(.text.HAL_RCC_ClockConfig) for HAL_RCC_ClockConfig
    main.o(.ARM.exidx.text.SystemClock_Config) refers to main.o(.text.SystemClock_Config) for [Anonymous Symbol]
    main.o(.ARM.exidx.text.Error_Handler) refers to main.o(.text.Error_Handler) for [Anonymous Symbol]
    gpio.o(.text.MX_GPIO_Init) refers to stm32f4xx_hal_gpio.o(.text.HAL_GPIO_WritePin) for HAL_GPIO_WritePin
[...]
    0x08000266   0x08000266   0x00000000   Code   RO         3081    .ARM.Collect$$libinit$$00000019  c_w.l(libinit2.o)
    0x08000266   0x08000266   0x00000000   Code   RO         3083    .ARM.Collect$$libinit$$0000001B  c_w.l(libinit2.o)
    0x08000266   0x08000266   0x00000000   Code   RO         3085    .ARM.Collect$$libinit$$0000001D  c_w.l(libinit2.o)
    0x08000266   0x08000266   0x00000000   Code   RO         3087    .ARM.Collect$$libinit$$0000001F  c_w.l(libinit2.o)
    0x08000266   0x08000266   0x00000000   Code   RO         3089    .ARM.Collect$$libinit$$00000021  c_w.l(libinit2.o)
    0x08000266   0x08000266   0x00000000   Code   RO         3091    .ARM.Collect$$libinit$$00000023  c_w.l(libinit2.o)
    0x08000266   0x08000266   0x00000000   Code   RO         3093    .ARM.Collect$$libinit$$00000025  c_w.l(libinit2.o)
    0x08000266   0x08000266   0x00000000   Code   RO         3097    .ARM.Collect$$libinit$$0000002C  c_w.l(libinit2.o)
    0x08000266   0x08000266   0x00000000   Code   RO         3099    .ARM.Collect$$libinit$$0000002E  c_w.l(libinit2.o)
    0x08000266   0x08000266   0x00000000   Code   RO         3101    .ARM.Collect$$libinit$$00000030  c_w.l(libinit2.o)
    0x08000266   0x08000266   0x00000000   Code   RO         3103    .ARM.Collect$$libinit$$00000032  c_w.l(libinit2.o)
    0x08000266   0x08000266   0x00000002   Code   RO         3104    .ARM.Collect$$libinit$$00000033  c_w.l(libinit2.o)
    0x08000268   0x08000268   0x00000002   Code   RO         3139    .ARM.Collect$$libshutdown$$00000000  c_w.l(libshutdown.o)
    0x0800026a   0x0800026a   0x00000000   Code   RO         3167    .ARM.Collect$$libshutdown$$00000002  c_w.l(libshutdown2.o)
    0x0800026a   0x0800026a   0x00000000   Code   RO         3169    .ARM.Collect$$libshutdown$$00000004  c_w.l(libshutdown2.o)
    0x0800026a   0x0800026a   0x00000000   Code   RO         3172    .ARM.Collect$$libshutdown$$00000007  c_w.l(libshutdown2.o)
    0x0800026a   0x0800026a   0x00000000   Code   RO         3175    .ARM.Collect$$libshutdown$$0000000A  c_w.l(libshutdown2.o)
    0x0800026a   0x0800026a   0x00000000   Code   RO         3177    .ARM.Collect$$libshutdown$$0000000C  c_w.l(libshutdown2.o)
    0x0800026a   0x0800026a   0x00000000   Code   RO         3180    .ARM.Collect$$libshutdown$$0000000F  c_w.l(libshutdown2.o)
    0x0800026a   0x0800026a   0x00000002   Code   RO         3181    .ARM.Collect$$libshutdown$$00000010  c_w.l(libshutdown2.o)
    0x0800026c   0x0800026c   0x00000000   Code   RO         2994    .ARM.Collect$$rtentry$$00000000  c_w.l(__rtentry.o)
    0x0800026c   0x0800026c   0x00000000   Code   RO         3017    .ARM.Collect$$rtentry$$00000002  c_w.l(__rtentry2.o)
    0x0800026c   0x0800026c   0x00000006   Code   RO         3029    .ARM.Collect$$rtentry$$00000004  c_w.l(__rtentry4.o)
    0x08000272   0x08000272   0x00000000   Code   RO         3019    .ARM.Collect$$rtentry$$00000009  c_w.l(__rtentry2.o)
    0x08000272   0x08000272   0x00000004   Code   RO         3020    .ARM.Collect$$rtentry$$0000000A  c_w.l(__rtentry2.o)
    0x08000276   0x08000276   0x00000000   Code   RO         3022    .ARM.Collect$$rtentry$$0000000C  c_w.l(__rtentry2.o)
    0x08000276   0x08000276   0x00000008   Code   RO         3023    .ARM.Collect$$rtentry$$0000000D  c_w.l(__rtentry2.o)
    0x0800027e   0x0800027e   0x00000002   Code   RO         3052    .ARM.Collect$$rtexit$$00000000  c_w.l(rtexit.o)
    0x08000280   0x08000280   0x00000000   Code   RO         3110    .ARM.Collect$$rtexit$$00000002  c_w.l(rtexit2.o)
    0x08000280   0x08000280   0x00000004   Code   RO         3111    .ARM.Collect$$rtexit$$00000003  c_w.l(rtexit2.o)
    0x08000284   0x08000284   0x00000006   Code   RO         3112    .ARM.Collect$$rtexit$$00000004  c_w.l(rtexit2.o)
    0x0800028a   0x0800028a   0x00000002   PAD
    0x0800028c   0x0800028c   0x00000040   Code   RO            4    .text               startup_stm32f429xx.o
    0x080002cc   0x080002cc   0x000000f0   Code   RO         2952    .text               c_w.l(lludivv7m.o)
    0x080003bc   0x080003bc   0x00000058   Code   RO         2954    .text               c_w.l(memcmp.o)
    0x08000414   0x08000414   0x0000003e   Code   RO         2956    .text               c_w.l(strlen.o)
    0x08000452   0x08000452   0x0000008a   Code   RO         2958    .text               c_w.l(rt_memcpy_v6.o)
    0x080004dc   0x080004dc   0x0000004e   Code   RO         2960    .text               c_w.l(rt_memclr_w.o)
    0x0800052a   0x0800052a   0x00000006   Code   RO         2962    .text               c_w.l(heapauxi.o)
    0x08000530   0x08000530   0x00000064   Code   RO         2999    .text               c_w.l(rt_memcpy_w.o)
    0x08000594   0x08000594   0x0000004a   Code   RO         3035    .text               c_w.l(sys_stackheap_outer.o)
    0x080005de   0x080005de   0x00000012   Code   RO         3037    .text               c_w.l(exit.o)
    0x080005f0   0x080005f0   0x00000008   Code   RO         3049    .text               c_w.l(libspace.o)
    0x080005f8   0x080005f8   0x0000000c   Code   RO         3105    .text               c_w.l(sys_exit.o)
    0x08000604   0x08000604   0x00000002   Code   RO         3128    .text               c_w.l(use_no_semi.o)
    0x08000606   0x08000606   0x00000000   Code   RO         3130    .text               c_w.l(indicate_semi.o)
    0x08000606   0x08000606   0x00000002   PAD
    0x08000608   0x08000608   0x0000018a   Code   RO          226    .text.ADC_Init      stm32f4xx_hal_adc.o
    0x08000792   0x08000792   0x00000002   PAD
    0x08000794   0x08000794   0x0000005c   Code   RO         2741    .text.BrewGroupComponentInit  brewgroup_component.o
    0x080007f0   0x080007f0   0x000000d4   Code   RO         2860    .text.BrewGroupDCMotorAdapterInit  brewgroup_dcmotoradapter.o
    0x080008c4   0x080008c4   0x0000001a   Code   RO         2758    .text.BrewGroupHandler  brewgroup.o
    0x080008de   0x080008de   0x00000002   PAD
    0x080008e0   0x080008e0   0x00000052   Code   RO         2770    .text.BrewGroupInit  brewgroup.o
    0x08000932   0x08000932   0x00000006   PAD
    0x08000938   0x08000938   0x00000104   Code   RO         2784    .text.BrewGroupMotorBaseSetPosition  brewgroup_motorbase.o
    0x08000a3c   0x08000a3c   0x00000090   Code   RO         2868    .text.BrewGroupMotorSetPosition  brewgroup_dcmotoradapter.o
    0x08000acc   0x08000acc   0x00000062   Code   RO         2921    .text.BrewGroupSensorsAdapterInit  brewgroup_sensorsadapter.o
    0x08000b2e   0x08000b2e   0x00000002   PAD
    0x08000b30   0x08000b30   0x0000007c   Code   RO         2881    .text.BrewGroupTermostatAdapterInit  brewgroup_thermostatadapter.o
    0x08000bac   0x08000bac   0x00000082   Code   RO         2901    .text.BrewGroupWaterPumpAdapterInit  brewgroup_waterpumpadapter.o
    0x08000c2e   0x08000c2e   0x00000002   PAD
    0x08000c30   0x08000c30   0x0000001a   Code   RO         2101    .text.CameraGetSnapshot  camera.o
    0x08000c4a   0x08000c4a   0x00000002   PAD
    0x08000c4c   0x08000c4c   0x0000001a   Code   RO         2099    .text.CameraHandler  camera.o
    0x08000c66   0x08000c66   0x00000002   PAD
    0x08000c68   0x08000c68   0x0000004e   Code   RO         2125    .text.CameraInit    camera.o
    0x08000cb6   0x08000cb6   0x00000002   PAD
    0x08000cb8   0x08000cb8   0x000000b2   Code   RO         2172    .text.CameraOV2640AdapterInit  camera_ov2640_adapter.o
    0x08000d6a   0x08000d6a   0x00000002   PAD
    0x08000d6c   0x08000d6c   0x00000088   Code   RO         2139    .text.CameraOV2640ComponentInit  camera_ov2640_component.o
    0x08000df4   0x08000df4   0x00000038   Code   RO         2109    .text.CameraSetBrightness  camera.o
    0x08000e2c   0x08000e2c   0x00000022   Code   RO         2103    .text.CameraSetConfiguration  camera.o
    0x08000e4e   0x08000e4e   0x00000002   PAD
    0x08000e50   0x08000e50   0x00000038   Code   RO         2107    .text.CameraSetContrast  camera.o
    0x08000e88   0x08000e88   0x00000038   Code   RO         2111    .text.CameraSetGain  camera.o
    0x08000ec0   0x08000ec0   0x00000038   Code   RO         2113    .text.CameraSetLightMode  camera.o
    0x08000ef8   0x08000ef8   0x0000003a   Code   RO         2105    .text.CameraSetOptions  camera.o
    0x08000f32   0x08000f32   0x00000002   PAD
    0x08000f34   0x08000f34   0x00000038   Code   RO         2115    .text.CameraSetOutputFormat  camera.o
    0x08000f6c   0x08000f6c   0x00000038   Code   RO         2117    .text.CameraSetQuantization  camera.o
    0x08000fa4   0x08000fa4   0x00000038   Code   RO         2119    .text.CameraSetResolution  camera.o
    0x08000fdc   0x08000fdc   0x00000038   Code   RO         2121    .text.CameraSetSaturation  camera.o
    0x08001014   0x08001014   0x00000038   Code   RO         2123    .text.CameraSetSpecialEffect  camera.o
    0x0800104c   0x0800104c   0x0000001e   Code   RO         2225    .text.CameraTransactionGetOptions  camera_transactions.o
    0x0800106a   0x0800106a   0x00000002   PAD
    0x0800106c   0x0800106c   0x0000004e   Code   RO         2223    .text.CameraTransactionGetSnapshotJPEG  camera_transactions.o
    0x080010ba   0x080010ba   0x00000002   PAD
    0x080010bc   0x080010bc   0x00000008   Code   RO         2221    .text.CameraTransactionGetSnapshotRGB565  camera_transactions.o
    0x080010c4   0x080010c4   0x0000001e   Code   RO         2249    .text.CameraTransactionGetStatus  camera_transactions.o
    0x080010e2   0x080010e2   0x00000002   PAD
    0x080010e4   0x080010e4   0x0000003e   Code   RO         2237    .text.CameraTransactionSetBrightness  camera_transactions.o
    0x08001122   0x08001122   0x00000002   PAD
    0x08001124   0x08001124   0x00000034   Code   RO         2247    .text.CameraTransactionSetConfiguration  camera_transactions.o
    0x08001158   0x08001158   0x0000003e   Code   RO         2235    .text.CameraTransactionSetContrast  camera_transactions.o
    0x08001196   0x08001196   0x00000002   PAD
    0x08001198   0x08001198   0x0000003c   Code   RO         2245    .text.CameraTransactionSetGain  camera_transactions.o
    0x080011d4   0x080011d4   0x0000003c   Code   RO         2239    .text.CameraTransactionSetLightMode  camera_transactions.o
    0x08001210   0x08001210   0x0000003a   Code   RO         2227    .text.CameraTransactionSetOptions  camera_transactions.o
    0x0800124a   0x0800124a   0x00000002   PAD
    0x0800124c   0x0800124c   0x0000003c   Code   RO         2229    .text.CameraTransactionSetOutputFormat  camera_transactions.o
    0x08001288   0x08001288   0x0000003c   Code   RO         2243    .text.CameraTransactionSetQuantization  camera_transactions.o
    0x080012c4   0x080012c4   0x0000003c   Code   RO         2231    .text.CameraTransactionSetResolution  camera_transactions.o
    0x08001300   0x08001300   0x0000003e   Code   RO         2233    .text.CameraTransactionSetSaturation  camera_transactions.o
    0x0800133e   0x0800133e   0x00000002   PAD
    0x08001340   0x08001340   0x0000003c   Code   RO         2241    .text.CameraTransactionSetSpecialEffect  camera_transactions.o
    0x0800137c   0x0800137c   0x00000072   Code   RO         2460    .text.CarouselCalibrateAsync  carousel.o
    0x080013ee   0x080013ee   0x00000002   PAD
    0x080013f0   0x080013f0   0x000001c4   Code   RO         2454    .text.CarouselCalibrationHandler  carousel.o
    0x080015b4   0x080015b4   0x00000040   Code   RO         2431    .text.CarouselComponentInit  carousel_component.o
    0x080015f4   0x080015f4   0x000000e0   Code   RO         2516    .text.CarouselDCMotorAdapterInit  carousel_dcmotoradapter.o
    0x080016d4   0x080016d4   0x00000072   Code   RO         2452    .text.CarouselHandler  carousel.o
    0x08001746   0x08001746   0x00000002   PAD
    0x08001748   0x08001748   0x0000008e   Code   RO         2464    .text.CarouselInit  carousel.o
    0x080017d6   0x080017d6   0x00000002   PAD
    0x080017d8   0x080017d8   0x000000ac   Code   RO         2476    .text.CarouselMotorBaseSetPosition  carousel_motorbase.o
    0x08001884   0x08001884   0x00000024   Code   RO         2474    .text.CarouselMotorDisable  carousel_motorbase.o
    0x080018a8   0x080018a8   0x000001a8   Code   RO         2478    .text.CarouselMotorHandler  carousel_motorbase.o
    0x08001a50   0x08001a50   0x000000a8   Code   RO         2528    .text.CarouselMotorSetPosition  carousel_dcmotoradapter.o
    0x08001af8   0x08001af8   0x0000003c   Code   RO         2446    .text.CarouselResetPosition  carousel.o
    0x08001b34   0x08001b34   0x00000058   Code   RO         2543    .text.CarouselSensorsAdapterInit  carousel_sensorsadapter.o
    0x08001b8c   0x08001b8c   0x00000010   Code   RO         2500    .text.CarouselSensorsHandler  carousel_sensorsbase.o
    0x08001b9c   0x08001b9c   0x00000036   Code   RO         2458    .text.CarouselSetColibration  carousel.o
    0x08001bd2   0x08001bd2   0x00000002   PAD
    0x08001bd4   0x08001bd4   0x00000068   Code   RO         2456    .text.CarouselSetOptions  carousel.o
    0x08001c3c   0x08001c3c   0x00000004   PAD
    0x08001c40   0x08001c40   0x00000270   Code   RO         2462    .text.CarouselSetPod  carousel.o
    0x08001eb0   0x08001eb0   0x000000a4   Code   RO         2450    .text.CarouselSetPosition  carousel.o
    0x08001f54   0x08001f54   0x00000038   Code   RO         2448    .text.CarouselStop  carousel.o
    0x08001f8c   0x08001f8c   0x00000058   Code   RO         2309    .text.CupDrawManagerSetTemplate  cupscontroller_drawmanager.o
    0x08001fe4   0x08001fe4   0x000000e6   Code   RO         2313    .text.CupDrawingHandler  cupscontroller_drawmanager.o
    0x080020ca   0x080020ca   0x00000002   PAD
    0x080020cc   0x080020cc   0x00000196   Code   RO         2260    .text.CupsControllerComponentInit  cupscontroller_component.o
    0x08002262   0x08002262   0x00000002   PAD
    0x08002264   0x08002264   0x0000007a   Code   RO         2281    .text.CupsControllerDraw  cupscontroller.o
    0x080022de   0x080022de   0x00000002   PAD
    0x080022e0   0x080022e0   0x0000009e   Code   RO         2311    .text.CupsControllerDrawManagerInit  cupscontroller_drawmanager.o
    0x0800237e   0x0800237e   0x00000002   PAD
    0x08002380   0x08002380   0x0000001a   Code   RO         2279    .text.CupsControllerHandler  cupscontroller.o
    0x0800239a   0x0800239a   0x00000002   PAD
    0x0800239c   0x0800239c   0x00000092   Code   RO         2295    .text.CupsControllerInit  cupscontroller.o
    0x0800242e   0x0800242e   0x00000002   PAD
    0x08002430   0x08002430   0x000000ee   Code   RO         2386    .text.CupsControllerLEDAdapterInit  cupscontroller_ledadapter.o
    0x0800251e   0x0800251e   0x00000002   PAD
    0x08002520   0x08002520   0x000000e0   Code   RO         2289    .text.CupsControllerSetColor  cupscontroller.o
    0x08002600   0x08002600   0x000000f4   Code   RO         2285    .text.CupsControllerSetTemplateById  cupscontroller.o
    0x080026f4   0x080026f4   0x0000009c   Code   RO         2283    .text.CupsControllerUpdateLayout  cupscontroller.o
    0x08002790   0x08002790   0x0000002c   Code   RO          814    .text.DCMI_DMAError  stm32f4xx_hal_dcmi.o
    0x080027bc   0x080027bc   0x00000120   Code   RO          812    .text.DCMI_DMAXferCplt  stm32f4xx_hal_dcmi.o
    0x080028dc   0x080028dc   0x00000010   Code   RO          205    .text.DCMI_IRQHandler  stm32f4xx_it.o
    0x080028ec   0x080028ec   0x00000010   Code   RO          187    .text.DMA1_Stream0_IRQHandler  stm32f4xx_it.o
    0x080028fc   0x080028fc   0x00000010   Code   RO          189    .text.DMA1_Stream1_IRQHandler  stm32f4xx_it.o
    0x0800290c   0x0800290c   0x00000010   Code   RO          191    .text.DMA1_Stream2_IRQHandler  stm32f4xx_it.o
    0x0800291c   0x0800291c   0x00000010   Code   RO          193    .text.DMA1_Stream4_IRQHandler  stm32f4xx_it.o
    0x0800292c   0x0800292c   0x00000010   Code   RO          195    .text.DMA1_Stream6_IRQHandler  stm32f4xx_it.o
    0x0800293c   0x0800293c   0x00000010   Code   RO          201    .text.DMA2_Stream1_IRQHandler  stm32f4xx_it.o
    0x0800294c   0x0800294c   0x00000010   Code   RO          203    .text.DMA2_Stream5_IRQHandler  stm32f4xx_it.o
    0x0800295c   0x0800295c   0x00000056   Code   RO          517    .text.DMA_CalcBaseAndBitshift  stm32f4xx_hal_dma.o
    0x080029b2   0x080029b2   0x00000002   PAD
    0x080029b4   0x080029b4   0x000000f0   Code   RO          515    .text.DMA_CheckFifoParam  stm32f4xx_hal_dma.o
    0x08002aa4   0x08002aa4   0x00000044   Code   RO          500    .text.DMA_MultiBufferSetConfig  stm32f4xx_hal_dma_ex.o
    0x08002ae8   0x08002ae8   0x00000050   Code   RO          523    .text.DMA_SetConfig  stm32f4xx_hal_dma.o
    0x08002b38   0x08002b38   0x00000020   Code   RO         2530    .text.DisablePWMOutputs  carousel_dcmotoradapter.o
    0x08002b58   0x08002b58   0x00000020   Code   RO         2685    .text.DisablePWMOutputs  slider_dcmotoradapter.o
    0x08002b78   0x08002b78   0x00000020   Code   RO         2870    .text.DisablePWMOutputs  brewgroup_dcmotoradapter.o
    0x08002b98   0x08002b98   0x0000000e   Code   RO           15    .text.Error_Handler  main.o
    0x08002ba6   0x08002ba6   0x00000002   PAD
    0x08002ba8   0x08002ba8   0x00000012   Code   RO         1919    .text.EventListener  ws2812_drawmanagerbase.o
    0x08002bba   0x08002bba   0x00000002   PAD
    0x08002bbc   0x08002bbc   0x00000048   Code   RO         2033    .text.EventListener  serialport_uart_component.o
    0x08002c04   0x08002c04   0x00000012   Code   RO         2062    .text.EventListener  serialport_uart_rxadapter.o
    0x08002c16   0x08002c16   0x00000002   PAD
    0x08002c18   0x08002c18   0x0000006e   Code   RO         2083    .text.EventListener  serialport_uart_txadapter.o
    0x08002c86   0x08002c86   0x00000002   PAD
    0x08002c88   0x08002c88   0x0000002e   Code   RO         2135    .text.EventListener  camera_ov2640_component.o
    0x08002cb6   0x08002cb6   0x00000002   PAD
    0x08002cb8   0x08002cb8   0x00000024   Code   RO         2196    .text.EventListener  camera_ov2640_adapterinterface.o
    0x08002cdc   0x08002cdc   0x00000010   Code   RO         2262    .text.EventListener  cupscontroller_component.o
    0x08002cec   0x08002cec   0x00000012   Code   RO         2390    .text.EventListener  cupscontroller_ledadapter.o
    0x08002cfe   0x08002cfe   0x00000002   PAD
    0x08002d00   0x08002d00   0x0000004e   Code   RO         2433    .text.EventListener  carousel_component.o
    0x08002d4e   0x08002d4e   0x00000002   PAD
    0x08002d50   0x08002d50   0x00000012   Code   RO         2520    .text.EventListener  carousel_dcmotoradapter.o
    0x08002d62   0x08002d62   0x00000002   PAD
    0x08002d64   0x08002d64   0x000000f0   Code   RO         2598    .text.EventListener  slider_component.o
    0x08002e54   0x08002e54   0x00000018   Code   RO         2679    .text.EventListener  slider_dcmotoradapter.o
    0x08002e6c   0x08002e6c   0x00000010   Code   RO         2743    .text.EventListener  brewgroup_component.o
    0x08002e7c   0x08002e7c   0x00000018   Code   RO         2864    .text.EventListener  brewgroup_dcmotoradapter.o
    0x08002e94   0x08002e94   0x00000012   Code   RO         2885    .text.EventListener  brewgroup_thermostatadapter.o
    0x08002ea6   0x08002ea6   0x00000002   PAD
    0x08002ea8   0x08002ea8   0x00000012   Code   RO         2905    .text.EventListener  brewgroup_waterpumpadapter.o
    0x08002eba   0x08002eba   0x00000002   PAD
    0x08002ebc   0x08002ebc   0x0000001e   Code   RO         2572    .text.GetCalibration  carousel_rxtransactions.o
    0x08002eda   0x08002eda   0x00000002   PAD
    0x08002edc   0x08002edc   0x00000048   Code   RO         2570    .text.GetMotionState  carousel_rxtransactions.o
    0x08002f24   0x08002f24   0x00000044   Code   RO         2532    .text.GetMoveDiraction  carousel_dcmotoradapter.o
    0x08002f68   0x08002f68   0x0000001e   Code   RO         2566    .text.GetOptions    carousel_rxtransactions.o
    0x08002f86   0x08002f86   0x00000002   PAD
    0x08002f88   0x08002f88   0x0000001e   Code   RO         2719    .text.GetOptions    slider_rxtransactions.o
    0x08002fa6   0x08002fa6   0x00000002   PAD
    0x08002fa8   0x08002fa8   0x00000036   Code   RO         2568    .text.GetPosition   carousel_rxtransactions.o
    0x08002fde   0x08002fde   0x00000002   PAD
    0x08002fe0   0x08002fe0   0x00000048   Code   RO         2415    .text.GetStatus     cupscontroller_rxtransactions.o
    0x08003028   0x08003028   0x0000001e   Code   RO         2564    .text.GetStatus     carousel_rxtransactions.o
    0x08003046   0x08003046   0x00000002   PAD
    0x08003048   0x08003048   0x00000036   Code   RO         2717    .text.GetStatus     slider_rxtransactions.o
    0x0800307e   0x0800307e   0x00000002   PAD
    0x08003080   0x08003080   0x0000001e   Code   RO         2942    .text.GetStatus     brewgroup_rxtransactions.o
    0x0800309e   0x0800309e   0x00000002   PAD
    0x080030a0   0x080030a0   0x00000048   Code   RO         2417    .text.GetTemplaetId  cupscontroller_rxtransactions.o
    0x080030e8   0x080030e8   0x0000000e   Code   RO         1797    .text.GetValue      xrxtransactiontransferadapter.o
    0x080030f6   0x080030f6   0x00000002   PAD
    0x080030f8   0x080030f8   0x00000010   Code   RO         1923    .text.GetValue      ws2812_drawmanagerbase.o
    0x08003108   0x08003108   0x0000000e   Code   RO         1979    .text.GetValue      terminal_transferadapter.o
    0x08003116   0x08003116   0x00000002   PAD
    0x08003118   0x08003118   0x00000044   Code   RO         2066    .text.GetValue      serialport_uart_rxadapter.o
    0x0800315c   0x0800315c   0x00000074   Code   RO         2087    .text.GetValue      serialport_uart_txadapter.o
    0x080031d0   0x080031d0   0x00000082   Code   RO         2200    .text.GetValue      camera_ov2640_adapterinterface.o
    0x08003252   0x08003252   0x00000002   PAD
    0x08003254   0x08003254   0x00000076   Code   RO         2394    .text.GetValue      cupscontroller_ledadapter.o
    0x080032ca   0x080032ca   0x00000002   PAD
    0x080032cc   0x080032cc   0x00000048   Code   RO         2524    .text.GetValue      carousel_dcmotoradapter.o
    0x08003314   0x08003314   0x00000010   Code   RO         2889    .text.GetValue      brewgroup_thermostatadapter.o
    0x08003324   0x08003324   0x00000010   Code   RO         2909    .text.GetValue      brewgroup_waterpumpadapter.o
    0x08003334   0x08003334   0x00000238   Code   RO          266    .text.HAL_ADC_ConfigChannel  stm32f4xx_hal_adc.o
    0x0800356c   0x0800356c   0x000000a8   Code   RO          222    .text.HAL_ADC_Init  stm32f4xx_hal_adc.o
    0x08003614   0x08003614   0x00000086   Code   RO           35    .text.HAL_ADC_MspInit  adc.o
    0x0800369a   0x0800369a   0x00000002   PAD
    0x0800369c   0x0800369c   0x00000040   Code   RO          781    .text.HAL_CRC_Init  stm32f4xx_hal_crc.o
    0x080036dc   0x080036dc   0x0000003e   Code   RO           49    .text.HAL_CRC_MspInit  crc.o
    0x0800371a   0x0800371a   0x00000002   PAD
    0x0800371c   0x0800371c   0x00000008   Code   RO          830    .text.HAL_DCMI_ErrorCallback  stm32f4xx_hal_dcmi.o
    0x08003724   0x08003724   0x00000008   Code   RO          828    .text.HAL_DCMI_FrameEventCallback  stm32f4xx_hal_dcmi.o
    0x0800372c   0x0800372c   0x000000fe   Code   RO          822    .text.HAL_DCMI_IRQHandler  stm32f4xx_hal_dcmi.o
    0x0800382a   0x0800382a   0x00000002   PAD
    0x0800382c   0x0800382c   0x000000b8   Code   RO          851    .text.HAL_DCMI_Init  stm32f4xx_hal_dcmi_ex.o
    0x080038e4   0x080038e4   0x00000008   Code   RO          824    .text.HAL_DCMI_LineEventCallback  stm32f4xx_hal_dcmi.o
    0x080038ec   0x080038ec   0x0000025e   Code   RO           63    .text.HAL_DCMI_MspInit  dcmi.o
    0x08003b4a   0x08003b4a   0x00000002   PAD
    0x08003b4c   0x08003b4c   0x00000150   Code   RO          810    .text.HAL_DCMI_Start_DMA  stm32f4xx_hal_dcmi.o
    0x08003c9c   0x08003c9c   0x000000cc   Code   RO          816    .text.HAL_DCMI_Stop  stm32f4xx_hal_dcmi.o
    0x08003d68   0x08003d68   0x000000be   Code   RO          818    .text.HAL_DCMI_Suspend  stm32f4xx_hal_dcmi.o
    0x08003e26   0x08003e26   0x00000002   PAD
    0x08003e28   0x08003e28   0x00000008   Code   RO          826    .text.HAL_DCMI_VsyncEventCallback  stm32f4xx_hal_dcmi.o
    0x08003e30   0x08003e30   0x0000002c   Code   RO          504    .text.HAL_DMAEx_ChangeMemory  stm32f4xx_hal_dma_ex.o
    0x08003e5c   0x08003e5c   0x00002034   Code   RO          502    .text.HAL_DMAEx_MultiBufferStart_IT  stm32f4xx_hal_dma_ex.o
    0x08005e90   0x08005e90   0x000000ec   Code   RO          527    .text.HAL_DMA_Abort  stm32f4xx_hal_dma.o
    0x08005f7c   0x08005f7c   0x00000044   Code   RO          529    .text.HAL_DMA_Abort_IT  stm32f4xx_hal_dma.o
    0x08005fc0   0x08005fc0   0x0000031e   Code   RO          533    .text.HAL_DMA_IRQHandler  stm32f4xx_hal_dma.o
    0x080062de   0x080062de   0x00000002   PAD
    0x080062e0   0x080062e0   0x0000016e   Code   RO          513    .text.HAL_DMA_Init  stm32f4xx_hal_dma.o
    0x0800644e   0x0800644e   0x00000002   PAD
    0x08006450   0x08006450   0x0000008e   Code   RO          521    .text.HAL_DMA_Start  stm32f4xx_hal_dma.o
    0x080064de   0x080064de   0x00000002   PAD
    0x080064e0   0x080064e0   0x000000c2   Code   RO          525    .text.HAL_DMA_Start_IT  stm32f4xx_hal_dma.o
    0x080065a2   0x080065a2   0x00000002   PAD
    0x080065a4   0x080065a4   0x00000042   Code   RO          708    .text.HAL_Delay     stm32f4xx_hal.o
    0x080065e6   0x080065e6   0x00000002   PAD
    0x080065e8   0x080065e8   0x000003ee   Code   RO          475    .text.HAL_GPIO_Init  stm32f4xx_hal_gpio.o
    0x080069d6   0x080069d6   0x00000002   PAD
    0x080069d8   0x080069d8   0x0000002e   Code   RO          481    .text.HAL_GPIO_WritePin  stm32f4xx_hal_gpio.o
    0x08006a06   0x08006a06   0x00000002   PAD
    0x08006a08   0x08006a08   0x0000000c   Code   RO          700    .text.HAL_GetTick   stm32f4xx_hal.o
    0x08006a14   0x08006a14   0x0000006a   Code   RO         1028    .text.HAL_I2CEx_ConfigAnalogFilter  stm32f4xx_hal_i2c_ex.o
    0x08006a7e   0x08006a7e   0x00000002   PAD
    0x08006a80   0x08006a80   0x00000084   Code   RO         1030    .text.HAL_I2CEx_ConfigDigitalFilter  stm32f4xx_hal_i2c_ex.o
    0x08006b04   0x08006b04   0x000002a4   Code   RO          859    .text.HAL_I2C_Init  stm32f4xx_hal_i2c.o
    0x08006da8   0x08006da8   0x0000042c   Code   RO          913    .text.HAL_I2C_Mem_Read  stm32f4xx_hal_i2c.o
    0x080071d4   0x080071d4   0x00000210   Code   RO          909    .text.HAL_I2C_Mem_Write  stm32f4xx_hal_i2c.o
    0x080073e4   0x080073e4   0x00000090   Code   RO           86    .text.HAL_I2C_MspInit  i2c.o
    0x08007474   0x08007474   0x0000001a   Code   RO          698    .text.HAL_IncTick   stm32f4xx_hal.o
    0x0800748e   0x0800748e   0x00000002   PAD
    0x08007490   0x08007490   0x00000036   Code   RO          688    .text.HAL_Init      stm32f4xx_hal.o
    0x080074c6   0x080074c6   0x00000002   PAD
    0x080074c8   0x080074c8   0x00000070   Code   RO          690    .text.HAL_InitTick  stm32f4xx_hal.o
    0x08007538   0x08007538   0x0000004a   Code   RO          214    .text.HAL_MspInit   stm32f4xx_hal_msp.o
    0x08007582   0x08007582   0x00000002   PAD
    0x08007584   0x08007584   0x00000014   Code   RO          629    .text.HAL_NVIC_EnableIRQ  stm32f4xx_hal_cortex.o
    0x08007598   0x08007598   0x00000032   Code   RO          621    .text.HAL_NVIC_SetPriority  stm32f4xx_hal_cortex.o
    0x080075ca   0x080075ca   0x00000002   PAD
    0x080075cc   0x080075cc   0x00000010   Code   RO          617    .text.HAL_NVIC_SetPriorityGrouping  stm32f4xx_hal_cortex.o
    0x080075dc   0x080075dc   0x00000262   Code   RO          323    .text.HAL_RCC_ClockConfig  stm32f4xx_hal_rcc.o
    0x0800783e   0x0800783e   0x00000002   PAD
    0x08007840   0x08007840   0x0000000c   Code   RO          333    .text.HAL_RCC_GetHCLKFreq  stm32f4xx_hal_rcc.o
    0x0800784c   0x0800784c   0x00000022   Code   RO          335    .text.HAL_RCC_GetPCLK1Freq  stm32f4xx_hal_rcc.o
    0x0800786e   0x0800786e   0x00000002   PAD
    0x08007870   0x08007870   0x00000022   Code   RO          337    .text.HAL_RCC_GetPCLK2Freq  stm32f4xx_hal_rcc.o
    0x08007892   0x08007892   0x00000002   PAD
    0x08007894   0x08007894   0x000000e6   Code   RO          325    .text.HAL_RCC_GetSysClockFreq  stm32f4xx_hal_rcc.o
    0x0800797a   0x0800797a   0x00000002   PAD
    0x0800797c   0x0800797c   0x000006be   Code   RO          321    .text.HAL_RCC_OscConfig  stm32f4xx_hal_rcc.o
    0x0800803a   0x0800803a   0x00000002   PAD
    0x0800803c   0x0800803c   0x00000100   Code   RO         1039    .text.HAL_SPI_Init  stm32f4xx_hal_spi.o
    0x0800813c   0x0800813c   0x00000092   Code   RO          100    .text.HAL_SPI_MspInit  spi.o
    0x080081ce   0x080081ce   0x00000002   PAD
    0x080081d0   0x080081d0   0x00000010   Code   RO          641    .text.HAL_SYSTICK_Config  stm32f4xx_hal_cortex.o
    0x080081e0   0x080081e0   0x000000b2   Code   RO         1471    .text.HAL_TIMEx_ConfigBreakDeadTime  stm32f4xx_hal_tim_ex.o
    0x08008292   0x08008292   0x00000002   PAD
    0x08008294   0x08008294   0x00000122   Code   RO         1469    .text.HAL_TIMEx_MasterConfigSynchronization  stm32f4xx_hal_tim_ex.o
    0x080083b6   0x080083b6   0x00000002   PAD
    0x080083b8   0x080083b8   0x0000009c   Code   RO         1156    .text.HAL_TIM_Base_Init  stm32f4xx_hal_tim.o
    0x08008454   0x08008454   0x000001d8   Code   RO          130    .text.HAL_TIM_Base_MspInit  tim.o
    0x0800862c   0x0800862c   0x00000184   Code   RO         1348    .text.HAL_TIM_ConfigClockSource  stm32f4xx_hal_tim.o
    0x080087b0   0x080087b0   0x00000130   Code   RO         1270    .text.HAL_TIM_Encoder_Init  stm32f4xx_hal_tim.o
    0x080088e0   0x080088e0   0x0000014e   Code   RO          132    .text.HAL_TIM_Encoder_MspInit  tim.o
    0x08008a2e   0x08008a2e   0x00000002   PAD
    0x08008a30   0x08008a30   0x0000016e   Code   RO          114    .text.HAL_TIM_MspPostInit  tim.o
    0x08008b9e   0x08008b9e   0x00000002   PAD
    0x08008ba0   0x08008ba0   0x00000142   Code   RO         1322    .text.HAL_TIM_PWM_ConfigChannel  stm32f4xx_hal_tim.o
    0x08008ce2   0x08008ce2   0x00000002   PAD
    0x08008ce4   0x08008ce4   0x0000009c   Code   RO         1210    .text.HAL_TIM_PWM_Init  stm32f4xx_hal_tim.o
    0x08008d80   0x08008d80   0x0000003e   Code   RO          134    .text.HAL_TIM_PWM_MspInit  tim.o
    0x08008dbe   0x08008dbe   0x00000002   PAD
    0x08008dc0   0x08008dc0   0x0000009a   Code   RO         1492    .text.HAL_UART_Init  stm32f4xx_hal_uart.o
    0x08008e5a   0x08008e5a   0x00000002   PAD
    0x08008e5c   0x08008e5c   0x00000348   Code   RO          164    .text.HAL_UART_MspInit  usart.o
    0x080091a4   0x080091a4   0x00000160   Code   RO         1793    .text.Handler       xrxtransactiontransferadapter.o
    0x08009304   0x08009304   0x00000008   Code   RO         1917    .text.Handler       ws2812_drawmanagerbase.o
    0x0800930c   0x0800930c   0x000001fe   Code   RO         1975    .text.Handler       terminal_transferadapter.o
    0x0800950a   0x0800950a   0x00000002   PAD
    0x0800950c   0x0800950c   0x0000002e   Code   RO         2060    .text.Handler       serialport_uart_rxadapter.o
    0x0800953a   0x0800953a   0x00000002   PAD
    0x0800953c   0x0800953c   0x00000056   Code   RO         2081    .text.Handler       serialport_uart_txadapter.o
    0x08009592   0x08009592   0x00000002   PAD
    0x08009594   0x08009594   0x00000084   Code   RO         2194    .text.Handler       camera_ov2640_adapterinterface.o
    0x08009618   0x08009618   0x00000040   Code   RO         2388    .text.Handler       cupscontroller_ledadapter.o
    0x08009658   0x08009658   0x00000100   Code   RO         2518    .text.Handler       carousel_dcmotoradapter.o
    0x08009758   0x08009758   0x000000aa   Code   RO         2545    .text.Handler       carousel_sensorsadapter.o
    0x08009802   0x08009802   0x00000002   PAD
    0x08009804   0x08009804   0x00000064   Code   RO         2677    .text.Handler       slider_dcmotoradapter.o
    0x08009868   0x08009868   0x000000f6   Code   RO         2698    .text.Handler       slider_sensorsadapter.o
    0x0800995e   0x0800995e   0x00000002   PAD
    0x08009960   0x08009960   0x00000064   Code   RO         2862    .text.Handler       brewgroup_dcmotoradapter.o
    0x080099c4   0x080099c4   0x00000008   Code   RO         2883    .text.Handler       brewgroup_thermostatadapter.o
    0x080099cc   0x080099cc   0x00000008   Code   RO         2903    .text.Handler       brewgroup_waterpumpadapter.o
    0x080099d4   0x080099d4   0x000000f8   Code   RO         2923    .text.Handler       brewgroup_sensorsadapter.o
    0x08009acc   0x08009acc   0x00000004   Code   RO          183    .text.HardFault_Handler  stm32f4xx_it.o
    0x08009ad0   0x08009ad0   0x00000064   Code   RO         1019    .text.I2C_IsAcknowledgeFailed  stm32f4xx_hal_i2c.o
    0x08009b34   0x08009b34   0x000001e2   Code   RO          915    .text.I2C_RequestMemoryRead  stm32f4xx_hal_i2c.o
    0x08009d16   0x08009d16   0x00000002   PAD
    0x08009d18   0x08009d18   0x0000013a   Code   RO          911    .text.I2C_RequestMemoryWrite  stm32f4xx_hal_i2c.o
    0x08009e52   0x08009e52   0x00000002   PAD
    0x08009e54   0x08009e54   0x00000096   Code   RO          875    .text.I2C_WaitOnBTFFlagUntilTimeout  stm32f4xx_hal_i2c.o
    0x08009eea   0x08009eea   0x00000002   PAD
    0x08009eec   0x08009eec   0x000000be   Code   RO          869    .text.I2C_WaitOnFlagUntilTimeout  stm32f4xx_hal_i2c.o
    0x08009faa   0x08009faa   0x00000002   PAD
    0x08009fac   0x08009fac   0x00000110   Code   RO         1017    .text.I2C_WaitOnMasterAddressFlagUntilTimeout  stm32f4xx_hal_i2c.o
    0x0800a0bc   0x0800a0bc   0x000000c6   Code   RO          881    .text.I2C_WaitOnRXNEFlagUntilTimeout  stm32f4xx_hal_i2c.o
    0x0800a182   0x0800a182   0x00000002   PAD
    0x0800a184   0x0800a184   0x00000094   Code   RO          873    .text.I2C_WaitOnTXEFlagUntilTimeout  stm32f4xx_hal_i2c.o
    0x0800a218   0x0800a218   0x0000007a   Code   RO           33    .text.MX_ADC1_Init  adc.o
    0x0800a292   0x0800a292   0x00000002   PAD
    0x0800a294   0x0800a294   0x00000024   Code   RO           47    .text.MX_CRC_Init   crc.o
    0x0800a2b8   0x0800a2b8   0x0000003c   Code   RO           61    .text.MX_DCMI_Init  dcmi.o
    0x0800a2f4   0x0800a2f4   0x000000ce   Code   RO           76    .text.MX_DMA_Init   dma.o
    0x0800a3c2   0x0800a3c2   0x00000002   PAD
    0x0800a3c4   0x0800a3c4   0x000002d8   Code   RO           25    .text.MX_GPIO_Init  gpio.o
    0x0800a69c   0x0800a69c   0x00000078   Code   RO           84    .text.MX_I2C1_Init  i2c.o
    0x0800a714   0x0800a714   0x0000004e   Code   RO           98    .text.MX_SPI4_Init  spi.o
    0x0800a762   0x0800a762   0x00000002   PAD
    0x0800a764   0x0800a764   0x00000150   Code   RO          112    .text.MX_TIM1_Init  tim.o
    0x0800a8b4   0x0800a8b4   0x00000078   Code   RO          116    .text.MX_TIM2_Init  tim.o
    0x0800a92c   0x0800a92c   0x0000007c   Code   RO          118    .text.MX_TIM3_Init  tim.o
    0x0800a9a8   0x0800a9a8   0x00000126   Code   RO          120    .text.MX_TIM4_Init  tim.o
    0x0800aace   0x0800aace   0x00000002   PAD
    0x0800aad0   0x0800aad0   0x000000f4   Code   RO          122    .text.MX_TIM5_Init  tim.o
    0x0800abc4   0x0800abc4   0x0000005e   Code   RO          124    .text.MX_TIM7_Init  tim.o
    0x0800ac22   0x0800ac22   0x00000002   PAD
    0x0800ac24   0x0800ac24   0x0000008e   Code   RO          126    .text.MX_TIM8_Init  tim.o
    0x0800acb2   0x0800acb2   0x00000002   PAD
    0x0800acb4   0x0800acb4   0x00000094   Code   RO          128    .text.MX_TIM9_Init  tim.o
    0x0800ad48   0x0800ad48   0x00000040   Code   RO          158    .text.MX_UART4_Init  usart.o
    0x0800ad88   0x0800ad88   0x00000040   Code   RO          160    .text.MX_UART8_Init  usart.o
    0x0800adc8   0x0800adc8   0x00000044   Code   RO          162    .text.MX_USART3_UART_Init  usart.o
    0x0800ae0c   0x0800ae0c   0x0000006c   Code   RO          627    .text.NVIC_EncodePriority  stm32f4xx_hal_cortex.o
    0x0800ae78   0x0800ae78   0x0000005e   Code   RO         2178    .text.OV2640_ActionGetValue  camera_ov2640_adapter.o
    0x0800aed6   0x0800aed6   0x00000002   PAD
    0x0800aed8   0x0800aed8   0x0000008e   Code   RO         2180    .text.OV2640_ActionSetValue  camera_ov2640_adapter.o
    0x0800af66   0x0800af66   0x00000002   PAD
    0x0800af68   0x0800af68   0x0000002e   Code   RO         2192    .text.OV2640_AdapterInterfaceInit  camera_ov2640_adapterinterface.o
    0x0800af96   0x0800af96   0x00000002   PAD
    0x0800af98   0x0800af98   0x0000003e   Code   RO         1816    .text.OV2640_Delay  ov2640_driver.o
    0x0800afd6   0x0800afd6   0x00000002   PAD
    0x0800afd8   0x0800afd8   0x00000054   Code   RO         1810    .text.OV2640_DriverI2C_Read  ov2640_driver.o
    0x0800b02c   0x0800b02c   0x0000005a   Code   RO         1808    .text.OV2640_DriverI2C_Write  ov2640_driver.o
    0x0800b086   0x0800b086   0x00000002   PAD
    0x0800b088   0x0800b088   0x0000010e   Code   RO         1844    .text.OV2640_DriverInit  ov2640_driver.o
    0x0800b196   0x0800b196   0x00000002   PAD
    0x0800b198   0x0800b198   0x0000006c   Code   RO         1818    .text.OV2640_DriverReset  ov2640_driver.o
    0x0800b204   0x0800b204   0x000000b0   Code   RO         1830    .text.OV2640_DriverSetBrightness  ov2640_driver.o
    0x0800b2b4   0x0800b2b4   0x0000007a   Code   RO         1822    .text.OV2640_DriverSetConfiguration  ov2640_driver.o
    0x0800b32e   0x0800b32e   0x00000002   PAD
    0x0800b330   0x0800b330   0x000000b0   Code   RO         1828    .text.OV2640_DriverSetContrast  ov2640_driver.o
    0x0800b3e0   0x0800b3e0   0x0000004a   Code   RO         1840    .text.OV2640_DriverSetGain  ov2640_driver.o
    0x0800b42a   0x0800b42a   0x00000002   PAD
    0x0800b42c   0x0800b42c   0x000000b0   Code   RO         1834    .text.OV2640_DriverSetLightMode  ov2640_driver.o
    0x0800b4dc   0x0800b4dc   0x000000c2   Code   RO         1842    .text.OV2640_DriverSetOptions  ov2640_driver.o
    0x0800b59e   0x0800b59e   0x00000002   PAD
    0x0800b5a0   0x0800b5a0   0x00000078   Code   RO         1824    .text.OV2640_DriverSetOutputFormat  ov2640_driver.o
    0x0800b618   0x0800b618   0x00000040   Code   RO         1838    .text.OV2640_DriverSetQuantization  ov2640_driver.o
    0x0800b658   0x0800b658   0x000000c2   Code   RO         1826    .text.OV2640_DriverSetResolution  ov2640_driver.o
    0x0800b71a   0x0800b71a   0x00000002   PAD
    0x0800b71c   0x0800b71c   0x000000b0   Code   RO         1832    .text.OV2640_DriverSetSaturation  ov2640_driver.o
    0x0800b7cc   0x0800b7cc   0x000000e8   Code   RO         1836    .text.OV2640_DriverSetSpecialEffect  ov2640_driver.o
    0x0800b8b4   0x0800b8b4   0x00000008   Code   RO         2174    .text.OV2640_Handler  camera_ov2640_adapter.o
    0x0800b8bc   0x0800b8bc   0x000000c2   Code   RO         2176    .text.OV2640_RequestListener  camera_ov2640_adapter.o
    0x0800b97e   0x0800b97e   0x00000002   PAD
    0x0800b980   0x0800b980   0x0000003e   Code   RO         1814    .text.OV2640_SetHardwareResetState  ov2640_driver.o
    0x0800b9be   0x0800b9be   0x00000002   PAD
    0x0800b9c0   0x0800b9c0   0x0000003e   Code   RO         1812    .text.OV2640_SetPowerDownState  ov2640_driver.o
    0x0800b9fe   0x0800b9fe   0x00000002   PAD
    0x0800ba00   0x0800ba00   0x00000038   Code   RO         1991    .text.RequestGetFirmware  terminal_rxrequests.o
    0x0800ba38   0x0800ba38   0x00000012   Code   RO         1795    .text.RequestListener  xrxtransactiontransferadapter.o
    0x0800ba4a   0x0800ba4a   0x00000002   PAD
    0x0800ba4c   0x0800ba4c   0x00000012   Code   RO         1921    .text.RequestListener  ws2812_drawmanagerbase.o
    0x0800ba5e   0x0800ba5e   0x00000002   PAD
    0x0800ba60   0x0800ba60   0x00000012   Code   RO         1977    .text.RequestListener  terminal_transferadapter.o
    0x0800ba72   0x0800ba72   0x00000002   PAD
    0x0800ba74   0x0800ba74   0x0000006a   Code   RO         2064    .text.RequestListener  serialport_uart_rxadapter.o
    0x0800bade   0x0800bade   0x00000002   PAD
    0x0800bae0   0x0800bae0   0x0000007c   Code   RO         2085    .text.RequestListener  serialport_uart_txadapter.o
    0x0800bb5c   0x0800bb5c   0x00000038   Code   RO         2137    .text.RequestListener  camera_ov2640_component.o
    0x0800bb94   0x0800bb94   0x00000072   Code   RO         2198    .text.RequestListener  camera_ov2640_adapterinterface.o
    0x0800bc06   0x0800bc06   0x00000002   PAD
    0x0800bc08   0x0800bc08   0x00000074   Code   RO         2315    .text.RequestListener  cupscontroller_drawmanager.o
    0x0800bc7c   0x0800bc7c   0x00000038   Code   RO         2392    .text.RequestListener  cupscontroller_ledadapter.o
    0x0800bcb4   0x0800bcb4   0x000000a0   Code   RO         2522    .text.RequestListener  carousel_dcmotoradapter.o
    0x0800bd54   0x0800bd54   0x00000038   Code   RO         2547    .text.RequestListener  carousel_sensorsadapter.o
    0x0800bd8c   0x0800bd8c   0x000000a8   Code   RO         2681    .text.RequestListener  slider_dcmotoradapter.o
    0x0800be34   0x0800be34   0x00000038   Code   RO         2700    .text.RequestListener  slider_sensorsadapter.o
    0x0800be6c   0x0800be6c   0x000000a8   Code   RO         2866    .text.RequestListener  brewgroup_dcmotoradapter.o
    0x0800bf14   0x0800bf14   0x00000012   Code   RO         2887    .text.RequestListener  brewgroup_thermostatadapter.o
    0x0800bf26   0x0800bf26   0x00000002   PAD
    0x0800bf28   0x0800bf28   0x00000012   Code   RO         2907    .text.RequestListener  brewgroup_waterpumpadapter.o
    0x0800bf3a   0x0800bf3a   0x00000002   PAD
    0x0800bf3c   0x0800bf3c   0x00000038   Code   RO         2925    .text.RequestListener  brewgroup_sensorsadapter.o
    0x0800bf74   0x0800bf74   0x00000142   Code   RO         1993    .text.RequestsReceiver  terminal_rxrequests.o
    0x0800c0b6   0x0800c0b6   0x00000002   PAD
    0x0800c0b8   0x0800c0b8   0x00000054   Code   RO         2058    .text.RxReceiverEventListener  serialport_uart_rxadapter.o
    0x0800c10c   0x0800c10c   0x0000001a   Code   RO         2019    .text.SerialPortHandler  serialport.o
    0x0800c126   0x0800c126   0x00000002   PAD
    0x0800c128   0x0800c128   0x0000004e   Code   RO         2021    .text.SerialPortInit  serialport.o
    0x0800c176   0x0800c176   0x00000002   PAD
    0x0800c178   0x0800c178   0x0000008e   Code   RO         2031    .text.SerialPortUARTComponentInit  serialport_uart_component.o
    0x0800c206   0x0800c206   0x00000002   PAD
    0x0800c208   0x0800c208   0x00000074   Code   RO         2048    .text.SerialPortUART_AdapterInit  serialport_uart_adapter.o
    0x0800c27c   0x0800c27c   0x000000b8   Code   RO         2056    .text.SerialPortUART_RxAdapterInit  serialport_uart_rxadapter.o
    0x0800c334   0x0800c334   0x00000062   Code   RO         2079    .text.SerialPortUART_TxAdapterInit  serialport_uart_txadapter.o
    0x0800c396   0x0800c396   0x00000002   PAD
    0x0800c398   0x0800c398   0x0000002c   Code   RO         2578    .text.SetCalibration  carousel_rxtransactions.o
    0x0800c3c4   0x0800c3c4   0x00000050   Code   RO         2419    .text.SetColor      cupscontroller_rxtransactions.o
    0x0800c414   0x0800c414   0x0000003a   Code   RO         2576    .text.SetOptions    carousel_rxtransactions.o
    0x0800c44e   0x0800c44e   0x00000002   PAD
    0x0800c450   0x0800c450   0x0000003a   Code   RO         2721    .text.SetOptions    slider_rxtransactions.o
    0x0800c48a   0x0800c48a   0x00000002   PAD
    0x0800c48c   0x0800c48c   0x00000038   Code   RO         2580    .text.SetPod        carousel_rxtransactions.o
    0x0800c4c4   0x0800c4c4   0x00000044   Code   RO         2574    .text.SetPosition   carousel_rxtransactions.o
    0x0800c508   0x0800c508   0x00000028   Code   RO         2421    .text.SetTemplateById  cupscontroller_rxtransactions.o
    0x0800c530   0x0800c530   0x00000010   Code   RO         1925    .text.SetValue      ws2812_drawmanagerbase.o
    0x0800c540   0x0800c540   0x00000010   Code   RO         2068    .text.SetValue      serialport_uart_rxadapter.o
    0x0800c550   0x0800c550   0x00000016   Code   RO         2089    .text.SetValue      serialport_uart_txadapter.o
    0x0800c566   0x0800c566   0x00000002   PAD
    0x0800c568   0x0800c568   0x000000e2   Code   RO         2202    .text.SetValue      camera_ov2640_adapterinterface.o
    0x0800c64a   0x0800c64a   0x00000002   PAD
    0x0800c64c   0x0800c64c   0x00000012   Code   RO         2396    .text.SetValue      cupscontroller_ledadapter.o
    0x0800c65e   0x0800c65e   0x00000002   PAD
    0x0800c660   0x0800c660   0x0000003c   Code   RO         2526    .text.SetValue      carousel_dcmotoradapter.o
    0x0800c69c   0x0800c69c   0x00000010   Code   RO         2891    .text.SetValue      brewgroup_thermostatadapter.o
    0x0800c6ac   0x0800c6ac   0x00000010   Code   RO         2911    .text.SetValue      brewgroup_waterpumpadapter.o
    0x0800c6bc   0x0800c6bc   0x00000036   Code   RO         2619    .text.SliderClose   slider.o
    0x0800c6f2   0x0800c6f2   0x00000002   PAD
    0x0800c6f4   0x0800c6f4   0x00000040   Code   RO         2596    .text.SliderComponentInit  slider_component.o
    0x0800c734   0x0800c734   0x000000d4   Code   RO         2675    .text.SliderDCMotorAdapterInit  slider_dcmotoradapter.o
    0x0800c808   0x0800c808   0x0000009e   Code   RO         2623    .text.SliderDropPod  slider.o
    0x0800c8a6   0x0800c8a6   0x00000002   PAD
    0x0800c8a8   0x0800c8a8   0x000001a0   Code   RO         2611    .text.SliderHandler  slider.o
    0x0800ca48   0x0800ca48   0x0000006e   Code   RO         2625    .text.SliderInit    slider.o
    0x0800cab6   0x0800cab6   0x00000002   PAD
    0x0800cab8   0x0800cab8   0x00000104   Code   RO         2639    .text.SliderMotorBaseSetPosition  slider_motorbase.o
    0x0800cbbc   0x0800cbbc   0x00000028   Code   RO         2637    .text.SliderMotorDisable  slider_motorbase.o
    0x0800cbe4   0x0800cbe4   0x000001c8   Code   RO         2641    .text.SliderMotorHandler  slider_motorbase.o
    0x0800cdac   0x0800cdac   0x00000090   Code   RO         2683    .text.SliderMotorSetPosition  slider_dcmotoradapter.o
    0x0800ce3c   0x0800ce3c   0x00000026   Code   RO         2621    .text.SliderOpen    slider.o
    0x0800ce62   0x0800ce62   0x00000002   PAD
    0x0800ce64   0x0800ce64   0x00000058   Code   RO         2696    .text.SliderSensorsAdapterInit  slider_sensorsadapter.o
    0x0800cebc   0x0800cebc   0x00000010   Code   RO         2659    .text.SliderSensorsHandler  slider_sensorsbase.o
    0x0800cecc   0x0800cecc   0x00000056   Code   RO         2615    .text.SliderSetOptions  slider.o
    0x0800cf22   0x0800cf22   0x00000002   PAD
    0x0800cf24   0x0800cf24   0x0000008c   Code   RO         2613    .text.SliderSetPosition  slider.o
    0x0800cfb0   0x0800cfb0   0x0000006a   Code   RO         2617    .text.SliderStop    slider.o
    0x0800d01a   0x0800d01a   0x00000002   PAD
    0x0800d01c   0x0800d01c   0x00000088   Code   RO         2204    .text.Snapshot      camera_ov2640_adapterinterface.o
    0x0800d0a4   0x0800d0a4   0x00000094   Code   RO         2398    .text.StartTransmite  cupscontroller_ledadapter.o
    0x0800d138   0x0800d138   0x00000052   Code   RO          643    .text.SysTick_Config  stm32f4xx_hal_cortex.o
    0x0800d18a   0x0800d18a   0x00000002   PAD
    0x0800d18c   0x0800d18c   0x0000000c   Code   RO          185    .text.SysTick_Handler  stm32f4xx_it.o
    0x0800d198   0x0800d198   0x000000b8   Code   RO           13    .text.SystemClock_Config  main.o
    0x0800d250   0x0800d250   0x00000012   Code   RO         1621    .text.SystemInit    system_stm32f4xx.o
    0x0800d262   0x0800d262   0x00000002   PAD
    0x0800d264   0x0800d264   0x0000002c   Code   RO          199    .text.TIM7_IRQHandler  stm32f4xx_it.o
    0x0800d290   0x0800d290   0x0000019a   Code   RO         1160    .text.TIM_Base_SetConfig  stm32f4xx_hal_tim.o
    0x0800d42a   0x0800d42a   0x00000002   PAD
    0x0800d42c   0x0800d42c   0x00000034   Code   RO         1346    .text.TIM_ETR_SetConfig  stm32f4xx_hal_tim.o
    0x0800d460   0x0800d460   0x0000002a   Code   RO         1352    .text.TIM_ITRx_SetConfig  stm32f4xx_hal_tim.o
    0x0800d48a   0x0800d48a   0x00000002   PAD
    0x0800d48c   0x0800d48c   0x000000ea   Code   RO         1304    .text.TIM_OC1_SetConfig  stm32f4xx_hal_tim.o
    0x0800d576   0x0800d576   0x00000002   PAD
    0x0800d578   0x0800d578   0x000000f4   Code   RO         1306    .text.TIM_OC2_SetConfig  stm32f4xx_hal_tim.o
    0x0800d66c   0x0800d66c   0x000000f2   Code   RO         1308    .text.TIM_OC3_SetConfig  stm32f4xx_hal_tim.o
    0x0800d75e   0x0800d75e   0x00000002   PAD
    0x0800d760   0x0800d760   0x000000a4   Code   RO         1310    .text.TIM_OC4_SetConfig  stm32f4xx_hal_tim.o
    0x0800d804   0x0800d804   0x00000050   Code   RO         1350    .text.TIM_TI1_ConfigInputStage  stm32f4xx_hal_tim.o
    0x0800d854   0x0800d854   0x00000052   Code   RO         1354    .text.TIM_TI2_ConfigInputStage  stm32f4xx_hal_tim.o
    0x0800d8a6   0x0800d8a6   0x00000002   PAD
    0x0800d8a8   0x0800d8a8   0x0000019c   Code   RO         1945    .text.TerminalHandler  terminal.o
    0x0800da44   0x0800da44   0x000000a0   Code   RO         1947    .text.TerminalInit  terminal.o
    0x0800dae4   0x0800dae4   0x00000118   Code   RO         1943    .text.TerminalTimerUpdateEvent  terminal.o
    0x0800dbfc   0x0800dbfc   0x0000003c   Code   RO         1973    .text.TerminalTransferAdapterInit  terminal_transferadapter.o
    0x0800dc38   0x0800dc38   0x0000001e   Code   RO         2005    .text.TransactionGetTime  terminal_rxtransactions.o
    0x0800dc56   0x0800dc56   0x00000002   PAD
    0x0800dc58   0x0800dc58   0x00000044   Code   RO         2009    .text.TransactionSetTime  terminal_rxtransactions.o
    0x0800dc9c   0x0800dc9c   0x0000003c   Code   RO         2007    .text.TransactionTryResetTime  terminal_rxtransactions.o
    0x0800dcd8   0x0800dcd8   0x00000036   Code   RO         2586    .text.TryCalibrate  carousel_rxtransactions.o
    0x0800dd0e   0x0800dd0e   0x00000002   PAD
    0x0800dd10   0x0800dd10   0x00000036   Code   RO         2725    .text.TryClose      slider_rxtransactions.o
    0x0800dd46   0x0800dd46   0x00000002   PAD
    0x0800dd48   0x0800dd48   0x00000036   Code   RO         2731    .text.TryDropPod    slider_rxtransactions.o
    0x0800dd7e   0x0800dd7e   0x00000002   PAD
    0x0800dd80   0x0800dd80   0x00000036   Code   RO         2723    .text.TryOpen       slider_rxtransactions.o
    0x0800ddb6   0x0800ddb6   0x00000002   PAD
    0x0800ddb8   0x0800ddb8   0x0000004e   Code   RO         2582    .text.TryResetPosition  carousel_rxtransactions.o
    0x0800de06   0x0800de06   0x00000002   PAD
    0x0800de08   0x0800de08   0x0000003a   Code   RO         2727    .text.TrySetPosition  slider_rxtransactions.o
    0x0800de42   0x0800de42   0x00000002   PAD
    0x0800de44   0x0800de44   0x00000040   Code   RO         2584    .text.TryStop       carousel_rxtransactions.o
    0x0800de84   0x0800de84   0x00000030   Code   RO         2729    .text.TryStop       slider_rxtransactions.o
    0x0800deb4   0x0800deb4   0x0000013a   Code   RO         1496    .text.UART_SetConfig  stm32f4xx_hal_uart.o
    0x0800dfee   0x0800dfee   0x00000002   PAD
    0x0800dff0   0x0800dff0   0x00000018   Code   RO          197    .text.USART3_IRQHandler  stm32f4xx_it.o
    0x0800e008   0x0800e008   0x00000068   Code   RO         1915    .text.WS2812_DrawManagerBaseInit  ws2812_drawmanagerbase.o
    0x0800e070   0x0800e070   0x0000001e   Code   RO         1927    .text.WS2812_DrawManagerHandler  ws2812_drawmanagerbase.o
    0x0800e08e   0x0800e08e   0x00000002   PAD
    0x0800e090   0x0800e090   0x0000003a   Code   RO         1929    .text.WS2812_DrawingStart  ws2812_drawmanagerbase.o
    0x0800e0ca   0x0800e0ca   0x00000002   PAD
    0x0800e0cc   0x0800e0cc   0x00000026   Code   RO         1931    .text.WS2812_DrawingStop  ws2812_drawmanagerbase.o
    0x0800e0f2   0x0800e0f2   0x00000002   PAD
    0x0800e0f4   0x0800e0f4   0x000000a2   Code   RO         1895    .text.WS2812_FillPixels  ws2812.o
    0x0800e196   0x0800e196   0x00000002   PAD
    0x0800e198   0x0800e198   0x0000004c   Code   RO         1901    .text.WS2812_GetTransmitterStatus  ws2812.o
    0x0800e1e4   0x0800e1e4   0x00000060   Code   RO         1905    .text.WS2812_Init   ws2812.o
    0x0800e244   0x0800e244   0x00000004   PAD
    0x0800e248   0x0800e248   0x00000120   Code   RO         1891    .text.WS2812_PutColorToArray  ws2812.o
    0x0800e368   0x0800e368   0x000000da   Code   RO         1893    .text.WS2812_PutPixelsToArray  ws2812.o
    0x0800e442   0x0800e442   0x00000002   PAD
    0x0800e444   0x0800e444   0x0000002e   Code   RO         1903    .text.WS2812_UpdateLayout  ws2812.o
    0x0800e472   0x0800e472   0x00000002   PAD
    0x0800e474   0x0800e474   0x00000030   Code   RO          631    .text.__NVIC_EnableIRQ  stm32f4xx_hal_cortex.o
    0x0800e4a4   0x0800e4a4   0x00000010   Code   RO          623    .text.__NVIC_GetPriorityGrouping  stm32f4xx_hal_cortex.o
    0x0800e4b4   0x0800e4b4   0x00000042   Code   RO          625    .text.__NVIC_SetPriority  stm32f4xx_hal_cortex.o
    0x0800e4f6   0x0800e4f6   0x00000002   PAD
    0x0800e4f8   0x0800e4f8   0x0000003c   Code   RO          619    .text.__NVIC_SetPriorityGrouping  stm32f4xx_hal_cortex.o
    0x0800e534   0x0800e534   0x00000084   Code   RO           11    .text.main          main.o
    0x0800e5b8   0x0800e5b8   0x00000064   Code   RO         1635    .text.xCircleBufferAdd  xcirclebuffer.o
    0x0800e61c   0x0800e61c   0x0000002a   Code   RO         1637    .text.xCircleBufferGet  xcirclebuffer.o
    0x0800e646   0x0800e646   0x00000002   PAD
    0x0800e648   0x0800e648   0x00000016   Code   RO         1639    .text.xCircleBufferGetFreeSize  xcirclebuffer.o
    0x0800e65e   0x0800e65e   0x00000002   PAD
    0x0800e660   0x0800e660   0x00000052   Code   RO         1641    .text.xCircleBufferInit  xcirclebuffer.o
    0x0800e6b2   0x0800e6b2   0x00000002   PAD
    0x0800e6b4   0x0800e6b4   0x00000068   Code   RO         1651    .text.xDataBufferAdd  xdatabuffer.o
    0x0800e71c   0x0800e71c   0x00000016   Code   RO         1653    .text.xDataBufferClear  xdatabuffer.o
    0x0800e732   0x0800e732   0x00000002   PAD
    0x0800e734   0x0800e734   0x00000042   Code   RO         1671    .text.xMemoryCheckLincs  xmemory.o
    0x0800e776   0x0800e776   0x00000002   PAD
    0x0800e778   0x0800e778   0x00000032   Code   RO         1665    .text.xMemoryCopy   xmemory.o
    0x0800e7aa   0x0800e7aa   0x00000002   PAD
    0x0800e7ac   0x0800e7ac   0x00000024   Code   RO         1684    .text.xRxDeclareRequest  xrx.o
    0x0800e7d0   0x0800e7d0   0x0000001a   Code   RO         1688    .text.xRxGetValue   xrx.o
    0x0800e7ea   0x0800e7ea   0x00000002   PAD
    0x0800e7ec   0x0800e7ec   0x00000012   Code   RO         1680    .text.xRxHandler    xrx.o
    0x0800e7fe   0x0800e7fe   0x00000002   PAD
    0x0800e800   0x0800e800   0x0000005c   Code   RO         1696    .text.xRxInit       xrx.o
    0x0800e85c   0x0800e85c   0x0000001e   Code   RO         1692    .text.xRxPutInResponseBuffer  xrx.o
    0x0800e87a   0x0800e87a   0x00000002   PAD
    0x0800e87c   0x0800e87c   0x00000056   Code   RO         1710    .text.xRxReceiverInit  xrxreceiver.o
    0x0800e8d2   0x0800e8d2   0x00000002   PAD
    0x0800e8d4   0x0800e8d4   0x00000092   Code   RO         1708    .text.xRxReceiverRead  xrxreceiver.o
    0x0800e966   0x0800e966   0x00000002   PAD
    0x0800e968   0x0800e968   0x000000dc   Code   RO         1720    .text.xRxRequestIdentify  xrxrequest.o
    0x0800ea44   0x0800ea44   0x0000003e   Code   RO         1722    .text.xRxRequestManagerInit  xrxrequest.o
    0x0800ea82   0x0800ea82   0x00000002   PAD
    0x0800ea84   0x0800ea84   0x00000056   Code   RO         1731    .text.xRxTransactionIdentify  xrxtransaction.o
    0x0800eada   0x0800eada   0x00000002   PAD
    0x0800eadc   0x0800eadc   0x00000114   Code   RO         1735    .text.xRxTransactionRequestReceiver  xrxtransaction.o
    0x0800ebf0   0x0800ebf0   0x0000003c   Code   RO         1791    .text.xRxTransactionTransferAdapterInit  xrxtransactiontransferadapter.o
    0x0800ec2c   0x0800ec2c   0x000000ae   Code   RO         1733    .text.xRxTransactionTransmitEvent  xrxtransaction.o
    0x0800ecda   0x0800ecda   0x00000002   PAD
    0x0800ecdc   0x0800ecdc   0x00000024   Code   RO         1747    .text.xTxDeclareEvent  xtx.o
    0x0800ed00   0x0800ed00   0x00000024   Code   RO         1749    .text.xTxDeclareRequest  xtx.o
    0x0800ed24   0x0800ed24   0x0000001a   Code   RO         1753    .text.xTxGetValue   xtx.o
    0x0800ed3e   0x0800ed3e   0x00000002   PAD
    0x0800ed40   0x0800ed40   0x00000012   Code   RO         1745    .text.xTxHandler    xtx.o
    0x0800ed52   0x0800ed52   0x00000002   PAD
    0x0800ed54   0x0800ed54   0x0000005c   Code   RO         1763    .text.xTxInit       xtx.o
    0x0800edb0   0x0800edb0   0x0000002c   Code   RO         1773    .text.xTxTransferHandler  xtxtransfer.o
    0x0800eddc   0x0800eddc   0x0000005e   Code   RO         1781    .text.xTxTransferInit  xtxtransfer.o
    0x0800ee3a   0x0800ee3a   0x00000002   PAD
    0x0800ee3c   0x0800ee3c   0x0000004c   Code   RO         1777    .text.xTxTransferSetTxLine  xtxtransfer.o
    0x0800ee88   0x0800ee88   0x00000098   Code   RO         1775    .text.xTxTransferStart  xtxtransfer.o
    0x0800ef20   0x0800ef20   0x0000001e   Code   RO         1755    .text.xTxTransmitData  xtx.o
    0x0800ef3e   0x0800ef3e   0x00000002   PAD
    0x0800ef40   0x0800ef40   0x0000002c   Code   RO         1761    .text.xTxTransmitString  xtx.o
    0x0800ef6c   0x0800ef6c   0x0000001c   Code   RO         1757    .text.xTxTransmitWord  xtx.o
    0x0800ef88   0x0800ef88   0x00000062   Code   RO         2966    x$fpl$d2f           fz_wm.l(d2f.o)
    0x0800efea   0x0800efea   0x00000002   PAD
    0x0800efec   0x0800efec   0x00000150   Code   RO         2968    x$fpl$dadd          fz_wm.l(daddsub_clz.o)
    0x0800f13c   0x0800f13c   0x00000018   Code   RO         3033    x$fpl$dcmpinf       fz_wm.l(dcmpi.o)
    0x0800f154   0x0800f154   0x000002b4   Code   RO         2977    x$fpl$ddiv          fz_wm.l(ddiv.o)
    0x0800f408   0x0800f408   0x00000078   Code   RO         3001    x$fpl$deqf          fz_wm.l(deqf.o)
    0x0800f480   0x0800f480   0x0000005e   Code   RO         2980    x$fpl$dfix          fz_wm.l(dfix.o)
    0x0800f4de   0x0800f4de   0x0000002e   Code   RO         2985    x$fpl$dflt          fz_wm.l(dflt_clz.o)
    0x0800f50c   0x0800f50c   0x00000078   Code   RO         3003    x$fpl$dgeqf         fz_wm.l(dgeqf.o)
    0x0800f584   0x0800f584   0x00000078   Code   RO         3005    x$fpl$dleqf         fz_wm.l(dleqf.o)
    0x0800f5fc   0x0800f5fc   0x00000154   Code   RO         2990    x$fpl$dmul          fz_wm.l(dmul.o)
    0x0800f750   0x0800f750   0x0000009c   Code   RO         3007    x$fpl$dnaninf       fz_wm.l(dnaninf.o)
    0x0800f7ec   0x0800f7ec   0x0000000c   Code   RO         3009    x$fpl$dretinf       fz_wm.l(dretinf.o)
    0x0800f7f8   0x0800f7f8   0x000001dc   Code   RO         2970    x$fpl$dsub          fz_wm.l(daddsub_clz.o)
    0x0800f9d4   0x0800f9d4   0x00000056   Code   RO         2992    x$fpl$f2d           fz_wm.l(f2d.o)
    0x0800fa2a   0x0800fa2a   0x00000054   Code   RO         2974    x$fpl$fcmp          fz_wm.l(dcmp.o)
    0x0800fa7e   0x0800fa7e   0x0000008c   Code   RO         3011    x$fpl$fnaninf       fz_wm.l(fnaninf.o)
    0x0800fb0a   0x0800fb0a   0x0000001a   Code   RO         3122    x$fpl$fpinit        fz_wm.l(fpinit.o)
    0x0800fb24   0x0800fb24   0x0000000a   Code   RO         3013    x$fpl$fretinf       fz_wm.l(fretinf.o)
    0x0800fb2e   0x0800fb2e   0x00000000   Code   RO         3015    x$fpl$usenofp       fz_wm.l(usenofp.o)
    0x0800fb2e   0x0800fb2e   0x00000003   Data   RO         2271    .rodata..L__const.CupsControllerComponentInit.color  cupscontroller_component.o
    0x0800fb31   0x0800fb31   0x00000003   PAD
    0x0800fb34   0x0800fb34   0x0000000c   Data   RO         2627    .rodata..L__const.SliderClose.request  slider.o
    0x0800fb40   0x0800fb40   0x0000000c   Data   RO         2628    .rodata..L__const.SliderOpen.request  slider.o
    0x0800fb4c   0x0800fb4c   0x00000010   Data   RO         1626    .rodata.AHBPrescTable  system_stm32f4xx.o
    0x0800fb5c   0x0800fb5c   0x00000008   Data   RO         1627    .rodata.APBPrescTable  system_stm32f4xx.o
    0x0800fb64   0x0800fb64   0x00000020   Data   RO         2936    .rodata.BrewGroupRequests  brewgroup_rxrequests.o
    0x0800fb84   0x0800fb84   0x00000010   Data   RO         2944    .rodata.BrewGroupTransactions  brewgroup_rxtransactions.o
    0x0800fb94   0x0800fb94   0x00000020   Data   RO         2215    .rodata.CameraRequests  camera_requests.o
    0x0800fbb4   0x0800fbb4   0x0000000c   Data   RO         2251    .rodata.CameraTransactionGetSnapshotJPEG.TransferAdapter  camera_transactions.o
    0x0800fbc0   0x0800fbc0   0x00000088   Data   RO         2252    .rodata.CameraTransactions  camera_transactions.o
    0x0800fc48   0x0800fc48   0x00000020   Data   RO         2558    .rodata.CarouselRequests  carousel_rxrequests.o
    0x0800fc68   0x0800fc68   0x00000068   Data   RO         2588    .rodata.CarouselTransactions  carousel_rxtransactions.o
    0x0800fcd0   0x0800fcd0   0x00000020   Data   RO         2409    .rodata.CupsControllerRxRequests  cupscontroller_rxrequests.o
    0x0800fcf0   0x0800fcf0   0x00000028   Data   RO         2423    .rodata.CupsControllerTransactions  cupscontroller_rxtransactions.o
    0x0800fd18   0x0800fd18   0x00000008   Data   RO          543    .rodata.DMA_CalcBaseAndBitshift.flagBitshiftOffset  stm32f4xx_hal_dma.o
    0x0800fd20   0x0800fd20   0x00000018   Data   RO         2269    .rodata.DrawingTemplate1  cupscontroller_component.o
    0x0800fd38   0x0800fd38   0x00000018   Data   RO         2300    .rodata.DrawingTemplate1  cupscontroller.o
    0x0800fd50   0x0800fd50   0x00000018   Data   RO         2270    .rodata.DrawingTemplate2  cupscontroller_component.o
    0x0800fd68   0x0800fd68   0x00000018   Data   RO         2301    .rodata.DrawingTemplate2  cupscontroller.o
    0x0800fd80   0x0800fd80   0x00000002   Data   RO         1982    .rodata.Handler.end  terminal_transferadapter.o
    0x0800fd82   0x0800fd82   0x00000002   PAD
    0x0800fd84   0x0800fd84   0x00000010   Data   RO         1799    .rodata.Interface   xrxtransactiontransferadapter.o
    0x0800fd94   0x0800fd94   0x00000010   Data   RO         1981    .rodata.Interface   terminal_transferadapter.o
    0x0800fda4   0x0800fda4   0x00000008   Data   RO         2268    .rodata.Interface   cupscontroller_component.o
    0x0800fdac   0x0800fdac   0x00000008   Data   RO         2438    .rodata.Interface   carousel_component.o
    0x0800fdb4   0x0800fdb4   0x00000008   Data   RO         2603    .rodata.Interface   slider_component.o
    0x0800fdbc   0x0800fdbc   0x00000008   Data   RO         2750    .rodata.Interface   brewgroup_component.o
    0x0800fdc4   0x0800fdc4   0x0000000c   Data   RO         1862    .rodata.OV2640_BRIGHTNESS_0  ov2640_driver.o
    0x0800fdd0   0x0800fdd0   0x0000000c   Data   RO         1861    .rodata.OV2640_BRIGHTNESS_M1  ov2640_driver.o
    0x0800fddc   0x0800fddc   0x0000000c   Data   RO         1860    .rodata.OV2640_BRIGHTNESS_M2  ov2640_driver.o
    0x0800fde8   0x0800fde8   0x0000000c   Data   RO         1863    .rodata.OV2640_BRIGHTNESS_P1  ov2640_driver.o
    0x0800fdf4   0x0800fdf4   0x0000000c   Data   RO         1864    .rodata.OV2640_BRIGHTNESS_P2  ov2640_driver.o
    0x0800fe00   0x0800fe00   0x00000010   Data   RO         1857    .rodata.OV2640_CONTRAST_0  ov2640_driver.o
    0x0800fe10   0x0800fe10   0x00000010   Data   RO         1856    .rodata.OV2640_CONTRAST_M1  ov2640_driver.o
    0x0800fe20   0x0800fe20   0x00000010   Data   RO         1855    .rodata.OV2640_CONTRAST_M2  ov2640_driver.o
    0x0800fe30   0x0800fe30   0x00000010   Data   RO         1858    .rodata.OV2640_CONTRAST_P1  ov2640_driver.o
    0x0800fe40   0x0800fe40   0x00000010   Data   RO         1859    .rodata.OV2640_CONTRAST_P2  ov2640_driver.o
    0x0800fe50   0x0800fe50   0x00000010   Data   RO         2183    .rodata.OV2640_Interface  camera_ov2640_adapter.o
    0x0800fe60   0x0800fe60   0x0000017c   Data   RO         1846    .rodata.OV2640_JPEG_INIT  ov2640_driver.o
    0x0800ffdc   0x0800ffdc   0x00000010   Data   RO         1848    .rodata.OV2640_JPEG_OUTPUT  ov2640_driver.o
    0x0800ffec   0x0800ffec   0x00000004   Data   RO         1870    .rodata.OV2640_LIGHT_MODE_AUTO  ov2640_driver.o
    0x0800fff0   0x0800fff0   0x0000000a   Data   RO         1872    .rodata.OV2640_LIGHT_MODE_CLOUDY  ov2640_driver.o
    0x0800fffa   0x0800fffa   0x0000000a   Data   RO         1874    .rodata.OV2640_LIGHT_MODE_HOME  ov2640_driver.o
    0x08010004   0x08010004   0x0000000a   Data   RO         1873    .rodata.OV2640_LIGHT_MODE_OFFICE  ov2640_driver.o
    0x0801000e   0x0801000e   0x0000000a   Data   RO         1871    .rodata.OV2640_LIGHT_MODE_SUNNY  ov2640_driver.o
    0x08010018   0x08010018   0x00000009   Data   RO         2184    .rodata.OV2640_Options  camera_ov2640_adapter.o
    0x08010021   0x08010021   0x00000010   Data   RO         1847    .rodata.OV2640_PIXEL_FORMAT_YUV422  ov2640_driver.o
    0x08010031   0x08010031   0x0000004c   Data   RO         1850    .rodata.OV2640_RESOLUTION_1024x768  ov2640_driver.o
    0x0801007d   0x0801007d   0x00000050   Data   RO         1849    .rodata.OV2640_RESOLUTION_1280x960  ov2640_driver.o
    0x080100cd   0x080100cd   0x0000004e   Data   RO         1854    .rodata.OV2640_RESOLUTION_160x120  ov2640_driver.o
    0x0801011b   0x0801011b   0x0000004e   Data   RO         1853    .rodata.OV2640_RESOLUTION_320x240  ov2640_driver.o
    0x08010169   0x08010169   0x00000050   Data   RO         1852    .rodata.OV2640_RESOLUTION_640x480  ov2640_driver.o
    0x080101b9   0x080101b9   0x00000050   Data   RO         1851    .rodata.OV2640_RESOLUTION_800x600  ov2640_driver.o
    0x08010209   0x08010209   0x0000000c   Data   RO         1867    .rodata.OV2640_SATURATION_0  ov2640_driver.o
    0x08010215   0x08010215   0x0000000c   Data   RO         1866    .rodata.OV2640_SATURATION_M1  ov2640_driver.o
    0x08010221   0x08010221   0x0000000c   Data   RO         1865    .rodata.OV2640_SATURATION_M2  ov2640_driver.o
    0x0801022d   0x0801022d   0x0000000c   Data   RO         1868    .rodata.OV2640_SATURATION_P1  ov2640_driver.o
    0x08010239   0x08010239   0x0000000c   Data   RO         1869    .rodata.OV2640_SATURATION_P2  ov2640_driver.o
    0x08010245   0x08010245   0x0000000c   Data   RO         1882    .rodata.OV2640_SPECIAL_EFFECTS_ANTIQUE  ov2640_driver.o
    0x08010251   0x08010251   0x0000000c   Data   RO         1876    .rodata.OV2640_SPECIAL_EFFECTS_BLACK  ov2640_driver.o
    0x0801025d   0x0801025d   0x0000000c   Data   RO         1878    .rodata.OV2640_SPECIAL_EFFECTS_BLACK_NEGATIVE  ov2640_driver.o
    0x08010269   0x08010269   0x0000000c   Data   RO         1879    .rodata.OV2640_SPECIAL_EFFECTS_BLUISH  ov2640_driver.o
    0x08010275   0x08010275   0x0000000c   Data   RO         1880    .rodata.OV2640_SPECIAL_EFFECTS_GREENISH  ov2640_driver.o
    0x08010281   0x08010281   0x0000000c   Data   RO         1877    .rodata.OV2640_SPECIAL_EFFECTS_NEGATIVE  ov2640_driver.o
    0x0801028d   0x0801028d   0x0000000c   Data   RO         1875    .rodata.OV2640_SPECIAL_EFFECTS_NORMAL  ov2640_driver.o
    0x08010299   0x08010299   0x0000000c   Data   RO         1881    .rodata.OV2640_SPECIAL_EFFECTS_REDDISH  ov2640_driver.o
    0x080102a5   0x080102a5   0x00000003   PAD
    0x080102a8   0x080102a8   0x00000020   Data   RO         2711    .rodata.SliderRequests  slider_rxrequests.o
    0x080102c8   0x080102c8   0x00000048   Data   RO         2733    .rodata.SliderTransactions  slider_rxtransactions.o
    0x08010310   0x08010310   0x00000030   Data   RO         1997    .rodata.TerminalRxRequests  terminal_rxrequests.o
    0x08010340   0x08010340   0x00000028   Data   RO         2011    .rodata.TerminalRxTransactions  terminal_rxtransactions.o
    0x08010368   0x08010368   0x00000008   Data   RO         1996    .rodata.TransactionRequestHeader  terminal_rxrequests.o
    0x08010370   0x08010370   0x00000008   Data   RO         2214    .rodata.TransactionRequestHeader  camera_requests.o
    0x08010378   0x08010378   0x00000008   Data   RO         2408    .rodata.TransactionRequestHeader  cupscontroller_rxrequests.o
    0x08010380   0x08010380   0x00000008   Data   RO         2557    .rodata.TransactionRequestHeader  carousel_rxrequests.o
    0x08010388   0x08010388   0x00000008   Data   RO         2710    .rodata.TransactionRequestHeader  slider_rxrequests.o
    0x08010390   0x08010390   0x00000008   Data   RO         2935    .rodata.TransactionRequestHeader  brewgroup_rxrequests.o
    0x08010398   0x08010398   0x00000099   Data   RO         1953    .rodata.TransferData  terminal.o
    0x08010431   0x08010431   0x0000000f   Data   RO         1643    .rodata.str1.1      xcirclebuffer.o
    0x08010440   0x08010440   0x00000005   Data   RO         1698    .rodata.str1.1      xrx.o
    0x08010445   0x08010445   0x0000000d   Data   RO         1712    .rodata.str1.1      xrxreceiver.o
    0x08010452   0x08010452   0x00000005   Data   RO         1765    .rodata.str1.1      xtx.o
    0x08010457   0x08010457   0x0000000d   Data   RO         1783    .rodata.str1.1      xtxtransfer.o
    0x08010464   0x08010464   0x00000009   Data   RO         1883    .rodata.str1.1      ov2640_driver.o
    0x0801046d   0x0801046d   0x00000009   Data   RO         1907    .rodata.str1.1      ws2812.o
    0x08010476   0x08010476   0x00000018   Data   RO         1935    .rodata.str1.1      ws2812_drawmanagerbase.o
    0x0801048e   0x0801048e   0x00000063   Data   RO         1951    .rodata.str1.1      terminal.o
    0x080104f1   0x080104f1   0x0000001f   Data   RO         1995    .rodata.str1.1      terminal_rxrequests.o
    0x08010510   0x08010510   0x0000000c   Data   RO         2023    .rodata.str1.1      serialport.o
    0x0801051c   0x0801051c   0x00000008   Data   RO         2127    .rodata.str1.1      camera.o
    0x08010524   0x08010524   0x00000010   Data   RO         2182    .rodata.str1.1      camera_ov2640_adapter.o
    0x08010534   0x08010534   0x00000027   Data   RO         2299    .rodata.str1.1      cupscontroller.o
    0x0801055b   0x0801055b   0x0000000a   Data   RO         2466    .rodata.str1.1      carousel.o
    0x08010565   0x08010565   0x00000018   Data   RO         2534    .rodata.str1.1      carousel_dcmotoradapter.o
    0x0801057d   0x0801057d   0x00000018   Data   RO         2549    .rodata.str1.1      carousel_sensorsadapter.o
    0x08010595   0x08010595   0x00000008   Data   RO         2629    .rodata.str1.1      slider.o
    0x0801059d   0x0801059d   0x00000016   Data   RO         2687    .rodata.str1.1      slider_dcmotoradapter.o
    0x080105b3   0x080105b3   0x00000016   Data   RO         2702    .rodata.str1.1      slider_sensorsadapter.o
    0x080105c9   0x080105c9   0x0000000b   Data   RO         2774    .rodata.str1.1      brewgroup.o
    0x080105d4   0x080105d4   0x00000019   Data   RO         2872    .rodata.str1.1      brewgroup_dcmotoradapter.o
    0x080105ed   0x080105ed   0x0000001b   Data   RO         2893    .rodata.str1.1      brewgroup_thermostatadapter.o
    0x08010608   0x08010608   0x0000001b   Data   RO         2913    .rodata.str1.1      brewgroup_waterpumpadapter.o
    0x08010623   0x08010623   0x00000019   Data   RO         2927    .rodata.str1.1      brewgroup_sensorsadapter.o
    0x0801063c   0x0801063c   0x00000020   Data   RO         3183    Region$$Table       anon$$obj.o


    Execution Region RW_IRAM2 (Exec base: 0x10000000, Load base: 0x08010790, Size: 0x00000000, Max: 0x00010000, ABSOLUTE)

    **** No section assigned to this execution region ****


    Execution Region RW_IRAM1 (Exec base: 0x20000000, Load base: 0x08010660, Size: 0x00012ca8, Max: 0x00030000, ABSOLUTE, COMPRESSED[0x00000130])

    Exec Addr    Load Addr    Size         Type   Attr      Idx    E Section Name        Object

    0x20000000   COMPRESSED   0x00000058   Data   RW         2035    .data.Adapter       serialport_uart_component.o
    0x20000058   COMPRESSED   0x00000014   Data   RW         2265    .data.AdapterCup12  cupscontroller_component.o
    0x2000006c   COMPRESSED   0x00000014   Data   RW         2267    .data.AdapterCup34  cupscontroller_component.o
    0x20000080   COMPRESSED   0x0000002c   Data   RW         2745    .data.BrewGroupDCMotorAdapter  brewgroup_component.o
    0x200000ac   COMPRESSED   0x0000001c   Data   RW         2748    .data.BrewGroupSensorsAdapter  brewgroup_component.o
    0x200000c8   COMPRESSED   0x00000008   Data   RW         2141    .data.CameraInterface  camera_ov2640_component.o
    0x200000d0   COMPRESSED   0x00000044   Data   RW         2142    .data.CameraOV2640Adapter  camera_ov2640_component.o
    0x20000114   COMPRESSED   0x0000002c   Data   RW         2435    .data.CarouselDCMotorAdapter  carousel_component.o
    0x20000140   COMPRESSED   0x00000014   Data   RW         2436    .data.CarouselSensorsAdapter  carousel_component.o
    0x20000154   COMPRESSED   0x00000010   Data   RW         2318    .data.CupDrawManagerDescription  cupscontroller_drawmanager.o
    0x20000164   COMPRESSED   0x00000014   Data   RW         2317    .data.CupDrawManagerTemplateDescription  cupscontroller_drawmanager.o
    0x20000178   COMPRESSED   0x00000008   Data   RW         2298    .data.DrawingTemplates  cupscontroller.o
    0x20000180   COMPRESSED   0x00000004   Data   RW         2040    .data.Interface     serialport_uart_component.o
    0x20000184   COMPRESSED   0x00000014   Data   RW         2206    .data.Interface     camera_ov2640_adapterinterface.o
    0x20000198   COMPRESSED   0x00000014   Data   RW         2535    .data.Interface     carousel_dcmotoradapter.o
    0x200001ac   COMPRESSED   0x0000000c   Data   RW         2688    .data.Interface     slider_dcmotoradapter.o
    0x200001b8   COMPRESSED   0x0000000c   Data   RW         2873    .data.Interface     brewgroup_dcmotoradapter.o
    0x200001c4   COMPRESSED   0x00000018   Data   RW         1950    .data.ResponseBuffer  terminal.o
    0x200001dc   COMPRESSED   0x0000002c   Data   RW         2600    .data.SliderDCMotorAdapter  slider_component.o
    0x20000208   COMPRESSED   0x0000001c   Data   RW         2601    .data.SliderSensorsAdapter  slider_component.o
    0x20000224   COMPRESSED   0x00000004   Data   RW         1625    .data.SystemCoreClock  system_stm32f4xx.o
    0x20000228   COMPRESSED   0x00000004   Data   RW         1954    .data.Timer7        terminal.o
    0x2000022c   COMPRESSED   0x0000000c   Data   RW         1952    .data.TransferAdapter  terminal.o
    0x20000238   COMPRESSED   0x00000014   Data   RW         2400    .data.driver_interface  cupscontroller_ledadapter.o
    0x2000024c   COMPRESSED   0x00000014   Data   RW         2091    .data.interface     serialport_uart_txadapter.o
    0x20000260   COMPRESSED   0x00000014   Data   RW         2071    .data.rx_interface  serialport_uart_rxadapter.o
    0x20000274   COMPRESSED   0x00000004   Data   RW         2070    .data.rx_receiver_interface  serialport_uart_rxadapter.o
    0x20000278   COMPRESSED   0x00000001   Data   RW          747    .data.uwTickFreq    stm32f4xx_hal.o
    0x20000279   COMPRESSED   0x00000003   PAD
    0x2000027c   COMPRESSED   0x00000004   Data   RW          746    .data.uwTickPrio    stm32f4xx_hal.o
    0x20000280        -       0x00000060   Zero   RW         3050    .bss                c_w.l(libspace.o)
    0x200002e0        -       0x000000b8   Zero   RW         2749    .bss.BrewGroup      brewgroup_component.o
    0x20000398        -       0x00000014   Zero   RW         2746    .bss.BrewGroupTermostatAdapter  brewgroup_component.o
    0x200003ac        -       0x00000010   Zero   RW         2747    .bss.BrewGroupWaterPumpAdapter  brewgroup_component.o
    0x200003bc        -       0x00000070   Zero   RW         2143    .bss.CameraOV2640   camera_ov2640_component.o
    0x2000042c        -       0x00000090   Zero   RW         2437    .bss.Carousel       carousel_component.o
    0x200004bc   COMPRESSED   0x00000004   PAD
    0x200004c0        -       0x00000008   Zero   RW         1955    .bss.Counters       terminal.o
    0x200004c8        -       0x0000030c   Zero   RW         2297    .bss.CupsController  cupscontroller.o
    0x200007d4        -       0x00000044   Zero   RW         2036    .bss.SerialPortUART  serialport_uart_component.o
    0x20000818        -       0x00000068   Zero   RW         2602    .bss.Slider         slider_component.o
    0x20000880        -       0x00000030   Zero   RW         1967    .bss.Terminal       terminal_component.o
    0x200008b0        -       0x00000001   Zero   RW         1957    .bss.TerminalHandler.time_update_template  terminal.o
    0x200008b1   COMPRESSED   0x00000003   PAD
    0x200008b4        -       0x00000034   Zero   RW         1959    .bss.Transfer       terminal.o
    0x200008e8        -       0x00000008   Zero   RW         1956    .bss.WorkTime       terminal.o
    0x200008f0        -       0x0000fffc   Zero   RW         2144    .bss.camera_snapshot_buffer  camera_ov2640_component.o
    0x200108ec        -       0x00000366   Zero   RW         2264    .bss.data_buffer_cups_12  cupscontroller_component.o
    0x20010c52        -       0x00000366   Zero   RW         2266    .bss.data_buffer_cups_34  cupscontroller_component.o
    0x20010fb8        -       0x00000048   Zero   RW           39    .bss.hadc1          adc.o
    0x20011000        -       0x00000008   Zero   RW           53    .bss.hcrc           crc.o
    0x20011008        -       0x00000040   Zero   RW           67    .bss.hdcmi          dcmi.o
    0x20011048        -       0x00000060   Zero   RW           68    .bss.hdma_dcmi      dcmi.o
    0x200110a8        -       0x00000060   Zero   RW          150    .bss.hdma_tim1_up   tim.o
    0x20011108        -       0x00000060   Zero   RW          171    .bss.hdma_uart4_rx  usart.o
    0x20011168        -       0x00000060   Zero   RW          172    .bss.hdma_uart4_tx  usart.o
    0x200111c8        -       0x00000060   Zero   RW          173    .bss.hdma_uart8_rx  usart.o
    0x20011228        -       0x00000060   Zero   RW          174    .bss.hdma_uart8_tx  usart.o
    0x20011288        -       0x00000060   Zero   RW          175    .bss.hdma_usart3_rx  usart.o
    0x200112e8        -       0x00000054   Zero   RW           90    .bss.hi2c1          i2c.o
    0x2001133c        -       0x00000058   Zero   RW          104    .bss.hspi4          spi.o
    0x20011394        -       0x00000048   Zero   RW          142    .bss.htim1          tim.o
    0x200113dc        -       0x00000048   Zero   RW          143    .bss.htim2          tim.o
    0x20011424        -       0x00000048   Zero   RW          144    .bss.htim3          tim.o
    0x2001146c        -       0x00000048   Zero   RW          145    .bss.htim4          tim.o
    0x200114b4        -       0x00000048   Zero   RW          146    .bss.htim5          tim.o
    0x200114fc        -       0x00000048   Zero   RW          147    .bss.htim7          tim.o
    0x20011544        -       0x00000048   Zero   RW          148    .bss.htim8          tim.o
    0x2001158c        -       0x00000048   Zero   RW          149    .bss.htim9          tim.o
    0x200115d4        -       0x00000044   Zero   RW          170    .bss.huart3         usart.o
    0x20011618        -       0x00000044   Zero   RW          168    .bss.huart4         usart.o
    0x2001165c        -       0x00000044   Zero   RW          169    .bss.huart8         usart.o
    0x200116a0        -       0x00000400   Zero   RW         1949    .bss.response_data_buffer_memory  terminal.o
    0x20011aa0        -       0x00000200   Zero   RW         2037    .bss.rx_circle_buf  serialport_uart_component.o
    0x20011ca0        -       0x00000200   Zero   RW         2039    .bss.rx_object_buf  serialport_uart_component.o
    0x20011ea0        -       0x00000400   Zero   RW         2038    .bss.tx_circle_buf  serialport_uart_component.o
    0x200122a0        -       0x00000004   Zero   RW          748    .bss.uwTick         stm32f4xx_hal.o
    0x200122a4   COMPRESSED   0x00000004   PAD
    0x200122a8        -       0x00000500   Zero   RW            2    HEAP                startup_stm32f429xx.o
    0x200127a8        -       0x00000500   Zero   RW            1    STACK               startup_stm32f429xx.o


==============================================================================

Image component sizes


      Code (inc. data)   RO Data    RW Data    ZI Data      Debug   Object Name

       256          0          0          0         72       5006   adc.o
       108          0         11          0          0       7635   brewgroup.o
       108          0          8         72        220      16695   brewgroup_component.o
       680          8         25         12          0      14350   brewgroup_dcmotoradapter.o
       260         12          0          0          0       8073   brewgroup_motorbase.o
         0          0         40          0          0       1614   brewgroup_rxrequests.o
        30          0         16          0          0       9002   brewgroup_rxtransactions.o
       402          0         25          0          0       7682   brewgroup_sensorsadapter.o
       200          0         27          0          0      15748   brewgroup_thermostatadapter.o
       206          0         27          0          0      13429   brewgroup_waterpumpadapter.o
       726          0          8          0          0       9889   camera.o
       616          0         41          0          0      16445   camera_ov2640_adapter.o
       820         20          0         20          0      16626   camera_ov2640_adapterinterface.o
       238          4          0         76      65644      15546   camera_ov2640_component.o
         0          0         40          0          0       1595   camera_requests.o
       802          0        148          0          0      12329   camera_transactions.o
      1884         52         10          0          0      10891   carousel.o
       142          0          8         64        144      15244   carousel_component.o
      1058         16         24         20          0      16009   carousel_dcmotoradapter.o
       632          4          0          0          0       9315   carousel_motorbase.o
         0          0         40          0          0       1609   carousel_rxrequests.o
       638          0        104          0          0      10228   carousel_rxtransactions.o
       314          0         24          0          0       8527   carousel_sensorsadapter.o
        16          0          0          0          0       7683   carousel_sensorsbase.o
        98          0          0          0          8       2635   crc.o
       918          0         87          8        780      10849   cupscontroller.o
       422          0         59         40       1740       3187   cupscontroller_component.o
       592          0          0         36          0       8066   cupscontroller_drawmanager.o
       660          0          0         20          0      14741   cupscontroller_ledadapter.o
         0          0         40          0          0       1641   cupscontroller_rxrequests.o
       264          0         40          0          0       5723   cupscontroller_rxtransactions.o
       666          0          0          0        160       7343   dcmi.o
       206          0          0          0          0       3581   dma.o
       728          0          0          0          0       2578   gpio.o
       264          0          0          0         84       5228   i2c.o
       330          0          0          0          0       3089   main.o
      2442         38       1233          0          0      11310   ov2640_driver.o
       104          0         12          0          0       4395   serialport.o
       116          0          0          0          0       9082   serialport_uart_adapter.o
       214          0          0         92       2116       9567   serialport_uart_component.o
       522          0          0         24          0      10544   serialport_uart_rxadapter.o
       556          0          0         20          0      10241   serialport_uart_txadapter.o
      1108          4         32          0          0       8975   slider.o
       304          6          8         72        104      14921   slider_component.o
       680          8         22         12          0      14721   slider_dcmotoradapter.o
       756         12          0          0          0       8444   slider_motorbase.o
         0          0         40          0          0       1599   slider_rxrequests.o
       410          0         72          0          0       8791   slider_rxtransactions.o
       390          0         22          0          0       8086   slider_sensorsadapter.o
        16          0          0          0          0       7111   slider_sensorsbase.o
       224          0          0          0         88       4989   spi.o
        64         26        428          0       2560        844   startup_stm32f429xx.o
       270          0          0          5          4       7727   stm32f4xx_hal.o
      1130          0          0          0          0      10233   stm32f4xx_hal_adc.o
       482          0          0          0          0       9808   stm32f4xx_hal_cortex.o
        64          0          0          0          0       2885   stm32f4xx_hal_crc.o
      1348          0          0          0          0       7998   stm32f4xx_hal_dcmi.o
       184          0          0          0          0       3649   stm32f4xx_hal_dcmi_ex.o
      2210          8          8          0          0       8641   stm32f4xx_hal_dma.o
      8356          0          0          0          0       5808   stm32f4xx_hal_dma_ex.o
      1052          0          0          0          0       5350   stm32f4xx_hal_gpio.o
      4126          0          0          0          0      37411   stm32f4xx_hal_i2c.o
       238          0          0          0          0       4129   stm32f4xx_hal_i2c_ex.o
        74          0          0          0          0       1560   stm32f4xx_hal_msp.o
      2646          0          0          0          0       7796   stm32f4xx_hal_rcc.o
       256          0          0          0          0      19837   stm32f4xx_hal_spi.o
      2876         14          0          0          0      35925   stm32f4xx_hal_tim.o
       468          0          0          0          0      15429   stm32f4xx_hal_tim_ex.o
       468          0          0          0          0      20287   stm32f4xx_hal_uart.o
       212          0          0          0          0       2168   stm32f4xx_it.o
        18          0         24          4          0       2652   system_stm32f4xx.o
       852          4        252         40       1093      11675   terminal.o
         0          0          0          0         48       4580   terminal_component.o
       378          0         87          0          0       5025   terminal_rxrequests.o
       158          0         40          0          0       4721   terminal_rxtransactions.o
       602          0         18          0          0       5290   terminal_transferadapter.o
      2736          0          0          0        672      12216   tim.o
      1036          0          0          0        684       8041   usart.o
       886         24          9          0          0       6193   ws2812.o
       306          0         24          0          0       3649   ws2812_drawmanagerbase.o
       246          0         15          0          0       1970   xcirclebuffer.o
       126          0          0          0          0       2033   xdatabuffer.o
       116          0          0          0          0       1388   xmemory.o
       202          0          5          0          0       4908   xrx.o
       232          0         13          0          0       5095   xrxreceiver.o
       282          0          0          0          0       4507   xrxrequest.o
       536          0          0          0          0       5487   xrxtransaction.o
       444          0         16          0          0       5141   xrxtransactiontransferadapter.o
       310          0          5          0          0       4037   xtx.o
       366          0         13          0          0       4732   xtxtransfer.o

    ----------------------------------------------------------------------
     59840        260       3290        640      76232     763432   Object Totals
         0          0         32          0          0          0   (incl. Generated)
       358          0          8          3         11          0   (incl. Padding)

    ----------------------------------------------------------------------

      Code (inc. data)   RO Data    RW Data    ZI Data      Debug   Library Member Name

        90          0          0          0          0          0   __dczerorl2.o
         8          0          0          0          0         68   __main.o
         0          0          0          0          0          0   __rtentry.o
        12          0          0          0          0          0   __rtentry2.o
         6          0          0          0          0          0   __rtentry4.o
        52          8          0          0          0          0   __scatter.o
        28          0          0          0          0          0   __scatter_zi.o
        18          0          0          0          0         80   exit.o
         6          0          0          0          0        152   heapauxi.o
         0          0          0          0          0          0   indicate_semi.o
         2          0          0          0          0          0   libinit.o
         6          0          0          0          0          0   libinit2.o
         2          0          0          0          0          0   libshutdown.o
         2          0          0          0          0          0   libshutdown2.o
         8          4          0          0         96         68   libspace.o
       240          0          0          0          0        100   lludivv7m.o
        88          0          0          0          0         76   memcmp.o
        78          0          0          0          0         80   rt_memclr_w.o
       138          0          0          0          0         68   rt_memcpy_v6.o
       100          0          0          0          0         80   rt_memcpy_w.o
         2          0          0          0          0          0   rtexit.o
        10          0          0          0          0          0   rtexit2.o
        62          0          0          0          0         76   strlen.o
        12          4          0          0          0         68   sys_exit.o
        74          0          0          0          0         80   sys_stackheap_outer.o
         2          0          0          0          0         68   use_no_semi.o
        98          4          0          0          0        140   d2f.o
       812         16          0          0          0        392   daddsub_clz.o
        84          0          0          0          0        244   dcmp.o
        24          0          0          0          0        116   dcmpi.o
       692        140          0          0          0        264   ddiv.o
       120          4          0          0          0        140   deqf.o
        94          4          0          0          0        140   dfix.o
        46          0          0          0          0        116   dflt_clz.o
       120          4          0          0          0        140   dgeqf.o
       120          4          0          0          0        140   dleqf.o
       340         12          0          0          0        152   dmul.o
       156          4          0          0          0        140   dnaninf.o
        12          0          0          0          0        116   dretinf.o
        86          4          0          0          0        132   f2d.o
       140          4          0          0          0        132   fnaninf.o
        26          0          0          0          0        116   fpinit.o
        10          0          0          0          0        116   fretinf.o
         0          0          0          0          0          0   usenofp.o

    ----------------------------------------------------------------------
      4034        216          0          0         96       3800   Library Totals
         8          0          0          0          0          0   (incl. Padding)

    ----------------------------------------------------------------------

      Code (inc. data)   RO Data    RW Data    ZI Data      Debug   Library Name

      1046         16          0          0         96       1064   c_w.l
      2980        200          0          0          0       2736   fz_wm.l

    ----------------------------------------------------------------------
      4034        216          0          0         96       3800   Library Totals

    ----------------------------------------------------------------------

==============================================================================


      Code (inc. data)   RO Data    RW Data    ZI Data      Debug   

     63874        476       3290        640      76328     763424   Grand Totals
     63874        476       3290        304      76328     763424   ELF Image Totals (compressed)
     63874        476       3290        304          0          0   ROM Totals

==============================================================================

    Total RO  Size (Code + RO Data)                67164 (  65.59kB)
    Total RW  Size (RW Data + ZI Data)             76968 (  75.16kB)
    Total ROM Size (Code + RO Data + RW Data)      67468 (  65.89kB)

==============================================================================

